book/content/03/data/avocado.csv
Date,Year,Month,Day,Average Price,Total Volume,Type,Region
2015-12-27,2015,12,27,1.33,64237.0,conventional,Albany
2015-12-20,2015,12,20,1.35,54877.0,conventional,Albany
2015-12-13,2015,12,13,0.93,118220.0,conventional,Albany
2015-12-06,2015,12,6,1.08,78992.0,conventional,Albany
2015-11-29,2015,11,29,1.28,51040.0,conventional,Albany
2015-11-22,2015,11,22,1.26,55980.0,conventional,Albany
2015-11-15,2015,11,15,0.99,83454.0,conventional,Albany
2015-11-08,2015,11,8,0.98,109428.0,conventional,Albany
2015-11-01,2015,11,1,1.02,99811.0,conventional,Albany
2015-10-25,2015,10,25,1.07,74339.0,conventional,Albany
2015-10-18,2015,10,18,1.12,84843.0,conventional,Albany
2015-10-11,2015,10,11,1.28,64489.0,conventional,Albany
2015-10-04,2015,10,4,1.31,61007.0,conventional,Albany
2015-09-27,2015,9,27,0.99,106803.0,conventional,Albany
2015-09-20,2015,9,20,1.33,69759.0,conventional,Albany
2015-09-13,2015,9,13,1.28,76111.0,conventional,Albany
2015-09-06,2015,9,6,1.11,99173.0,conventional,Albany
2015-08-30,2015,8,30,1.07,105694.0,conventional,Albany
2015-08-23,2015,8,23,1.34,79992.0,conventional,Albany
2015-08-16,2015,8,16,1.33,80044.0,conventional,Albany
2015-08-09,2015,8,9,1.12,111141.0,conventional,Albany
2015-08-02,2015,8,2,1.45,75133.0,conventional,Albany
2015-07-26,2015,7,26,1.11,106757.0,conventional,Albany
2015-07-19,2015,7,19,1.26,96617.0,conventional,Albany
2015-07-12,2015,7,12,1.05,124055.0,conventional,Albany
2015-07-05,2015,7,5,1.35,109252.0,conventional,Albany
2015-06-28,2015,6,28,1.37,89535.0,conventional,Albany
2015-06-21,2015,6,21,1.27,104849.0,conventional,Albany
2015-06-14,2015,6,14,1.32,89631.0,conventional,Albany
2015-06-07,2015,6,7,1.07,122743.0,conventional,Albany
2015-05-31,2015,5,31,1.23,95124.0,conventional,Albany
2015-05-24,2015,5,24,1.19,101471.0,conventional,Albany
2015-05-17,2015,5,17,1.43,109857.0,conventional,Albany
2015-05-10,2015,5,10,1.26,120428.0,conventional,Albany
2015-05-03,2015,5,3,1.2,59198.0,conventional,Albany
2015-04-26,2015,4,26,1.22,49585.0,conventional,Albany
2015-04-19,2015,4,19,1.19,49065.0,conventional,Albany
2015-04-12,2015,4,12,1.13,48364.0,conventional,Albany
2015-04-05,2015,4,5,1.16,47362.0,conventional,Albany
2015-03-29,2015,3,29,1.02,67799.0,conventional,Albany
2015-03-22,2015,3,22,1.12,46347.0,conventional,Albany
2015-03-15,2015,3,15,1.11,43046.0,conventional,Albany
2015-03-08,2015,3,8,1.07,40507.0,conventional,Albany
2015-03-01,2015,3,1,0.99,55596.0,conventional,Albany
2015-02-22,2015,2,22,1.07,45675.0,conventional,Albany
2015-02-15,2015,2,15,1.06,41568.0,conventional,Albany
2015-02-08,2015,2,8,0.99,51254.0,conventional,Albany
2015-02-01,2015,2,1,0.99,70874.0,conventional,Albany
2015-01-25,2015,1,25,1.06,45148.0,conventional,Albany
2015-01-18,2015,1,18,1.17,44511.0,conventional,Albany
2015-01-11,2015,1,11,1.24,41195.0,conventional,Albany
2015-01-04,2015,1,4,1.22,40873.0,conventional,Albany
2016-12-25,2016,12,25,1.52,73342.0,conventional,Albany
2016-12-18,2016,12,18,1.53,68939.0,conventional,Albany
2016-12-11,2016,12,11,1.49,71778.0,conventional,Albany
2016-12-04,2016,12,4,1.48,113032.0,conventional,Albany
2016-11-27,2016,11,27,1.52,58172.0,conventional,Albany
2016-11-20,2016,11,20,1.56,70090.0,conventional,Albany
2016-11-13,2016,11,13,1.62,63608.0,conventional,Albany
2016-11-06,2016,11,6,1.63,57178.0,conventional,Albany
2016-10-30,2016,10,30,1.46,58375.0,conventional,Albany
2016-10-23,2016,10,23,1.19,92080.0,conventional,Albany
2016-10-16,2016,10,16,1.4,69061.0,conventional,Albany
2016-10-09,2016,10,9,1.13,101088.0,conventional,Albany
2016-10-02,2016,10,2,1.51,75480.0,conventional,Albany
2016-09-25,2016,9,25,1.62,96853.0,conventional,Albany
2016-09-18,2016,9,18,1.39,79514.0,conventional,Albany
2016-09-11,2016,9,11,1.37,81473.0,conventional,Albany
2016-09-04,2016,9,4,1.44,95456.0,conventional,Albany
2016-08-28,2016,8,28,1.18,145323.0,conventional,Albany
2016-08-21,2016,8,21,1.43,94883.0,conventional,Albany
2016-08-14,2016,8,14,1.2,110528.0,conventional,Albany
2016-08-07,2016,8,7,1.48,99683.0,conventional,Albany
2016-07-31,2016,7,31,1.61,125587.0,conventional,Albany
2016-07-24,2016,7,24,1.46,98321.0,conventional,Albany
2016-07-17,2016,7,17,1.31,89228.0,conventional,Albany
2016-07-10,2016,7,10,1.11,131630.0,conventional,Albany
2016-07-03,2016,7,3,1.42,115908.0,conventional,Albany
2016-06-26,2016,6,26,1.5,133087.0,conventional,Albany
2016-06-19,2016,6,19,1.42,112818.0,conventional,Albany
2016-06-12,2016,6,12,1.38,111394.0,conventional,Albany
2016-06-05,2016,6,5,1.47,115857.0,conventional,Albany
2016-05-29,2016,5,29,1.49,127812.0,conventional,Albany
2016-05-22,2016,5,22,1.34,98864.0,conventional,Albany
2016-05-15,2016,5,15,1.36,96924.0,conventional,Albany
2016-05-08,2016,5,8,1.27,120194.0,conventional,Albany
2016-05-01,2016,5,1,1.03,173782.0,conventional,Albany
2016-04-24,2016,4,24,1.18,102490.0,conventional,Albany
2016-04-17,2016,4,17,1.22,86434.0,conventional,Albany
2016-04-10,2016,4,10,1.46,70253.0,conventional,Albany
2016-04-03,2016,4,3,0.85,81694.0,conventional,Albany
2016-03-27,2016,3,27,1.49,92529.0,conventional,Albany
2016-03-20,2016,3,20,1.32,110402.0,conventional,Albany
2016-03-13,2016,3,13,1.18,108265.0,conventional,Albany
2016-03-06,2016,3,6,1.27,90634.0,conventional,Albany
2016-02-28,2016,2,28,1.26,87822.0,conventional,Albany
2016-02-21,2016,2,21,1.28,99817.0,conventional,Albany
2016-02-14,2016,2,14,1.13,98008.0,conventional,Albany
2016-02-07,2016,2,7,1.07,169614.0,conventional,Albany
2016-01-31,2016,1,31,1.16,102038.0,conventional,Albany
2016-01-24,2016,1,24,1.22,96089.0,conventional,Albany
2016-01-17,2016,1,17,1.26,119972.0,conventional,Albany
2016-01-10,2016,1,10,1.28,79122.0,conventional,Albany
2016-01-03,2016,1,3,1.03,149038.0,conventional,Albany
2017-12-31,2017,12,31,1.47,113514.0,conventional,Albany
2017-12-24,2017,12,24,1.45,77039.0,conventional,Albany
2017-12-17,2017,12,17,1.43,70678.0,conventional,Albany
2017-12-10,2017,12,10,1.29,92326.0,conventional,Albany
2017-12-03,2017,12,3,1.39,139970.0,conventional,Albany
2017-11-26,2017,11,26,1.5,62977.0,conventional,Albany
2017-11-19,2017,11,19,1.65,97273.0,conventional,Albany
2017-11-12,2017,11,12,1.26,113586.0,conventional,Albany
2017-11-05,2017,11,5,1.62,71077.0,conventional,Albany
2017-10-29,2017,10,29,1.67,69432.0,conventional,Albany
2017-10-22,2017,10,22,1.56,69704.0,conventional,Albany
2017-10-15,2017,10,15,1.65,73575.0,conventional,Albany
2017-10-08,2017,10,8,1.78,55369.0,conventional,Albany
2017-10-01,2017,10,1,1.69,71205.0,conventional,Albany
2017-09-24,2017,9,24,1.64,68540.0,conventional,Albany
2017-09-17,2017,9,17,1.41,80109.0,conventional,Albany
2017-09-10,2017,9,10,1.78,99646.0,conventional,Albany
2017-09-03,2017,9,3,1.76,74298.0,conventional,Albany
2017-08-27,2017,8,27,1.61,75472.0,conventional,Albany
2017-08-20,2017,8,20,1.61,74620.0,conventional,Albany
2017-08-13,2017,8,13,1.52,133070.0,conventional,Albany
2017-08-06,2017,8,6,1.53,92938.0,conventional,Albany
2017-07-30,2017,7,30,1.61,83600.0,conventional,Albany
2017-07-23,2017,7,23,1.49,84417.0,conventional,Albany
2017-07-16,2017,7,16,1.39,102462.0,conventional,Albany
2017-07-09,2017,7,9,1.52,101331.0,conventional,Albany
2017-07-02,2017,7,2,1.56,98282.0,conventional,Albany
2017-06-25,2017,6,25,1.53,89303.0,conventional,Albany
2017-06-18,2017,6,18,1.58,97079.0,conventional,Albany
2017-06-11,2017,6,11,1.65,91949.0,conventional,Albany
2017-06-04,2017,6,4,1.7,84843.0,conventional,Albany
2017-05-28,2017,5,28,1.8,121869.0,conventional,Albany
2017-05-21,2017,5,21,1.38,100257.0,conventional,Albany
2017-05-14,2017,5,14,1.77,96751.0,conventional,Albany
2017-05-07,2017,5,7,1.47,127193.0,conventional,Albany
2017-04-30,2017,4,30,1.13,124926.0,conventional,Albany
2017-04-23,2017,4,23,1.34,89327.0,conventional,Albany
2017-04-16,2017,4,16,1.62,90487.0,conventional,Albany
2017-04-09,2017,4,9,1.54,105436.0,conventional,Albany
2017-04-02,2017,4,2,1.62,92621.0,conventional,Albany
2017-03-26,2017,3,26,1.16,122952.0,conventional,Albany
2017-03-19,2017,3,19,1.6,92775.0,conventional,Albany
2017-03-12,2017,3,12,1.54,95713.0,conventional,Albany
2017-03-05,2017,3,5,1.18,107354.0,conventional,Albany
2017-02-26,2017,2,26,1.4,88371.0,conventional,Albany
2017-02-19,2017,2,19,1.67,95475.0,conventional,Albany
2017-02-12,2017,2,12,1.42,97216.0,conventional,Albany
2017-02-05,2017,2,5,1.49,183549.0,conventional,Albany
2017-01-29,2017,1,29,1.31,95425.0,conventional,Albany
2017-01-22,2017,1,22,1.59,128679.0,conventional,Albany
2017-01-15,2017,1,15,1.55,88526.0,conventional,Albany
2017-01-08,2017,1,8,1.55,91728.0,conventional,Albany
2017-01-01,2017,1,1,1.47,129948.0,conventional,Albany
2015-12-27,2015,12,27,0.97,62910.0,conventional,Boise
2015-12-20,2015,12,20,1.03,57504.0,conventional,Boise
2015-12-13,2015,12,13,0.99,58461.0,conventional,Boise
2015-12-06,2015,12,6,0.71,95295.0,conventional,Boise
2015-11-29,2015,11,29,1.06,49069.0,conventional,Boise
2015-11-22,2015,11,22,1.09,52876.0,conventional,Boise
2015-11-15,2015,11,15,1.01,68648.0,conventional,Boise
2015-11-08,2015,11,8,1.11,55848.0,conventional,Boise
2015-11-01,2015,11,1,1.14,53586.0,conventional,Boise
2015-10-25,2015,10,25,1.11,59874.0,conventional,Boise
2015-10-18,2015,10,18,1.16,54191.0,conventional,Boise
2015-10-11,2015,10,11,0.94,80904.0,conventional,Boise
2015-10-04,2015,10,4,1.12,59496.0,conventional,Boise
2015-09-27,2015,9,27,0.99,64188.0,conventional,Boise
2015-09-20,2015,9,20,1.03,73953.0,conventional,Boise
2015-09-13,2015,9,13,1.08,64209.0,conventional,Boise
2015-09-06,2015,9,6,1.16,64465.0,conventional,Boise
2015-08-30,2015,8,30,1.19,60100.0,conventional,Boise
2015-08-23,2015,8,23,1.05,70774.0,conventional,Boise
2015-08-16,2015,8,16,1.12,64002.0,conventional,Boise
2015-08-09,2015,8,9,1.1,61287.0,conventional,Boise
2015-08-02,2015,8,2,1.07,67764.0,conventional,Boise
2015-07-26,2015,7,26,1.07,67826.0,conventional,Boise
2015-07-19,2015,7,19,1.09,63958.0,conventional,Boise
2015-07-12,2015,7,12,1.05,74678.0,conventional,Boise
2015-07-05,2015,7,5,1.15,85044.0,conventional,Boise
2015-06-28,2015,6,28,1.04,75280.0,conventional,Boise
2015-06-21,2015,6,21,1.06,81397.0,conventional,Boise
2015-06-14,2015,6,14,0.99,87608.0,conventional,Boise
2015-06-07,2015,6,7,1.12,80751.0,conventional,Boise
2015-05-31,2015,5,31,0.97,76689.0,conventional,Boise
2015-05-24,2015,5,24,1.03,83210.0,conventional,Boise
2015-05-17,2015,5,17,0.96,77988.0,conventional,Boise
2015-05-10,2015,5,10,1.06,95789.0,conventional,Boise
2015-05-03,2015,5,3,1.0,85467.0,conventional,Boise
2015-04-26,2015,4,26,0.96,88111.0,conventional,Boise
2015-04-19,2015,4,19,0.99,89695.0,conventional,Boise
2015-04-12,2015,4,12,1.19,66246.0,conventional,Boise
2015-04-05,2015,4,5,1.09,76704.0,conventional,Boise
2015-03-29,2015,3,29,0.98,74544.0,conventional,Boise
2015-03-22,2015,3,22,1.17,61419.0,conventional,Boise
2015-03-15,2015,3,15,1.0,65918.0,conventional,Boise
2015-03-08,2015,3,8,1.14,65350.0,conventional,Boise
2015-03-01,2015,3,1,1.06,75046.0,conventional,Boise
2015-02-22,2015,2,22,0.99,76836.0,conventional,Boise
2015-02-15,2015,2,15,1.14,61222.0,conventional,Boise
2015-02-08,2015,2,8,1.07,69971.0,conventional,Boise
2015-02-01,2015,2,1,0.91,113578.0,conventional,Boise
2015-01-25,2015,1,25,1.03,66069.0,conventional,Boise
2015-01-18,2015,1,18,1.08,62870.0,conventional,Boise
2015-01-11,2015,1,11,1.18,57356.0,conventional,Boise
2015-01-04,2015,1,4,1.01,80034.0,conventional,Boise
2016-12-25,2016,12,25,1.03,71169.0,conventional,Boise
2016-12-18,2016,12,18,1.02,64422.0,conventional,Boise
2016-12-11,2016,12,11,0.8,98347.0,conventional,Boise
2016-12-04,2016,12,4,1.01,72472.0,conventional,Boise
2016-11-27,2016,11,27,1.22,51941.0,conventional,Boise
2016-11-20,2016,11,20,1.27,62527.0,conventional,Boise
2016-11-13,2016,11,13,1.28,67212.0,conventional,Boise
2016-11-06,2016,11,6,1.37,59587.0,conventional,Boise
2016-10-30,2016,10,30,1.34,59789.0,conventional,Boise
2016-10-23,2016,10,23,1.17,70652.0,conventional,Boise
2016-10-16,2016,10,16,1.09,77805.0,conventional,Boise
2016-10-09,2016,10,9,1.03,84235.0,conventional,Boise
2016-10-02,2016,10,2,0.9,106260.0,conventional,Boise
2016-09-25,2016,9,25,0.91,87557.0,conventional,Boise
2016-09-18,2016,9,18,0.97,82378.0,conventional,Boise
2016-09-11,2016,9,11,0.89,89823.0,conventional,Boise
2016-09-04,2016,9,4,1.01,79683.0,conventional,Boise
2016-08-28,2016,8,28,0.99,78600.0,conventional,Boise
2016-08-21,2016,8,21,0.9,84013.0,conventional,Boise
2016-08-14,2016,8,14,0.93,88787.0,conventional,Boise
2016-08-07,2016,8,7,0.76,70711.0,conventional,Boise
2016-07-31,2016,7,31,0.78,69620.0,conventional,Boise
2016-07-24,2016,7,24,0.74,65580.0,conventional,Boise
2016-07-17,2016,7,17,0.7,69053.0,conventional,Boise
2016-07-10,2016,7,10,0.75,132511.0,conventional,Boise
2016-07-03,2016,7,3,0.77,136378.0,conventional,Boise
2016-06-26,2016,6,26,0.69,127962.0,conventional,Boise
2016-06-19,2016,6,19,0.7,129020.0,conventional,Boise
2016-06-12,2016,6,12,0.67,68722.0,conventional,Boise
2016-06-05,2016,6,5,0.63,95948.0,conventional,Boise
2016-05-29,2016,5,29,0.63,82549.0,conventional,Boise
2016-05-22,2016,5,22,0.65,75997.0,conventional,Boise
2016-05-15,2016,5,15,0.58,95144.0,conventional,Boise
2016-05-08,2016,5,8,0.61,106410.0,conventional,Boise
2016-05-01,2016,5,1,0.63,82586.0,conventional,Boise
2016-04-24,2016,4,24,0.65,79562.0,conventional,Boise
2016-04-17,2016,4,17,0.67,109590.0,conventional,Boise
2016-04-10,2016,4,10,0.82,86898.0,conventional,Boise
2016-04-03,2016,4,3,0.82,97650.0,conventional,Boise
2016-03-27,2016,3,27,0.81,101268.0,conventional,Boise
2016-03-20,2016,3,20,0.94,83081.0,conventional,Boise
2016-03-13,2016,3,13,0.83,100145.0,conventional,Boise
2016-03-06,2016,3,6,0.86,97421.0,conventional,Boise
2016-02-28,2016,2,28,0.89,89982.0,conventional,Boise
2016-02-21,2016,2,21,0.74,93951.0,conventional,Boise
2016-02-14,2016,2,14,0.94,78070.0,conventional,Boise
2016-02-07,2016,2,7,0.82,123715.0,conventional,Boise
2016-01-31,2016,1,31,0.94,83755.0,conventional,Boise
2016-01-24,2016,1,24,0.9,58434.0,conventional,Boise
2016-01-17,2016,1,17,0.92,92385.0,conventional,Boise
2016-01-10,2016,1,10,0.93,89881.0,conventional,Boise
2016-01-03,2016,1,3,0.77,106107.0,conventional,Boise
2017-12-31,2017,12,31,1.13,79647.0,conventional,Boise
2017-12-24,2017,12,24,1.18,71004.0,conventional,Boise
2017-12-17,2017,12,17,1.29,65090.0,conventional,Boise
2017-12-10,2017,12,10,1.08,85496.0,conventional,Boise
2017-12-03,2017,12,3,1.14,86646.0,conventional,Boise
2017-11-26,2017,11,26,1.44,54681.0,conventional,Boise
2017-11-19,2017,11,19,1.42,60602.0,conventional,Boise
2017-11-12,2017,11,12,1.23,81827.0,conventional,Boise
2017-11-05,2017,11,5,1.21,81105.0,conventional,Boise
2017-10-29,2017,10,29,1.44,68521.0,conventional,Boise
2017-10-22,2017,10,22,1.43,83843.0,conventional,Boise
2017-10-15,2017,10,15,1.83,58062.0,conventional,Boise
2017-10-08,2017,10,8,1.89,56087.0,conventional,Boise
2017-10-01,2017,10,1,1.8,58603.0,conventional,Boise
2017-09-24,2017,9,24,1.78,56672.0,conventional,Boise
2017-09-17,2017,9,17,1.73,65336.0,conventional,Boise
2017-09-10,2017,9,10,1.76,66479.0,conventional,Boise
2017-09-03,2017,9,3,1.68,64355.0,conventional,Boise
2017-08-27,2017,8,27,1.3,93804.0,conventional,Boise
2017-08-20,2017,8,20,1.37,88031.0,conventional,Boise
2017-08-13,2017,8,13,1.51,70717.0,conventional,Boise
2017-08-06,2017,8,6,1.54,73710.0,conventional,Boise
2017-07-30,2017,7,30,1.54,72021.0,conventional,Boise
2017-07-23,2017,7,23,1.51,70784.0,conventional,Boise
2017-07-16,2017,7,16,1.49,72245.0,conventional,Boise
2017-07-09,2017,7,9,0.98,125786.0,conventional,Boise
2017-07-02,2017,7,2,1.17,97408.0,conventional,Boise
2017-06-25,2017,6,25,1.2,95071.0,conventional,Boise
2017-06-18,2017,6,18,1.21,92906.0,conventional,Boise
2017-06-11,2017,6,11,1.21,92547.0,conventional,Boise
2017-06-04,2017,6,4,1.19,98460.0,conventional,Boise
2017-05-28,2017,5,28,1.21,100416.0,conventional,Boise
2017-05-21,2017,5,21,1.29,86533.0,conventional,Boise
2017-05-14,2017,5,14,1.2,94466.0,conventional,Boise
2017-05-07,2017,5,7,1.09,121483.0,conventional,Boise
2017-04-30,2017,4,30,1.03,109119.0,conventional,Boise
2017-04-23,2017,4,23,1.14,93656.0,conventional,Boise
2017-04-16,2017,4,16,1.15,99411.0,conventional,Boise
2017-04-09,2017,4,9,1.21,95508.0,conventional,Boise
2017-04-02,2017,4,2,1.2,94905.0,conventional,Boise
2017-03-26,2017,3,26,1.16,95293.0,conventional,Boise
2017-03-19,2017,3,19,1.15,86727.0,conventional,Boise
2017-03-12,2017,3,12,0.98,112776.0,conventional,Boise
2017-03-05,2017,3,5,1.11,93814.0,conventional,Boise
2017-02-26,2017,2,26,0.91,105024.0,conventional,Boise
2017-02-19,2017,2,19,0.94,107722.0,conventional,Boise
2017-02-12,2017,2,12,0.98,97785.0,conventional,Boise
2017-02-05,2017,2,5,0.9,136091.0,conventional,Boise
2017-01-29,2017,1,29,0.93,105133.0,conventional,Boise
2017-01-22,2017,1,22,1.01,88318.0,conventional,Boise
2017-01-15,2017,1,15,1.0,94156.0,conventional,Boise
2017-01-08,2017,1,8,1.02,103788.0,conventional,Boise
2017-01-01,2017,1,1,0.92,104510.0,conventional,Boise
