book/content/03/data/avocado.csv
Date,Year,Month,Day,Average Price,Total Volume,Type,Region
2015-12-27,2015,12,27,1.35,96233.0,conventional,BuffaloRochester
2015-12-20,2015,12,20,1.37,90868.0,conventional,BuffaloRochester
2015-12-13,2015,12,13,1.35,98473.0,conventional,BuffaloRochester
2015-12-06,2015,12,6,1.23,108458.0,conventional,BuffaloRochester
2015-11-29,2015,11,29,1.39,79973.0,conventional,BuffaloRochester
2015-11-22,2015,11,22,1.4,90242.0,conventional,BuffaloRochester
2015-11-15,2015,11,15,1.36,99704.0,conventional,BuffaloRochester
2015-11-08,2015,11,8,1.3,111039.0,conventional,BuffaloRochester
2015-11-01,2015,11,1,1.23,118541.0,conventional,BuffaloRochester
2015-10-25,2015,10,25,1.36,99555.0,conventional,BuffaloRochester
2015-10-18,2015,10,18,1.29,106084.0,conventional,BuffaloRochester
2015-10-11,2015,10,11,1.3,109154.0,conventional,BuffaloRochester
2015-10-04,2015,10,4,1.33,98900.0,conventional,BuffaloRochester
2015-09-27,2015,9,27,1.31,90746.0,conventional,BuffaloRochester
2015-09-20,2015,9,20,1.54,60624.0,conventional,BuffaloRochester
2015-09-13,2015,9,13,1.59,73043.0,conventional,BuffaloRochester
2015-09-06,2015,9,6,1.56,76140.0,conventional,BuffaloRochester
2015-08-30,2015,8,30,1.38,83731.0,conventional,BuffaloRochester
2015-08-23,2015,8,23,1.49,68953.0,conventional,BuffaloRochester
2015-08-16,2015,8,16,1.5,69798.0,conventional,BuffaloRochester
2015-08-09,2015,8,9,1.47,81830.0,conventional,BuffaloRochester
2015-08-02,2015,8,2,1.47,78163.0,conventional,BuffaloRochester
2015-07-26,2015,7,26,1.39,91825.0,conventional,BuffaloRochester
2015-07-19,2015,7,19,1.36,128846.0,conventional,BuffaloRochester
2015-07-12,2015,7,12,1.45,127351.0,conventional,BuffaloRochester
2015-07-05,2015,7,5,1.47,140414.0,conventional,BuffaloRochester
2015-06-28,2015,6,28,1.36,137247.0,conventional,BuffaloRochester
2015-06-21,2015,6,21,1.5,108655.0,conventional,BuffaloRochester
2015-06-14,2015,6,14,1.34,149377.0,conventional,BuffaloRochester
2015-06-07,2015,6,7,1.38,130908.0,conventional,BuffaloRochester
2015-05-31,2015,5,31,1.4,130841.0,conventional,BuffaloRochester
2015-05-24,2015,5,24,1.43,121943.0,conventional,BuffaloRochester
2015-05-17,2015,5,17,1.35,137050.0,conventional,BuffaloRochester
2015-05-10,2015,5,10,1.33,170547.0,conventional,BuffaloRochester
2015-05-03,2015,5,3,1.42,136772.0,conventional,BuffaloRochester
2015-04-26,2015,4,26,1.41,136964.0,conventional,BuffaloRochester
2015-04-19,2015,4,19,1.42,139613.0,conventional,BuffaloRochester
2015-04-12,2015,4,12,1.42,118173.0,conventional,BuffaloRochester
2015-04-05,2015,4,5,1.44,124146.0,conventional,BuffaloRochester
2015-03-29,2015,3,29,1.39,119891.0,conventional,BuffaloRochester
2015-03-22,2015,3,22,1.4,119903.0,conventional,BuffaloRochester
2015-03-15,2015,3,15,1.47,103413.0,conventional,BuffaloRochester
2015-03-08,2015,3,8,1.35,125725.0,conventional,BuffaloRochester
2015-03-01,2015,3,1,1.43,112364.0,conventional,BuffaloRochester
2015-02-22,2015,2,22,1.41,109547.0,conventional,BuffaloRochester
2015-02-15,2015,2,15,1.44,100207.0,conventional,BuffaloRochester
2015-02-08,2015,2,8,1.36,132760.0,conventional,BuffaloRochester
2015-02-01,2015,2,1,1.33,153920.0,conventional,BuffaloRochester
2015-01-25,2015,1,25,1.5,114053.0,conventional,BuffaloRochester
2015-01-18,2015,1,18,1.52,107040.0,conventional,BuffaloRochester
2015-01-11,2015,1,11,1.54,106221.0,conventional,BuffaloRochester
2015-01-04,2015,1,4,1.4,116253.0,conventional,BuffaloRochester
2016-12-25,2016,12,25,1.41,103035.0,conventional,BuffaloRochester
2016-12-18,2016,12,18,1.36,85340.0,conventional,BuffaloRochester
2016-12-11,2016,12,11,1.47,89038.0,conventional,BuffaloRochester
2016-12-04,2016,12,4,1.66,72203.0,conventional,BuffaloRochester
2016-11-27,2016,11,27,1.57,73261.0,conventional,BuffaloRochester
2016-11-20,2016,11,20,1.63,78676.0,conventional,BuffaloRochester
2016-11-13,2016,11,13,1.6,87367.0,conventional,BuffaloRochester
2016-11-06,2016,11,6,1.64,81692.0,conventional,BuffaloRochester
2016-10-30,2016,10,30,1.65,71164.0,conventional,BuffaloRochester
2016-10-23,2016,10,23,1.6,110745.0,conventional,BuffaloRochester
2016-10-16,2016,10,16,1.36,131181.0,conventional,BuffaloRochester
2016-10-09,2016,10,9,1.37,135059.0,conventional,BuffaloRochester
2016-10-02,2016,10,2,1.35,132144.0,conventional,BuffaloRochester
2016-09-25,2016,9,25,1.4,134327.0,conventional,BuffaloRochester
2016-09-18,2016,9,18,1.54,122909.0,conventional,BuffaloRochester
2016-09-11,2016,9,11,1.38,124096.0,conventional,BuffaloRochester
2016-09-04,2016,9,4,1.48,95474.0,conventional,BuffaloRochester
2016-08-28,2016,8,28,1.4,114646.0,conventional,BuffaloRochester
2016-08-21,2016,8,21,1.33,119865.0,conventional,BuffaloRochester
2016-08-14,2016,8,14,1.41,114328.0,conventional,BuffaloRochester
2016-08-07,2016,8,7,1.5,104315.0,conventional,BuffaloRochester
2016-07-31,2016,7,31,1.45,108088.0,conventional,BuffaloRochester
2016-07-24,2016,7,24,1.44,104126.0,conventional,BuffaloRochester
2016-07-17,2016,7,17,1.3,141881.0,conventional,BuffaloRochester
2016-07-10,2016,7,10,1.25,183741.0,conventional,BuffaloRochester
2016-07-03,2016,7,3,1.3,180609.0,conventional,BuffaloRochester
2016-06-26,2016,6,26,1.26,160806.0,conventional,BuffaloRochester
2016-06-19,2016,6,19,1.23,169756.0,conventional,BuffaloRochester
2016-06-12,2016,6,12,1.15,182472.0,conventional,BuffaloRochester
2016-06-05,2016,6,5,1.15,173445.0,conventional,BuffaloRochester
2016-05-29,2016,5,29,1.19,147423.0,conventional,BuffaloRochester
2016-05-22,2016,5,22,1.12,168251.0,conventional,BuffaloRochester
2016-05-15,2016,5,15,1.09,164791.0,conventional,BuffaloRochester
2016-05-08,2016,5,8,1.09,201143.0,conventional,BuffaloRochester
2016-05-01,2016,5,1,1.11,171441.0,conventional,BuffaloRochester
2016-04-24,2016,4,24,1.15,171142.0,conventional,BuffaloRochester
2016-04-17,2016,4,17,1.14,169355.0,conventional,BuffaloRochester
2016-04-10,2016,4,10,1.1,152124.0,conventional,BuffaloRochester
2016-04-03,2016,4,3,1.04,154802.0,conventional,BuffaloRochester
2016-03-27,2016,3,27,1.13,149463.0,conventional,BuffaloRochester
2016-03-20,2016,3,20,1.14,140364.0,conventional,BuffaloRochester
2016-03-13,2016,3,13,1.11,163501.0,conventional,BuffaloRochester
2016-03-06,2016,3,6,1.36,141229.0,conventional,BuffaloRochester
2016-02-28,2016,2,28,1.22,154058.0,conventional,BuffaloRochester
2016-02-21,2016,2,21,1.31,126537.0,conventional,BuffaloRochester
2016-02-14,2016,2,14,1.29,137984.0,conventional,BuffaloRochester
2016-02-07,2016,2,7,1.3,177910.0,conventional,BuffaloRochester
2016-01-31,2016,1,31,1.21,164454.0,conventional,BuffaloRochester
2016-01-24,2016,1,24,1.31,147470.0,conventional,BuffaloRochester
2016-01-17,2016,1,17,1.38,132286.0,conventional,BuffaloRochester
2016-01-10,2016,1,10,1.35,134523.0,conventional,BuffaloRochester
2016-01-03,2016,1,3,1.39,130621.0,conventional,BuffaloRochester
2017-12-31,2017,12,31,1.27,115508.0,conventional,BuffaloRochester
2017-12-24,2017,12,24,1.28,127375.0,conventional,BuffaloRochester
2017-12-17,2017,12,17,1.26,108352.0,conventional,BuffaloRochester
2017-12-10,2017,12,10,1.25,127279.0,conventional,BuffaloRochester
2017-12-03,2017,12,3,1.13,153282.0,conventional,BuffaloRochester
2017-11-26,2017,11,26,1.23,102658.0,conventional,BuffaloRochester
2017-11-19,2017,11,19,1.3,112445.0,conventional,BuffaloRochester
2017-11-12,2017,11,12,1.37,118434.0,conventional,BuffaloRochester
2017-11-05,2017,11,5,1.37,115631.0,conventional,BuffaloRochester
2017-10-29,2017,10,29,1.36,121815.0,conventional,BuffaloRochester
2017-10-22,2017,10,22,1.5,90911.0,conventional,BuffaloRochester
2017-10-15,2017,10,15,1.5,86881.0,conventional,BuffaloRochester
2017-10-08,2017,10,8,1.49,102625.0,conventional,BuffaloRochester
2017-10-01,2017,10,1,1.53,96292.0,conventional,BuffaloRochester
2017-09-24,2017,9,24,1.42,121502.0,conventional,BuffaloRochester
2017-09-17,2017,9,17,1.37,140653.0,conventional,BuffaloRochester
2017-09-10,2017,9,10,1.46,142197.0,conventional,BuffaloRochester
2017-09-03,2017,9,3,1.56,135280.0,conventional,BuffaloRochester
2017-08-27,2017,8,27,1.33,147840.0,conventional,BuffaloRochester
2017-08-20,2017,8,20,1.34,142109.0,conventional,BuffaloRochester
2017-08-13,2017,8,13,1.32,144619.0,conventional,BuffaloRochester
2017-08-06,2017,8,6,1.32,155635.0,conventional,BuffaloRochester
2017-07-30,2017,7,30,1.32,146069.0,conventional,BuffaloRochester
2017-07-23,2017,7,23,1.34,148098.0,conventional,BuffaloRochester
2017-07-16,2017,7,16,1.35,144762.0,conventional,BuffaloRochester
2017-07-09,2017,7,9,1.31,166852.0,conventional,BuffaloRochester
2017-07-02,2017,7,2,1.34,144309.0,conventional,BuffaloRochester
2017-06-25,2017,6,25,1.46,115902.0,conventional,BuffaloRochester
2017-06-18,2017,6,18,1.5,129735.0,conventional,BuffaloRochester
2017-06-11,2017,6,11,1.62,114082.0,conventional,BuffaloRochester
2017-06-04,2017,6,4,1.6,145204.0,conventional,BuffaloRochester
2017-05-28,2017,5,28,1.64,160484.0,conventional,BuffaloRochester
2017-05-21,2017,5,21,1.71,139635.0,conventional,BuffaloRochester
2017-05-14,2017,5,14,1.55,152143.0,conventional,BuffaloRochester
2017-05-07,2017,5,7,1.71,174746.0,conventional,BuffaloRochester
2017-04-30,2017,4,30,1.54,178864.0,conventional,BuffaloRochester
2017-04-23,2017,4,23,1.55,147244.0,conventional,BuffaloRochester
2017-04-16,2017,4,16,1.54,166089.0,conventional,BuffaloRochester
2017-04-09,2017,4,9,1.56,172946.0,conventional,BuffaloRochester
2017-04-02,2017,4,2,1.54,167365.0,conventional,BuffaloRochester
2017-03-26,2017,3,26,1.53,156788.0,conventional,BuffaloRochester
2017-03-19,2017,3,19,1.54,151459.0,conventional,BuffaloRochester
2017-03-12,2017,3,12,1.48,165975.0,conventional,BuffaloRochester
2017-03-05,2017,3,5,1.68,140469.0,conventional,BuffaloRochester
2017-02-26,2017,2,26,1.69,122294.0,conventional,BuffaloRochester
2017-02-19,2017,2,19,1.68,109809.0,conventional,BuffaloRochester
2017-02-12,2017,2,12,1.56,135287.0,conventional,BuffaloRochester
2017-02-05,2017,2,5,1.4,188582.0,conventional,BuffaloRochester
2017-01-29,2017,1,29,1.37,163137.0,conventional,BuffaloRochester
2017-01-22,2017,1,22,1.34,160925.0,conventional,BuffaloRochester
2017-01-15,2017,1,15,1.29,168231.0,conventional,BuffaloRochester
2017-01-08,2017,1,8,1.37,158267.0,conventional,BuffaloRochester
2017-01-01,2017,1,1,1.43,105349.0,conventional,BuffaloRochester
