book/content/03/data/avocado.csv
Date,Year,Month,Day,Average Price,Total Volume,Type,Region
2015-12-27,2015,12,27,0.9,5040365.0,conventional,California
2015-12-20,2015,12,20,0.94,4695737.0,conventional,California
2015-12-13,2015,12,13,0.87,5259354.0,conventional,California
2015-12-06,2015,12,6,0.78,5775536.0,conventional,California
2015-11-29,2015,11,29,0.91,4575711.0,conventional,California
2015-11-22,2015,11,22,0.92,4804278.0,conventional,California
2015-11-15,2015,11,15,0.83,5755191.0,conventional,California
2015-11-08,2015,11,8,0.98,5148984.0,conventional,California
2015-11-01,2015,11,1,0.95,5830428.0,conventional,California
2015-10-25,2015,10,25,1.12,4592462.0,conventional,California
2015-10-18,2015,10,18,1.07,4999032.0,conventional,California
2015-10-11,2015,10,11,1.08,5063309.0,conventional,California
2015-10-04,2015,10,4,1.02,4943781.0,conventional,California
2015-09-27,2015,9,27,1.04,5216785.0,conventional,California
2015-09-20,2015,9,20,1.14,4759791.0,conventional,California
2015-09-13,2015,9,13,1.13,5106508.0,conventional,California
2015-09-06,2015,9,6,1.09,5806393.0,conventional,California
2015-08-30,2015,8,30,1.08,5647385.0,conventional,California
2015-08-23,2015,8,23,1.18,5193221.0,conventional,California
2015-08-16,2015,8,16,1.11,5616434.0,conventional,California
2015-08-09,2015,8,9,1.1,6232081.0,conventional,California
2015-08-02,2015,8,2,1.16,5428239.0,conventional,California
2015-07-26,2015,7,26,1.13,5557616.0,conventional,California
2015-07-19,2015,7,19,1.18,5225201.0,conventional,California
2015-07-12,2015,7,12,1.13,5451637.0,conventional,California
2015-07-05,2015,7,5,1.12,6718012.0,conventional,California
2015-06-28,2015,6,28,1.1,5641742.0,conventional,California
2015-06-21,2015,6,21,1.07,5952597.0,conventional,California
2015-06-14,2015,6,14,0.97,6741662.0,conventional,California
2015-06-07,2015,6,7,0.98,6374843.0,conventional,California
2015-05-31,2015,5,31,0.98,6236903.0,conventional,California
2015-05-24,2015,5,24,1.1,5621714.0,conventional,California
2015-05-17,2015,5,17,1.08,5289138.0,conventional,California
2015-05-10,2015,5,10,0.93,6650358.0,conventional,California
2015-05-03,2015,5,3,0.88,8567534.0,conventional,California
2015-04-26,2015,4,26,1.15,4923565.0,conventional,California
2015-04-19,2015,4,19,1.05,5871081.0,conventional,California
2015-04-12,2015,4,12,1.06,5636645.0,conventional,California
2015-04-05,2015,4,5,1.12,5467156.0,conventional,California
2015-03-29,2015,3,29,1.1,5341822.0,conventional,California
2015-03-22,2015,3,22,1.06,5571813.0,conventional,California
2015-03-15,2015,3,15,1.06,5557163.0,conventional,California
2015-03-08,2015,3,8,0.96,5990244.0,conventional,California
2015-03-01,2015,3,1,0.84,6700134.0,conventional,California
2015-02-22,2015,2,22,0.96,5951871.0,conventional,California
2015-02-15,2015,2,15,0.96,5699945.0,conventional,California
2015-02-08,2015,2,8,0.91,5871225.0,conventional,California
2015-02-01,2015,2,1,0.85,9032181.0,conventional,California
2015-01-25,2015,1,25,1.06,4929884.0,conventional,California
2015-01-18,2015,1,18,1.02,5570915.0,conventional,California
2015-01-11,2015,1,11,0.92,6024932.0,conventional,California
2015-01-04,2015,1,4,0.93,5777335.0,conventional,California
2016-12-25,2016,12,25,0.94,5414937.0,conventional,California
2016-12-18,2016,12,18,0.95,4922622.0,conventional,California
2016-12-11,2016,12,11,0.9,5526646.0,conventional,California
2016-12-04,2016,12,4,0.98,5062953.0,conventional,California
2016-11-27,2016,11,27,1.21,4185901.0,conventional,California
2016-11-20,2016,11,20,1.32,4253816.0,conventional,California
2016-11-13,2016,11,13,1.48,3848128.0,conventional,California
2016-11-06,2016,11,6,1.68,3395058.0,conventional,California
2016-10-30,2016,10,30,1.68,3139834.0,conventional,California
2016-10-23,2016,10,23,1.39,3899041.0,conventional,California
2016-10-16,2016,10,16,1.4,4878038.0,conventional,California
2016-10-09,2016,10,9,1.34,5375978.0,conventional,California
2016-10-02,2016,10,2,1.19,5652496.0,conventional,California
2016-09-25,2016,9,25,1.15,6075589.0,conventional,California
2016-09-18,2016,9,18,1.22,5471565.0,conventional,California
2016-09-11,2016,9,11,1.12,6059765.0,conventional,California
2016-09-04,2016,9,4,1.08,6681646.0,conventional,California
2016-08-28,2016,8,28,0.99,6696300.0,conventional,California
2016-08-21,2016,8,21,1.05,6308000.0,conventional,California
2016-08-14,2016,8,14,1.07,6538336.0,conventional,California
2016-08-07,2016,8,7,1.17,6144828.0,conventional,California
2016-07-31,2016,7,31,1.22,5947160.0,conventional,California
2016-07-24,2016,7,24,1.2,6104047.0,conventional,California
2016-07-17,2016,7,17,1.14,6200614.0,conventional,California
2016-07-10,2016,7,10,1.08,6721691.0,conventional,California
2016-07-03,2016,7,3,1.1,7087455.0,conventional,California
2016-06-26,2016,6,26,1.03,6407277.0,conventional,California
2016-06-19,2016,6,19,1.06,6528056.0,conventional,California
2016-06-12,2016,6,12,1.01,6506235.0,conventional,California
2016-06-05,2016,6,5,0.94,7365675.0,conventional,California
2016-05-29,2016,5,29,0.98,6700986.0,conventional,California
2016-05-22,2016,5,22,0.9,6501981.0,conventional,California
2016-05-15,2016,5,15,0.97,6068873.0,conventional,California
2016-05-08,2016,5,8,0.79,7808462.0,conventional,California
2016-05-01,2016,5,1,0.75,7661483.0,conventional,California
2016-04-24,2016,4,24,0.84,6933382.0,conventional,California
2016-04-17,2016,4,17,0.93,6397813.0,conventional,California
2016-04-10,2016,4,10,0.94,6509001.0,conventional,California
2016-04-03,2016,4,3,0.93,6060844.0,conventional,California
2016-03-27,2016,3,27,0.93,6603708.0,conventional,California
2016-03-20,2016,3,20,0.91,6476207.0,conventional,California
2016-03-13,2016,3,13,0.96,6017564.0,conventional,California
2016-03-06,2016,3,6,0.92,6429870.0,conventional,California
2016-02-28,2016,2,28,0.89,6588278.0,conventional,California
2016-02-21,2016,2,21,0.89,6374019.0,conventional,California
2016-02-14,2016,2,14,0.82,6807283.0,conventional,California
2016-02-07,2016,2,7,0.7,10361698.0,conventional,California
2016-01-31,2016,1,31,0.88,6506674.0,conventional,California
2016-01-24,2016,1,24,0.88,6246381.0,conventional,California
2016-01-17,2016,1,17,0.9,6000013.0,conventional,California
2016-01-10,2016,1,10,0.87,6303407.0,conventional,California
2016-01-03,2016,1,3,0.73,7730431.0,conventional,California
2017-12-31,2017,12,31,0.93,7132711.0,conventional,California
2017-12-24,2017,12,24,1.13,5346536.0,conventional,California
2017-12-17,2017,12,17,0.98,6205211.0,conventional,California
2017-12-10,2017,12,10,1.06,5715712.0,conventional,California
2017-12-03,2017,12,3,1.09,5544556.0,conventional,California
2017-11-26,2017,11,26,1.3,4392810.0,conventional,California
2017-11-19,2017,11,19,1.26,4782021.0,conventional,California
2017-11-12,2017,11,12,1.15,5637795.0,conventional,California
2017-11-05,2017,11,5,1.15,5663439.0,conventional,California
2017-10-29,2017,10,29,1.2,5714677.0,conventional,California
2017-10-22,2017,10,22,1.53,4420877.0,conventional,California
2017-10-15,2017,10,15,1.68,4066641.0,conventional,California
2017-10-08,2017,10,8,1.74,4151444.0,conventional,California
2017-10-01,2017,10,1,1.77,3870633.0,conventional,California
2017-09-24,2017,9,24,1.74,3937001.0,conventional,California
2017-09-17,2017,9,17,1.72,4167531.0,conventional,California
2017-09-10,2017,9,10,1.71,4380657.0,conventional,California
2017-09-03,2017,9,3,1.65,4648718.0,conventional,California
2017-08-27,2017,8,27,1.78,4360014.0,conventional,California
2017-08-20,2017,8,20,1.64,4524975.0,conventional,California
2017-08-13,2017,8,13,1.26,5862368.0,conventional,California
2017-08-06,2017,8,6,1.36,5655955.0,conventional,California
2017-07-30,2017,7,30,1.38,5571001.0,conventional,California
2017-07-23,2017,7,23,1.46,5188483.0,conventional,California
2017-07-16,2017,7,16,1.49,5405190.0,conventional,California
2017-07-09,2017,7,9,1.28,6499668.0,conventional,California
2017-07-02,2017,7,2,1.28,6607293.0,conventional,California
2017-06-25,2017,6,25,1.15,6999256.0,conventional,California
2017-06-18,2017,6,18,1.2,6599049.0,conventional,California
2017-06-11,2017,6,11,1.22,6177216.0,conventional,California
2017-06-04,2017,6,4,1.2,6507094.0,conventional,California
2017-05-28,2017,5,28,1.32,6160752.0,conventional,California
2017-05-21,2017,5,21,1.35,5599003.0,conventional,California
2017-05-14,2017,5,14,1.17,6370622.0,conventional,California
2017-05-07,2017,5,7,1.08,7872203.0,conventional,California
2017-04-30,2017,4,30,1.25,5889669.0,conventional,California
2017-04-23,2017,4,23,1.26,5637300.0,conventional,California
2017-04-16,2017,4,16,1.34,5442086.0,conventional,California
2017-04-09,2017,4,9,1.13,6249183.0,conventional,California
2017-04-02,2017,4,2,1.22,5719811.0,conventional,California
2017-03-26,2017,3,26,1.33,5073071.0,conventional,California
2017-03-19,2017,3,19,1.31,5328958.0,conventional,California
2017-03-12,2017,3,12,1.31,5208102.0,conventional,California
2017-03-05,2017,3,5,1.15,5634150.0,conventional,California
2017-02-26,2017,2,26,0.95,6342090.0,conventional,California
2017-02-19,2017,2,19,0.95,6194369.0,conventional,California
2017-02-12,2017,2,12,0.79,6862177.0,conventional,California
2017-02-05,2017,2,5,0.67,11213596.0,conventional,California
2017-01-29,2017,1,29,0.76,8055482.0,conventional,California
2017-01-22,2017,1,22,0.76,8153340.0,conventional,California
2017-01-15,2017,1,15,0.93,6656554.0,conventional,California
2017-01-08,2017,1,8,1.0,6653048.0,conventional,California
2017-01-01,2017,1,1,0.89,7175277.0,conventional,California
