book/content/03/data/avocado.csv
Date,Year,Month,Day,Average Price,Total Volume,Type,Region
2015-12-27,2015,12,27,0.8,1020391.0,conventional,DallasFtWorth
2015-12-20,2015,12,20,0.82,928051.0,conventional,DallasFtWorth
2015-12-13,2015,12,13,0.79,980891.0,conventional,DallasFtWorth
2015-12-06,2015,12,6,0.74,1054850.0,conventional,DallasFtWorth
2015-11-29,2015,11,29,0.8,839819.0,conventional,DallasFtWorth
2015-11-22,2015,11,22,0.78,885067.0,conventional,DallasFtWorth
2015-11-15,2015,11,15,0.71,1040440.0,conventional,DallasFtWorth
2015-11-08,2015,11,8,0.8,977717.0,conventional,DallasFtWorth
2015-11-01,2015,11,1,0.78,1114178.0,conventional,DallasFtWorth
2015-10-25,2015,10,25,0.86,1010395.0,conventional,DallasFtWorth
2015-10-18,2015,10,18,0.83,992984.0,conventional,DallasFtWorth
2015-10-11,2015,10,11,0.81,1100679.0,conventional,DallasFtWorth
2015-10-04,2015,10,4,0.82,1104602.0,conventional,DallasFtWorth
2015-09-27,2015,9,27,0.84,1063584.0,conventional,DallasFtWorth
2015-09-20,2015,9,20,0.77,1155213.0,conventional,DallasFtWorth
2015-09-13,2015,9,13,0.86,1212585.0,conventional,DallasFtWorth
2015-09-06,2015,9,6,0.84,1270740.0,conventional,DallasFtWorth
2015-08-30,2015,8,30,0.82,1101681.0,conventional,DallasFtWorth
2015-08-23,2015,8,23,0.85,1120172.0,conventional,DallasFtWorth
2015-08-16,2015,8,16,0.88,1122668.0,conventional,DallasFtWorth
2015-08-09,2015,8,9,0.85,1124260.0,conventional,DallasFtWorth
2015-08-02,2015,8,2,0.87,1067498.0,conventional,DallasFtWorth
2015-07-26,2015,7,26,0.8,1191311.0,conventional,DallasFtWorth
2015-07-19,2015,7,19,0.82,1186879.0,conventional,DallasFtWorth
2015-07-12,2015,7,12,0.82,1144448.0,conventional,DallasFtWorth
2015-07-05,2015,7,5,0.83,1320696.0,conventional,DallasFtWorth
2015-06-28,2015,6,28,0.77,1203554.0,conventional,DallasFtWorth
2015-06-21,2015,6,21,0.75,1283503.0,conventional,DallasFtWorth
2015-06-14,2015,6,14,0.65,1508750.0,conventional,DallasFtWorth
2015-06-07,2015,6,7,0.73,1255576.0,conventional,DallasFtWorth
2015-05-31,2015,5,31,0.68,1377671.0,conventional,DallasFtWorth
2015-05-24,2015,5,24,0.81,1184131.0,conventional,DallasFtWorth
2015-05-17,2015,5,17,0.73,1219398.0,conventional,DallasFtWorth
2015-05-10,2015,5,10,0.75,1298826.0,conventional,DallasFtWorth
2015-05-03,2015,5,3,0.77,1282852.0,conventional,DallasFtWorth
2015-04-26,2015,4,26,0.81,1102640.0,conventional,DallasFtWorth
2015-04-19,2015,4,19,0.8,1137812.0,conventional,DallasFtWorth
2015-04-12,2015,4,12,0.72,1266900.0,conventional,DallasFtWorth
2015-04-05,2015,4,5,0.77,1324349.0,conventional,DallasFtWorth
2015-03-29,2015,3,29,0.79,1164808.0,conventional,DallasFtWorth
2015-03-22,2015,3,22,0.67,1333424.0,conventional,DallasFtWorth
2015-03-15,2015,3,15,0.72,1211159.0,conventional,DallasFtWorth
2015-03-08,2015,3,8,0.75,1218684.0,conventional,DallasFtWorth
2015-03-01,2015,3,1,0.82,1144032.0,conventional,DallasFtWorth
2015-02-22,2015,2,22,0.8,1116601.0,conventional,DallasFtWorth
2015-02-15,2015,2,15,0.77,1020857.0,conventional,DallasFtWorth
2015-02-08,2015,2,8,0.67,1207168.0,conventional,DallasFtWorth
2015-02-01,2015,2,1,0.68,1391089.0,conventional,DallasFtWorth
2015-01-25,2015,1,25,0.8,1008295.0,conventional,DallasFtWorth
2015-01-18,2015,1,18,0.76,1091677.0,conventional,DallasFtWorth
2015-01-11,2015,1,11,0.76,1128693.0,conventional,DallasFtWorth
2015-01-04,2015,1,4,0.74,1086364.0,conventional,DallasFtWorth
2016-12-25,2016,12,25,0.76,1199637.0,conventional,DallasFtWorth
2016-12-18,2016,12,18,0.69,1148251.0,conventional,DallasFtWorth
2016-12-11,2016,12,11,0.69,1121306.0,conventional,DallasFtWorth
2016-12-04,2016,12,4,0.69,1245472.0,conventional,DallasFtWorth
2016-11-27,2016,11,27,0.9,851579.0,conventional,DallasFtWorth
2016-11-20,2016,11,20,1.0,910226.0,conventional,DallasFtWorth
2016-11-13,2016,11,13,1.08,894000.0,conventional,DallasFtWorth
2016-11-06,2016,11,6,1.14,894905.0,conventional,DallasFtWorth
2016-10-30,2016,10,30,1.14,801082.0,conventional,DallasFtWorth
2016-10-23,2016,10,23,1.08,993986.0,conventional,DallasFtWorth
2016-10-16,2016,10,16,0.99,1021029.0,conventional,DallasFtWorth
2016-10-09,2016,10,9,0.93,1162335.0,conventional,DallasFtWorth
2016-10-02,2016,10,2,0.95,1033290.0,conventional,DallasFtWorth
2016-09-25,2016,9,25,0.92,1150789.0,conventional,DallasFtWorth
2016-09-18,2016,9,18,0.8,1382358.0,conventional,DallasFtWorth
2016-09-11,2016,9,11,0.79,1308970.0,conventional,DallasFtWorth
2016-09-04,2016,9,4,0.74,1390891.0,conventional,DallasFtWorth
2016-08-28,2016,8,28,0.74,1260686.0,conventional,DallasFtWorth
2016-08-21,2016,8,21,0.77,1215162.0,conventional,DallasFtWorth
2016-08-14,2016,8,14,0.88,1132112.0,conventional,DallasFtWorth
2016-08-07,2016,8,7,0.83,1244081.0,conventional,DallasFtWorth
2016-07-31,2016,7,31,0.88,1163785.0,conventional,DallasFtWorth
2016-07-24,2016,7,24,0.94,1188812.0,conventional,DallasFtWorth
2016-07-17,2016,7,17,0.96,1070350.0,conventional,DallasFtWorth
2016-07-10,2016,7,10,0.91,1080238.0,conventional,DallasFtWorth
2016-07-03,2016,7,3,0.89,1350870.0,conventional,DallasFtWorth
2016-06-26,2016,6,26,0.85,1277489.0,conventional,DallasFtWorth
2016-06-19,2016,6,19,0.87,1236820.0,conventional,DallasFtWorth
2016-06-12,2016,6,12,0.84,1272166.0,conventional,DallasFtWorth
2016-06-05,2016,6,5,0.82,1343656.0,conventional,DallasFtWorth
2016-05-29,2016,5,29,0.77,1354697.0,conventional,DallasFtWorth
2016-05-22,2016,5,22,0.7,1378889.0,conventional,DallasFtWorth
2016-05-15,2016,5,15,0.71,1366440.0,conventional,DallasFtWorth
2016-05-08,2016,5,8,0.72,1475782.0,conventional,DallasFtWorth
2016-05-01,2016,5,1,0.71,1433697.0,conventional,DallasFtWorth
2016-04-24,2016,4,24,0.65,1482923.0,conventional,DallasFtWorth
2016-04-17,2016,4,17,0.69,1339726.0,conventional,DallasFtWorth
2016-04-10,2016,4,10,0.69,1424318.0,conventional,DallasFtWorth
2016-04-03,2016,4,3,0.7,1339210.0,conventional,DallasFtWorth
2016-03-27,2016,3,27,0.76,1341740.0,conventional,DallasFtWorth
2016-03-20,2016,3,20,0.74,1347884.0,conventional,DallasFtWorth
2016-03-13,2016,3,13,0.78,1177309.0,conventional,DallasFtWorth
2016-03-06,2016,3,6,0.76,1201769.0,conventional,DallasFtWorth
2016-02-28,2016,2,28,0.74,1199631.0,conventional,DallasFtWorth
2016-02-21,2016,2,21,0.83,1006181.0,conventional,DallasFtWorth
2016-02-14,2016,2,14,0.65,1358553.0,conventional,DallasFtWorth
2016-02-07,2016,2,7,0.71,1515264.0,conventional,DallasFtWorth
2016-01-31,2016,1,31,0.8,1128639.0,conventional,DallasFtWorth
2016-01-24,2016,1,24,1.02,676032.0,conventional,DallasFtWorth
2016-01-17,2016,1,17,0.79,1164936.0,conventional,DallasFtWorth
2016-01-10,2016,1,10,0.85,1145737.0,conventional,DallasFtWorth
2016-01-03,2016,1,3,0.78,1191928.0,conventional,DallasFtWorth
2017-12-31,2017,12,31,0.9,1116393.0,conventional,DallasFtWorth
2017-12-24,2017,12,24,0.99,1060457.0,conventional,DallasFtWorth
2017-12-17,2017,12,17,0.83,1084068.0,conventional,DallasFtWorth
2017-12-10,2017,12,10,0.75,1288281.0,conventional,DallasFtWorth
2017-12-03,2017,12,3,0.85,1199422.0,conventional,DallasFtWorth
2017-11-26,2017,11,26,0.95,898548.0,conventional,DallasFtWorth
2017-11-19,2017,11,19,0.94,958421.0,conventional,DallasFtWorth
2017-11-12,2017,11,12,0.96,1054327.0,conventional,DallasFtWorth
2017-11-05,2017,11,5,0.96,1142500.0,conventional,DallasFtWorth
2017-10-29,2017,10,29,1.05,1071346.0,conventional,DallasFtWorth
2017-10-22,2017,10,22,1.1,1037930.0,conventional,DallasFtWorth
2017-10-15,2017,10,15,1.28,884631.0,conventional,DallasFtWorth
2017-10-08,2017,10,8,1.29,919709.0,conventional,DallasFtWorth
2017-10-01,2017,10,1,1.3,893388.0,conventional,DallasFtWorth
2017-09-24,2017,9,24,1.29,946384.0,conventional,DallasFtWorth
2017-09-17,2017,9,17,1.24,982833.0,conventional,DallasFtWorth
2017-09-10,2017,9,10,1.2,997275.0,conventional,DallasFtWorth
2017-09-03,2017,9,3,1.23,1043009.0,conventional,DallasFtWorth
2017-08-27,2017,8,27,1.13,1090966.0,conventional,DallasFtWorth
2017-08-20,2017,8,20,0.99,1163467.0,conventional,DallasFtWorth
2017-08-13,2017,8,13,1.0,1263766.0,conventional,DallasFtWorth
2017-08-06,2017,8,6,0.98,1253538.0,conventional,DallasFtWorth
2017-07-30,2017,7,30,1.03,1154234.0,conventional,DallasFtWorth
2017-07-23,2017,7,23,0.99,1197803.0,conventional,DallasFtWorth
2017-07-16,2017,7,16,0.98,1219893.0,conventional,DallasFtWorth
2017-07-09,2017,7,9,0.84,1514500.0,conventional,DallasFtWorth
2017-07-02,2017,7,2,0.9,1378564.0,conventional,DallasFtWorth
2017-06-25,2017,6,25,0.89,1327166.0,conventional,DallasFtWorth
2017-06-18,2017,6,18,0.9,1441941.0,conventional,DallasFtWorth
2017-06-11,2017,6,11,0.9,1361775.0,conventional,DallasFtWorth
2017-06-04,2017,6,4,0.93,1325912.0,conventional,DallasFtWorth
2017-05-28,2017,5,28,0.93,1386906.0,conventional,DallasFtWorth
2017-05-21,2017,5,21,0.91,1291606.0,conventional,DallasFtWorth
2017-05-14,2017,5,14,0.95,1292072.0,conventional,DallasFtWorth
2017-05-07,2017,5,7,0.89,1473847.0,conventional,DallasFtWorth
2017-04-30,2017,4,30,0.9,1407491.0,conventional,DallasFtWorth
2017-04-23,2017,4,23,0.85,1496362.0,conventional,DallasFtWorth
2017-04-16,2017,4,16,0.87,1517179.0,conventional,DallasFtWorth
2017-04-09,2017,4,9,0.9,1337047.0,conventional,DallasFtWorth
2017-04-02,2017,4,2,0.83,1372248.0,conventional,DallasFtWorth
2017-03-26,2017,3,26,0.91,1282797.0,conventional,DallasFtWorth
2017-03-19,2017,3,19,0.94,1153699.0,conventional,DallasFtWorth
2017-03-12,2017,3,12,0.9,1170641.0,conventional,DallasFtWorth
2017-03-05,2017,3,5,0.93,1105083.0,conventional,DallasFtWorth
2017-02-26,2017,2,26,0.73,1372811.0,conventional,DallasFtWorth
2017-02-19,2017,2,19,0.76,1177313.0,conventional,DallasFtWorth
2017-02-12,2017,2,12,0.7,1422346.0,conventional,DallasFtWorth
2017-02-05,2017,2,5,0.65,1772502.0,conventional,DallasFtWorth
2017-01-29,2017,1,29,0.73,1306293.0,conventional,DallasFtWorth
2017-01-22,2017,1,22,0.7,1382965.0,conventional,DallasFtWorth
2017-01-15,2017,1,15,0.7,1389717.0,conventional,DallasFtWorth
2017-01-08,2017,1,8,0.78,1247489.0,conventional,DallasFtWorth
2017-01-01,2017,1,1,0.68,1336539.0,conventional,DallasFtWorth
