book/content/03/data/avocado.csv
Date,Year,Month,Day,Average Price,Total Volume,Type,Region
2015-12-27,2015,12,27,1.01,2580603.0,conventional,GreatLakes
2015-12-20,2015,12,20,1.01,2504745.0,conventional,GreatLakes
2015-12-13,2015,12,13,1.03,2608448.0,conventional,GreatLakes
2015-12-06,2015,12,6,1.0,2981347.0,conventional,GreatLakes
2015-11-29,2015,11,29,1.07,2198409.0,conventional,GreatLakes
2015-11-22,2015,11,22,1.03,2601822.0,conventional,GreatLakes
2015-11-15,2015,11,15,1.09,2494044.0,conventional,GreatLakes
2015-11-08,2015,11,8,0.98,3184947.0,conventional,GreatLakes
2015-11-01,2015,11,1,1.0,3229125.0,conventional,GreatLakes
2015-10-25,2015,10,25,1.1,2671536.0,conventional,GreatLakes
2015-10-18,2015,10,18,1.03,2981550.0,conventional,GreatLakes
2015-10-11,2015,10,11,1.02,3004133.0,conventional,GreatLakes
2015-10-04,2015,10,4,1.05,2814679.0,conventional,GreatLakes
2015-09-27,2015,9,27,1.1,2770075.0,conventional,GreatLakes
2015-09-20,2015,9,20,1.02,3336245.0,conventional,GreatLakes
2015-09-13,2015,9,13,1.03,3532481.0,conventional,GreatLakes
2015-09-06,2015,9,6,1.07,3272555.0,conventional,GreatLakes
2015-08-30,2015,8,30,1.04,3388804.0,conventional,GreatLakes
2015-08-23,2015,8,23,1.14,2849127.0,conventional,GreatLakes
2015-08-16,2015,8,16,1.03,3653376.0,conventional,GreatLakes
2015-08-09,2015,8,9,1.12,3230140.0,conventional,GreatLakes
2015-08-02,2015,8,2,1.14,3162448.0,conventional,GreatLakes
2015-07-26,2015,7,26,1.1,3135698.0,conventional,GreatLakes
2015-07-19,2015,7,19,1.12,3436864.0,conventional,GreatLakes
2015-07-12,2015,7,12,1.14,3077237.0,conventional,GreatLakes
2015-07-05,2015,7,5,1.13,3774004.0,conventional,GreatLakes
2015-06-28,2015,6,28,1.07,3336314.0,conventional,GreatLakes
2015-06-21,2015,6,21,1.08,3720459.0,conventional,GreatLakes
2015-06-14,2015,6,14,1.12,3511185.0,conventional,GreatLakes
2015-06-07,2015,6,7,1.13,3602113.0,conventional,GreatLakes
2015-05-31,2015,5,31,1.2,3151714.0,conventional,GreatLakes
2015-05-24,2015,5,24,1.15,3574051.0,conventional,GreatLakes
2015-05-17,2015,5,17,1.09,3753201.0,conventional,GreatLakes
2015-05-10,2015,5,10,1.15,3501344.0,conventional,GreatLakes
2015-05-03,2015,5,3,1.05,3901054.0,conventional,GreatLakes
2015-04-26,2015,4,26,1.14,3234024.0,conventional,GreatLakes
2015-04-19,2015,4,19,1.06,3857605.0,conventional,GreatLakes
2015-04-12,2015,4,12,1.11,2895993.0,conventional,GreatLakes
2015-04-05,2015,4,5,1.18,2938919.0,conventional,GreatLakes
2015-03-29,2015,3,29,1.09,2971444.0,conventional,GreatLakes
2015-03-22,2015,3,22,1.04,3746598.0,conventional,GreatLakes
2015-03-15,2015,3,15,1.1,2948199.0,conventional,GreatLakes
2015-03-08,2015,3,8,1.04,3134753.0,conventional,GreatLakes
2015-03-01,2015,3,1,1.02,3566752.0,conventional,GreatLakes
2015-02-22,2015,2,22,1.16,2730224.0,conventional,GreatLakes
2015-02-15,2015,2,15,1.15,2610004.0,conventional,GreatLakes
2015-02-08,2015,2,8,1.07,2856456.0,conventional,GreatLakes
2015-02-01,2015,2,1,0.91,4874124.0,conventional,GreatLakes
2015-01-25,2015,1,25,1.13,2928692.0,conventional,GreatLakes
2015-01-18,2015,1,18,1.08,3006207.0,conventional,GreatLakes
2015-01-11,2015,1,11,1.1,3067638.0,conventional,GreatLakes
2015-01-04,2015,1,4,1.02,3382800.0,conventional,GreatLakes
2016-12-25,2016,12,25,1.11,2954315.0,conventional,GreatLakes
2016-12-18,2016,12,18,1.11,2791515.0,conventional,GreatLakes
2016-12-11,2016,12,11,1.03,3048518.0,conventional,GreatLakes
2016-12-04,2016,12,4,0.97,3854100.0,conventional,GreatLakes
2016-11-27,2016,11,27,1.18,2385048.0,conventional,GreatLakes
2016-11-20,2016,11,20,1.23,2637622.0,conventional,GreatLakes
2016-11-13,2016,11,13,1.41,2348814.0,conventional,GreatLakes
2016-11-06,2016,11,6,1.48,2222383.0,conventional,GreatLakes
2016-10-30,2016,10,30,1.36,2275352.0,conventional,GreatLakes
2016-10-23,2016,10,23,1.35,2528597.0,conventional,GreatLakes
2016-10-16,2016,10,16,1.4,2517672.0,conventional,GreatLakes
2016-10-09,2016,10,9,1.35,2624203.0,conventional,GreatLakes
2016-10-02,2016,10,2,1.38,2618806.0,conventional,GreatLakes
2016-09-25,2016,9,25,1.37,2834326.0,conventional,GreatLakes
2016-09-18,2016,9,18,1.28,2996317.0,conventional,GreatLakes
2016-09-11,2016,9,11,1.3,3078052.0,conventional,GreatLakes
2016-09-04,2016,9,4,1.3,3084199.0,conventional,GreatLakes
2016-08-28,2016,8,28,1.27,3025330.0,conventional,GreatLakes
2016-08-21,2016,8,21,1.34,2933974.0,conventional,GreatLakes
2016-08-14,2016,8,14,1.3,3134414.0,conventional,GreatLakes
2016-08-07,2016,8,7,1.33,3106109.0,conventional,GreatLakes
2016-07-31,2016,7,31,1.34,3013426.0,conventional,GreatLakes
2016-07-24,2016,7,24,1.32,3212818.0,conventional,GreatLakes
2016-07-17,2016,7,17,1.25,3267858.0,conventional,GreatLakes
2016-07-10,2016,7,10,1.24,3327062.0,conventional,GreatLakes
2016-07-03,2016,7,3,1.13,4020725.0,conventional,GreatLakes
2016-06-26,2016,6,26,1.13,3643417.0,conventional,GreatLakes
2016-06-19,2016,6,19,1.1,3955099.0,conventional,GreatLakes
2016-06-12,2016,6,12,1.15,3443334.0,conventional,GreatLakes
2016-06-05,2016,6,5,1.01,4188246.0,conventional,GreatLakes
2016-05-29,2016,5,29,1.05,3925300.0,conventional,GreatLakes
2016-05-22,2016,5,22,1.0,3705262.0,conventional,GreatLakes
2016-05-15,2016,5,15,0.91,4324700.0,conventional,GreatLakes
2016-05-08,2016,5,8,0.94,4460482.0,conventional,GreatLakes
2016-05-01,2016,5,1,0.94,3801508.0,conventional,GreatLakes
2016-04-24,2016,4,24,0.96,3735389.0,conventional,GreatLakes
2016-04-17,2016,4,17,0.98,4154218.0,conventional,GreatLakes
2016-04-10,2016,4,10,1.05,3126127.0,conventional,GreatLakes
2016-04-03,2016,4,3,1.04,2968139.0,conventional,GreatLakes
2016-03-27,2016,3,27,0.97,3557777.0,conventional,GreatLakes
2016-03-20,2016,3,20,1.06,3368334.0,conventional,GreatLakes
2016-03-13,2016,3,13,1.03,3145898.0,conventional,GreatLakes
2016-03-06,2016,3,6,0.98,3818114.0,conventional,GreatLakes
2016-02-28,2016,2,28,1.05,3419910.0,conventional,GreatLakes
2016-02-21,2016,2,21,1.07,2837627.0,conventional,GreatLakes
2016-02-14,2016,2,14,0.96,3386951.0,conventional,GreatLakes
2016-02-07,2016,2,7,0.85,4865296.0,conventional,GreatLakes
2016-01-31,2016,1,31,1.04,3330752.0,conventional,GreatLakes
2016-01-24,2016,1,24,0.95,3806975.0,conventional,GreatLakes
2016-01-17,2016,1,17,1.05,3166942.0,conventional,GreatLakes
2016-01-10,2016,1,10,1.06,3310201.0,conventional,GreatLakes
2016-01-03,2016,1,3,0.92,4065583.0,conventional,GreatLakes
2017-12-31,2017,12,31,0.92,4398888.0,conventional,GreatLakes
2017-12-24,2017,12,24,1.3,2860693.0,conventional,GreatLakes
2017-12-17,2017,12,17,1.22,3023286.0,conventional,GreatLakes
2017-12-10,2017,12,10,1.18,3258081.0,conventional,GreatLakes
2017-12-03,2017,12,3,1.15,3837027.0,conventional,GreatLakes
2017-11-26,2017,11,26,1.38,2254700.0,conventional,GreatLakes
2017-11-19,2017,11,19,1.23,2983690.0,conventional,GreatLakes
2017-11-12,2017,11,12,1.19,3284210.0,conventional,GreatLakes
2017-11-05,2017,11,5,1.26,3225072.0,conventional,GreatLakes
2017-10-29,2017,10,29,1.52,2739607.0,conventional,GreatLakes
2017-10-22,2017,10,22,1.75,2247857.0,conventional,GreatLakes
2017-10-15,2017,10,15,1.86,2221614.0,conventional,GreatLakes
2017-10-08,2017,10,8,1.98,2063574.0,conventional,GreatLakes
2017-10-01,2017,10,1,1.89,2289169.0,conventional,GreatLakes
2017-09-24,2017,9,24,1.83,2415482.0,conventional,GreatLakes
2017-09-17,2017,9,17,1.86,2358162.0,conventional,GreatLakes
2017-09-10,2017,9,10,1.81,2589500.0,conventional,GreatLakes
2017-09-03,2017,9,3,1.73,2638912.0,conventional,GreatLakes
2017-08-27,2017,8,27,1.49,2973144.0,conventional,GreatLakes
2017-08-20,2017,8,20,1.44,3378088.0,conventional,GreatLakes
2017-08-13,2017,8,13,1.57,2971011.0,conventional,GreatLakes
2017-08-06,2017,8,6,1.42,3357719.0,conventional,GreatLakes
2017-07-30,2017,7,30,1.44,3127451.0,conventional,GreatLakes
2017-07-23,2017,7,23,1.47,3014559.0,conventional,GreatLakes
2017-07-16,2017,7,16,1.38,3372298.0,conventional,GreatLakes
2017-07-09,2017,7,9,1.2,4104371.0,conventional,GreatLakes
2017-07-02,2017,7,2,1.18,4250394.0,conventional,GreatLakes
2017-06-25,2017,6,25,1.15,3938985.0,conventional,GreatLakes
2017-06-18,2017,6,18,1.12,4668135.0,conventional,GreatLakes
2017-06-11,2017,6,11,1.27,3714238.0,conventional,GreatLakes
2017-06-04,2017,6,4,1.33,3649478.0,conventional,GreatLakes
2017-05-28,2017,5,28,1.37,3562841.0,conventional,GreatLakes
2017-05-21,2017,5,21,1.34,3415474.0,conventional,GreatLakes
2017-05-14,2017,5,14,1.19,3901826.0,conventional,GreatLakes
2017-05-07,2017,5,7,1.1,5308891.0,conventional,GreatLakes
2017-04-30,2017,4,30,1.38,3584135.0,conventional,GreatLakes
2017-04-23,2017,4,23,1.38,3193270.0,conventional,GreatLakes
2017-04-16,2017,4,16,1.36,3543152.0,conventional,GreatLakes
2017-04-09,2017,4,9,1.41,3149013.0,conventional,GreatLakes
2017-04-02,2017,4,2,1.41,3081036.0,conventional,GreatLakes
2017-03-26,2017,3,26,1.42,3002196.0,conventional,GreatLakes
2017-03-19,2017,3,19,1.39,2975357.0,conventional,GreatLakes
2017-03-12,2017,3,12,1.38,2883467.0,conventional,GreatLakes
2017-03-05,2017,3,5,1.24,3197342.0,conventional,GreatLakes
2017-02-26,2017,2,26,1.08,3848716.0,conventional,GreatLakes
2017-02-19,2017,2,19,1.1,3184222.0,conventional,GreatLakes
2017-02-12,2017,2,12,0.88,4129136.0,conventional,GreatLakes
2017-02-05,2017,2,5,0.73,6575187.0,conventional,GreatLakes
2017-01-29,2017,1,29,1.01,3799154.0,conventional,GreatLakes
2017-01-22,2017,1,22,0.95,4696372.0,conventional,GreatLakes
2017-01-15,2017,1,15,1.05,3893221.0,conventional,GreatLakes
2017-01-08,2017,1,8,0.99,4067135.0,conventional,GreatLakes
2017-01-01,2017,1,1,0.88,4225245.0,conventional,GreatLakes
