book/content/03/data/avocado.csv
Date,Year,Month,Day,Average Price,Total Volume,Type,Region
2015-12-27,2015,12,27,0.78,944507.0,conventional,Houston
2015-12-20,2015,12,20,0.75,922356.0,conventional,Houston
2015-12-13,2015,12,13,0.73,998753.0,conventional,Houston
2015-12-06,2015,12,6,0.74,989677.0,conventional,Houston
2015-11-29,2015,11,29,0.79,783226.0,conventional,Houston
2015-11-22,2015,11,22,0.73,913003.0,conventional,Houston
2015-11-15,2015,11,15,0.72,998802.0,conventional,Houston
2015-11-08,2015,11,8,0.75,983910.0,conventional,Houston
2015-11-01,2015,11,1,0.77,1007806.0,conventional,Houston
2015-10-25,2015,10,25,0.88,933624.0,conventional,Houston
2015-10-18,2015,10,18,0.9,847813.0,conventional,Houston
2015-10-11,2015,10,11,0.79,1036270.0,conventional,Houston
2015-10-04,2015,10,4,0.82,1019284.0,conventional,Houston
2015-09-27,2015,9,27,0.86,968988.0,conventional,Houston
2015-09-20,2015,9,20,0.83,967228.0,conventional,Houston
2015-09-13,2015,9,13,0.89,1095790.0,conventional,Houston
2015-09-06,2015,9,6,0.89,1090493.0,conventional,Houston
2015-08-30,2015,8,30,0.88,926125.0,conventional,Houston
2015-08-23,2015,8,23,0.89,933166.0,conventional,Houston
2015-08-16,2015,8,16,0.92,968899.0,conventional,Houston
2015-08-09,2015,8,9,0.92,935150.0,conventional,Houston
2015-08-02,2015,8,2,0.9,948127.0,conventional,Houston
2015-07-26,2015,7,26,0.79,1086740.0,conventional,Houston
2015-07-19,2015,7,19,0.78,1093425.0,conventional,Houston
2015-07-12,2015,7,12,0.79,999608.0,conventional,Houston
2015-07-05,2015,7,5,0.79,1173820.0,conventional,Houston
2015-06-28,2015,6,28,0.74,1135915.0,conventional,Houston
2015-06-21,2015,6,21,0.74,1196121.0,conventional,Houston
2015-06-14,2015,6,14,0.62,1533409.0,conventional,Houston
2015-06-07,2015,6,7,0.72,1172178.0,conventional,Houston
2015-05-31,2015,5,31,0.72,1262933.0,conventional,Houston
2015-05-24,2015,5,24,0.83,1089679.0,conventional,Houston
2015-05-17,2015,5,17,0.82,1025660.0,conventional,Houston
2015-05-10,2015,5,10,0.76,1201673.0,conventional,Houston
2015-05-03,2015,5,3,0.74,1296308.0,conventional,Houston
2015-04-26,2015,4,26,0.79,1082232.0,conventional,Houston
2015-04-19,2015,4,19,0.82,933033.0,conventional,Houston
2015-04-12,2015,4,12,0.79,1096075.0,conventional,Houston
2015-04-05,2015,4,5,0.83,1249645.0,conventional,Houston
2015-03-29,2015,3,29,0.79,1116225.0,conventional,Houston
2015-03-22,2015,3,22,0.8,1036664.0,conventional,Houston
2015-03-15,2015,3,15,0.77,1043173.0,conventional,Houston
2015-03-08,2015,3,8,0.78,1166056.0,conventional,Houston
2015-03-01,2015,3,1,0.87,991328.0,conventional,Houston
2015-02-22,2015,2,22,0.82,978808.0,conventional,Houston
2015-02-15,2015,2,15,0.73,1062388.0,conventional,Houston
2015-02-08,2015,2,8,0.7,1180723.0,conventional,Houston
2015-02-01,2015,2,1,0.72,1280364.0,conventional,Houston
2015-01-25,2015,1,25,0.77,983911.0,conventional,Houston
2015-01-18,2015,1,18,0.77,1017854.0,conventional,Houston
2015-01-11,2015,1,11,0.78,1062072.0,conventional,Houston
2015-01-04,2015,1,4,0.71,1062991.0,conventional,Houston
2016-12-25,2016,12,25,0.72,1126851.0,conventional,Houston
2016-12-18,2016,12,18,0.63,1212933.0,conventional,Houston
2016-12-11,2016,12,11,0.73,1015974.0,conventional,Houston
2016-12-04,2016,12,4,0.71,1130896.0,conventional,Houston
2016-11-27,2016,11,27,0.82,854630.0,conventional,Houston
2016-11-20,2016,11,20,0.99,827346.0,conventional,Houston
2016-11-13,2016,11,13,1.05,828867.0,conventional,Houston
2016-11-06,2016,11,6,1.12,782911.0,conventional,Houston
2016-10-30,2016,10,30,1.15,709890.0,conventional,Houston
2016-10-23,2016,10,23,1.0,777848.0,conventional,Houston
2016-10-16,2016,10,16,0.98,992993.0,conventional,Houston
2016-10-09,2016,10,9,0.98,1075304.0,conventional,Houston
2016-10-02,2016,10,2,0.98,1023030.0,conventional,Houston
2016-09-25,2016,9,25,0.96,1027782.0,conventional,Houston
2016-09-18,2016,9,18,0.83,1127109.0,conventional,Houston
2016-09-11,2016,9,11,0.76,1217347.0,conventional,Houston
2016-09-04,2016,9,4,0.72,1351650.0,conventional,Houston
2016-08-28,2016,8,28,0.88,1021607.0,conventional,Houston
2016-08-21,2016,8,21,0.9,1046507.0,conventional,Houston
2016-08-14,2016,8,14,0.9,1015264.0,conventional,Houston
2016-08-07,2016,8,7,0.92,1040953.0,conventional,Houston
2016-07-31,2016,7,31,0.98,941066.0,conventional,Houston
2016-07-24,2016,7,24,0.96,985028.0,conventional,Houston
2016-07-17,2016,7,17,0.92,1006984.0,conventional,Houston
2016-07-10,2016,7,10,0.89,1101544.0,conventional,Houston
2016-07-03,2016,7,3,0.92,1189787.0,conventional,Houston
2016-06-26,2016,6,26,0.88,1186692.0,conventional,Houston
2016-06-19,2016,6,19,0.89,1153583.0,conventional,Houston
2016-06-12,2016,6,12,0.83,1209996.0,conventional,Houston
2016-06-05,2016,6,5,0.85,1182842.0,conventional,Houston
2016-05-29,2016,5,29,0.82,1128599.0,conventional,Houston
2016-05-22,2016,5,22,0.68,1378762.0,conventional,Houston
2016-05-15,2016,5,15,0.69,1343567.0,conventional,Houston
2016-05-08,2016,5,8,0.65,1406284.0,conventional,Houston
2016-05-01,2016,5,1,0.68,1308614.0,conventional,Houston
2016-04-24,2016,4,24,0.67,1393043.0,conventional,Houston
2016-04-17,2016,4,17,0.69,1310678.0,conventional,Houston
2016-04-10,2016,4,10,0.7,1271741.0,conventional,Houston
2016-04-03,2016,4,3,0.72,1256919.0,conventional,Houston
2016-03-27,2016,3,27,0.75,1345865.0,conventional,Houston
2016-03-20,2016,3,20,0.76,1162026.0,conventional,Houston
2016-03-13,2016,3,13,0.76,1136963.0,conventional,Houston
2016-03-06,2016,3,6,0.76,1091432.0,conventional,Houston
2016-02-28,2016,2,28,0.76,1048304.0,conventional,Houston
2016-02-21,2016,2,21,0.8,966991.0,conventional,Houston
2016-02-14,2016,2,14,0.67,1191352.0,conventional,Houston
2016-02-07,2016,2,7,0.69,1323490.0,conventional,Houston
2016-01-31,2016,1,31,0.74,1131583.0,conventional,Houston
2016-01-24,2016,1,24,0.91,867295.0,conventional,Houston
2016-01-17,2016,1,17,0.83,1071139.0,conventional,Houston
2016-01-10,2016,1,10,0.84,1095288.0,conventional,Houston
2016-01-03,2016,1,3,0.78,1061567.0,conventional,Houston
2017-12-31,2017,12,31,0.78,1391182.0,conventional,Houston
2017-12-24,2017,12,24,0.99,1063385.0,conventional,Houston
2017-12-17,2017,12,17,0.98,928717.0,conventional,Houston
2017-12-10,2017,12,10,0.79,1266365.0,conventional,Houston
2017-12-03,2017,12,3,0.77,1398400.0,conventional,Houston
2017-11-26,2017,11,26,0.88,991547.0,conventional,Houston
2017-11-19,2017,11,19,0.89,1142126.0,conventional,Houston
2017-11-12,2017,11,12,0.88,1256897.0,conventional,Houston
2017-11-05,2017,11,5,0.95,1363261.0,conventional,Houston
2017-10-29,2017,10,29,1.12,1126403.0,conventional,Houston
2017-10-22,2017,10,22,1.16,1008358.0,conventional,Houston
2017-10-15,2017,10,15,1.26,1029556.0,conventional,Houston
2017-10-08,2017,10,8,1.29,1042701.0,conventional,Houston
2017-10-01,2017,10,1,1.29,991939.0,conventional,Houston
2017-09-24,2017,9,24,1.25,949770.0,conventional,Houston
2017-09-17,2017,9,17,1.2,964460.0,conventional,Houston
2017-09-10,2017,9,10,1.1,1138316.0,conventional,Houston
2017-09-03,2017,9,3,1.19,852111.0,conventional,Houston
2017-08-27,2017,8,27,1.16,1109914.0,conventional,Houston
2017-08-20,2017,8,20,1.01,1096228.0,conventional,Houston
2017-08-13,2017,8,13,0.99,1332233.0,conventional,Houston
2017-08-06,2017,8,6,0.99,1192889.0,conventional,Houston
2017-07-30,2017,7,30,1.0,1117346.0,conventional,Houston
2017-07-23,2017,7,23,1.02,1088793.0,conventional,Houston
2017-07-16,2017,7,16,1.01,1143311.0,conventional,Houston
2017-07-09,2017,7,9,0.78,1513596.0,conventional,Houston
2017-07-02,2017,7,2,0.83,1348652.0,conventional,Houston
2017-06-25,2017,6,25,0.82,1352319.0,conventional,Houston
2017-06-18,2017,6,18,0.77,1755331.0,conventional,Houston
2017-06-11,2017,6,11,0.89,1240308.0,conventional,Houston
2017-06-04,2017,6,4,0.83,1377530.0,conventional,Houston
2017-05-28,2017,5,28,0.87,1315259.0,conventional,Houston
2017-05-21,2017,5,21,0.83,1262476.0,conventional,Houston
2017-05-14,2017,5,14,0.79,1444023.0,conventional,Houston
2017-05-07,2017,5,7,0.74,1789052.0,conventional,Houston
2017-04-30,2017,4,30,0.72,1832450.0,conventional,Houston
2017-04-23,2017,4,23,0.68,1776221.0,conventional,Houston
2017-04-16,2017,4,16,0.76,1402905.0,conventional,Houston
2017-04-09,2017,4,9,0.81,1244695.0,conventional,Houston
2017-04-02,2017,4,2,0.7,1543050.0,conventional,Houston
2017-03-26,2017,3,26,0.83,1074521.0,conventional,Houston
2017-03-19,2017,3,19,0.85,1016537.0,conventional,Houston
2017-03-12,2017,3,12,0.9,903586.0,conventional,Houston
2017-03-05,2017,3,5,0.74,1110896.0,conventional,Houston
2017-02-26,2017,2,26,0.53,1547337.0,conventional,Houston
2017-02-19,2017,2,19,0.67,1190709.0,conventional,Houston
2017-02-12,2017,2,12,0.58,1420811.0,conventional,Houston
2017-02-05,2017,2,5,0.55,1977924.0,conventional,Houston
2017-01-29,2017,1,29,0.7,1258481.0,conventional,Houston
2017-01-22,2017,1,22,0.68,1119168.0,conventional,Houston
2017-01-15,2017,1,15,0.53,1613160.0,conventional,Houston
2017-01-08,2017,1,8,0.57,1417208.0,conventional,Houston
2017-01-01,2017,1,1,0.51,1475741.0,conventional,Houston
2015-12-27,2015,12,27,0.8,2326942.0,conventional,LosAngeles
2015-12-20,2015,12,20,0.85,2149872.0,conventional,LosAngeles
2015-12-13,2015,12,13,0.74,2690296.0,conventional,LosAngeles
2015-12-06,2015,12,6,0.66,3048291.0,conventional,LosAngeles
2015-11-29,2015,11,29,0.83,2156009.0,conventional,LosAngeles
2015-11-22,2015,11,22,0.81,2268076.0,conventional,LosAngeles
2015-11-15,2015,11,15,0.74,2828362.0,conventional,LosAngeles
2015-11-08,2015,11,8,0.84,2621078.0,conventional,LosAngeles
2015-11-01,2015,11,1,0.89,2617807.0,conventional,LosAngeles
2015-10-25,2015,10,25,0.95,2327634.0,conventional,LosAngeles
2015-10-18,2015,10,18,0.89,2661345.0,conventional,LosAngeles
2015-10-11,2015,10,11,0.92,2591982.0,conventional,LosAngeles
2015-10-04,2015,10,4,0.98,2278629.0,conventional,LosAngeles
2015-09-27,2015,9,27,0.9,2674659.0,conventional,LosAngeles
2015-09-20,2015,9,20,0.99,2392449.0,conventional,LosAngeles
2015-09-13,2015,9,13,0.98,2549512.0,conventional,LosAngeles
2015-09-06,2015,9,6,0.92,2983163.0,conventional,LosAngeles
2015-08-30,2015,8,30,0.9,3037664.0,conventional,LosAngeles
2015-08-23,2015,8,23,1.03,2604991.0,conventional,LosAngeles
2015-08-16,2015,8,16,0.93,2943219.0,conventional,LosAngeles
2015-08-09,2015,8,9,0.94,3371114.0,conventional,LosAngeles
2015-08-02,2015,8,2,1.0,2742211.0,conventional,LosAngeles
2015-07-26,2015,7,26,0.95,2893888.0,conventional,LosAngeles
2015-07-19,2015,7,19,1.02,2614726.0,conventional,LosAngeles
2015-07-12,2015,7,12,1.03,2652481.0,conventional,LosAngeles
2015-07-05,2015,7,5,0.96,3435375.0,conventional,LosAngeles
2015-06-28,2015,6,28,0.94,2921149.0,conventional,LosAngeles
2015-06-21,2015,6,21,0.91,3040023.0,conventional,LosAngeles
2015-06-14,2015,6,14,0.79,3689141.0,conventional,LosAngeles
2015-06-07,2015,6,7,0.84,3261844.0,conventional,LosAngeles
2015-05-31,2015,5,31,0.85,3196936.0,conventional,LosAngeles
2015-05-24,2015,5,24,0.97,2853905.0,conventional,LosAngeles
2015-05-17,2015,5,17,0.98,2557701.0,conventional,LosAngeles
2015-05-10,2015,5,10,0.78,3553643.0,conventional,LosAngeles
2015-05-03,2015,5,3,0.78,4015563.0,conventional,LosAngeles
2015-04-26,2015,4,26,1.02,2355704.0,conventional,LosAngeles
2015-04-19,2015,4,19,0.93,2901188.0,conventional,LosAngeles
2015-04-12,2015,4,12,0.93,2799667.0,conventional,LosAngeles
2015-04-05,2015,4,5,1.01,2603115.0,conventional,LosAngeles
2015-03-29,2015,3,29,1.0,2566690.0,conventional,LosAngeles
2015-03-22,2015,3,22,1.01,2466735.0,conventional,LosAngeles
2015-03-15,2015,3,15,0.94,2690257.0,conventional,LosAngeles
2015-03-08,2015,3,8,0.86,2797746.0,conventional,LosAngeles
2015-03-01,2015,3,1,0.75,3094279.0,conventional,LosAngeles
2015-02-22,2015,2,22,0.83,2954706.0,conventional,LosAngeles
2015-02-15,2015,2,15,0.83,2926436.0,conventional,LosAngeles
2015-02-08,2015,2,8,0.9,2641033.0,conventional,LosAngeles
2015-02-01,2015,2,1,0.74,4031949.0,conventional,LosAngeles
2015-01-25,2015,1,25,0.96,2329987.0,conventional,LosAngeles
2015-01-18,2015,1,18,0.89,2800680.0,conventional,LosAngeles
2015-01-11,2015,1,11,0.85,2713700.0,conventional,LosAngeles
2015-01-04,2015,1,4,0.85,2682160.0,conventional,LosAngeles
2016-12-25,2016,12,25,0.84,2641775.0,conventional,LosAngeles
2016-12-18,2016,12,18,0.84,2377800.0,conventional,LosAngeles
2016-12-11,2016,12,11,0.75,2793918.0,conventional,LosAngeles
2016-12-04,2016,12,4,0.78,2780629.0,conventional,LosAngeles
2016-11-27,2016,11,27,1.01,2257271.0,conventional,LosAngeles
2016-11-20,2016,11,20,1.1,2272023.0,conventional,LosAngeles
2016-11-13,2016,11,13,1.29,1913493.0,conventional,LosAngeles
2016-11-06,2016,11,6,1.52,1595013.0,conventional,LosAngeles
2016-10-30,2016,10,30,1.48,1499287.0,conventional,LosAngeles
2016-10-23,2016,10,23,1.23,2133563.0,conventional,LosAngeles
2016-10-16,2016,10,16,1.17,2548688.0,conventional,LosAngeles
2016-10-09,2016,10,9,1.16,2766529.0,conventional,LosAngeles
2016-10-02,2016,10,2,1.06,2865745.0,conventional,LosAngeles
2016-09-25,2016,9,25,1.0,3007073.0,conventional,LosAngeles
2016-09-18,2016,9,18,1.06,2589309.0,conventional,LosAngeles
2016-09-11,2016,9,11,0.95,2939705.0,conventional,LosAngeles
2016-09-04,2016,9,4,0.88,3431676.0,conventional,LosAngeles
2016-08-28,2016,8,28,0.81,3563269.0,conventional,LosAngeles
2016-08-21,2016,8,21,0.93,3086167.0,conventional,LosAngeles
2016-08-14,2016,8,14,1.03,2879218.0,conventional,LosAngeles
2016-08-07,2016,8,7,1.0,3094362.0,conventional,LosAngeles
2016-07-31,2016,7,31,1.06,2826836.0,conventional,LosAngeles
2016-07-24,2016,7,24,1.01,3033329.0,conventional,LosAngeles
2016-07-17,2016,7,17,0.97,3092234.0,conventional,LosAngeles
2016-07-10,2016,7,10,0.93,3293225.0,conventional,LosAngeles
2016-07-03,2016,7,3,0.95,3449361.0,conventional,LosAngeles
2016-06-26,2016,6,26,0.85,3258184.0,conventional,LosAngeles
2016-06-19,2016,6,19,0.9,3237847.0,conventional,LosAngeles
2016-06-12,2016,6,12,0.83,3248769.0,conventional,LosAngeles
2016-06-05,2016,6,5,0.76,3715458.0,conventional,LosAngeles
2016-05-29,2016,5,29,0.83,3203936.0,conventional,LosAngeles
2016-05-22,2016,5,22,0.76,3134305.0,conventional,LosAngeles
2016-05-15,2016,5,15,0.82,2866856.0,conventional,LosAngeles
2016-05-08,2016,5,8,0.64,3942054.0,conventional,LosAngeles
2016-05-01,2016,5,1,0.62,3863314.0,conventional,LosAngeles
2016-04-24,2016,4,24,0.75,3136883.0,conventional,LosAngeles
2016-04-17,2016,4,17,0.76,3185231.0,conventional,LosAngeles
2016-04-10,2016,4,10,0.77,3288357.0,conventional,LosAngeles
2016-04-03,2016,4,3,0.82,2793982.0,conventional,LosAngeles
2016-03-27,2016,3,27,0.73,3467762.0,conventional,LosAngeles
2016-03-20,2016,3,20,0.74,3374877.0,conventional,LosAngeles
2016-03-13,2016,3,13,0.79,2987394.0,conventional,LosAngeles
2016-03-06,2016,3,6,0.76,3138837.0,conventional,LosAngeles
2016-02-28,2016,2,28,0.72,3332578.0,conventional,LosAngeles
2016-02-21,2016,2,21,0.76,3232889.0,conventional,LosAngeles
2016-02-14,2016,2,14,0.65,3664089.0,conventional,LosAngeles
2016-02-07,2016,2,7,0.58,4982700.0,conventional,LosAngeles
2016-01-31,2016,1,31,0.74,3197788.0,conventional,LosAngeles
2016-01-24,2016,1,24,0.76,3173509.0,conventional,LosAngeles
2016-01-17,2016,1,17,0.76,2952577.0,conventional,LosAngeles
2016-01-10,2016,1,10,0.74,3172438.0,conventional,LosAngeles
2016-01-03,2016,1,3,0.64,3967109.0,conventional,LosAngeles
