book/content/03/data/avocado.csv
Date,Year,Month,Day,Average Price,Total Volume,Type,Region
2015-12-27,2015,12,27,1.04,61655.0,conventional,Louisville
2015-12-20,2015,12,20,1.05,56443.0,conventional,Louisville
2015-12-13,2015,12,13,0.91,76544.0,conventional,Louisville
2015-12-06,2015,12,6,0.83,103277.0,conventional,Louisville
2015-11-29,2015,11,29,0.97,58668.0,conventional,Louisville
2015-11-22,2015,11,22,1.01,60971.0,conventional,Louisville
2015-11-15,2015,11,15,1.04,58816.0,conventional,Louisville
2015-11-08,2015,11,8,0.93,86930.0,conventional,Louisville
2015-11-01,2015,11,1,0.89,103769.0,conventional,Louisville
2015-10-25,2015,10,25,1.06,64602.0,conventional,Louisville
2015-10-18,2015,10,18,1.03,74093.0,conventional,Louisville
2015-10-11,2015,10,11,1.03,74537.0,conventional,Louisville
2015-10-04,2015,10,4,1.11,63157.0,conventional,Louisville
2015-09-27,2015,9,27,1.18,60981.0,conventional,Louisville
2015-09-20,2015,9,20,1.05,71065.0,conventional,Louisville
2015-09-13,2015,9,13,0.98,85920.0,conventional,Louisville
2015-09-06,2015,9,6,0.98,98154.0,conventional,Louisville
2015-08-30,2015,8,30,1.13,70165.0,conventional,Louisville
2015-08-23,2015,8,23,1.15,65333.0,conventional,Louisville
2015-08-16,2015,8,16,1.09,78927.0,conventional,Louisville
2015-08-09,2015,8,9,1.08,83593.0,conventional,Louisville
2015-08-02,2015,8,2,0.93,91137.0,conventional,Louisville
2015-07-26,2015,7,26,0.88,99545.0,conventional,Louisville
2015-07-19,2015,7,19,1.08,77503.0,conventional,Louisville
2015-07-12,2015,7,12,1.13,72694.0,conventional,Louisville
2015-07-05,2015,7,5,1.15,81749.0,conventional,Louisville
2015-06-28,2015,6,28,1.15,69231.0,conventional,Louisville
2015-06-21,2015,6,21,1.17,78273.0,conventional,Louisville
2015-06-14,2015,6,14,1.07,82364.0,conventional,Louisville
2015-06-07,2015,6,7,1.01,98866.0,conventional,Louisville
2015-05-31,2015,5,31,1.0,92345.0,conventional,Louisville
2015-05-24,2015,5,24,1.05,79568.0,conventional,Louisville
2015-05-17,2015,5,17,1.2,73537.0,conventional,Louisville
2015-05-10,2015,5,10,1.1,85446.0,conventional,Louisville
2015-05-03,2015,5,3,1.03,95551.0,conventional,Louisville
2015-04-26,2015,4,26,1.21,65742.0,conventional,Louisville
2015-04-19,2015,4,19,1.01,95959.0,conventional,Louisville
2015-04-12,2015,4,12,0.97,88236.0,conventional,Louisville
2015-04-05,2015,4,5,1.08,75626.0,conventional,Louisville
2015-03-29,2015,3,29,1.0,93802.0,conventional,Louisville
2015-03-22,2015,3,22,0.99,95101.0,conventional,Louisville
2015-03-15,2015,3,15,1.21,56870.0,conventional,Louisville
2015-03-08,2015,3,8,1.18,62729.0,conventional,Louisville
2015-03-01,2015,3,1,1.02,78627.0,conventional,Louisville
2015-02-22,2015,2,22,1.01,107443.0,conventional,Louisville
2015-02-15,2015,2,15,1.13,80538.0,conventional,Louisville
2015-02-08,2015,2,8,1.0,87054.0,conventional,Louisville
2015-02-01,2015,2,1,0.9,125505.0,conventional,Louisville
2015-01-25,2015,1,25,1.02,86635.0,conventional,Louisville
2015-01-18,2015,1,18,1.06,85580.0,conventional,Louisville
2015-01-11,2015,1,11,1.05,75129.0,conventional,Louisville
2015-01-04,2015,1,4,0.92,101163.0,conventional,Louisville
2016-12-25,2016,12,25,1.01,81834.0,conventional,Louisville
2016-12-18,2016,12,18,1.1,67720.0,conventional,Louisville
2016-12-11,2016,12,11,0.79,105229.0,conventional,Louisville
2016-12-04,2016,12,4,0.83,127201.0,conventional,Louisville
2016-11-27,2016,11,27,1.26,57766.0,conventional,Louisville
2016-11-20,2016,11,20,1.43,59211.0,conventional,Louisville
2016-11-13,2016,11,13,1.34,64959.0,conventional,Louisville
2016-11-06,2016,11,6,1.27,70882.0,conventional,Louisville
2016-10-30,2016,10,30,1.28,70138.0,conventional,Louisville
2016-10-23,2016,10,23,1.23,75593.0,conventional,Louisville
2016-10-16,2016,10,16,1.1,81708.0,conventional,Louisville
2016-10-09,2016,10,9,1.15,78262.0,conventional,Louisville
2016-10-02,2016,10,2,1.24,75004.0,conventional,Louisville
2016-09-25,2016,9,25,1.37,75513.0,conventional,Louisville
2016-09-18,2016,9,18,1.26,87633.0,conventional,Louisville
2016-09-11,2016,9,11,1.21,90086.0,conventional,Louisville
2016-09-04,2016,9,4,1.11,82941.0,conventional,Louisville
2016-08-28,2016,8,28,1.13,82663.0,conventional,Louisville
2016-08-21,2016,8,21,1.16,89370.0,conventional,Louisville
2016-08-14,2016,8,14,1.25,85551.0,conventional,Louisville
2016-08-07,2016,8,7,1.3,80998.0,conventional,Louisville
2016-07-31,2016,7,31,1.24,86031.0,conventional,Louisville
2016-07-24,2016,7,24,1.19,95001.0,conventional,Louisville
2016-07-17,2016,7,17,1.13,101964.0,conventional,Louisville
2016-07-10,2016,7,10,1.15,94592.0,conventional,Louisville
2016-07-03,2016,7,3,1.0,106600.0,conventional,Louisville
2016-06-26,2016,6,26,1.06,98078.0,conventional,Louisville
2016-06-19,2016,6,19,1.09,98290.0,conventional,Louisville
2016-06-12,2016,6,12,1.16,84927.0,conventional,Louisville
2016-06-05,2016,6,5,1.09,99180.0,conventional,Louisville
2016-05-29,2016,5,29,0.99,109061.0,conventional,Louisville
2016-05-22,2016,5,22,0.91,113794.0,conventional,Louisville
2016-05-15,2016,5,15,0.86,106279.0,conventional,Louisville
2016-05-08,2016,5,8,0.86,139476.0,conventional,Louisville
2016-05-01,2016,5,1,0.88,128109.0,conventional,Louisville
2016-04-24,2016,4,24,0.93,92553.0,conventional,Louisville
2016-04-17,2016,4,17,0.92,95475.0,conventional,Louisville
2016-04-10,2016,4,10,0.9,83505.0,conventional,Louisville
2016-04-03,2016,4,3,0.85,91460.0,conventional,Louisville
2016-03-27,2016,3,27,0.89,120080.0,conventional,Louisville
2016-03-20,2016,3,20,0.95,123442.0,conventional,Louisville
2016-03-13,2016,3,13,1.07,79811.0,conventional,Louisville
2016-03-06,2016,3,6,1.02,88103.0,conventional,Louisville
2016-02-28,2016,2,28,0.94,102197.0,conventional,Louisville
2016-02-21,2016,2,21,0.86,114817.0,conventional,Louisville
2016-02-14,2016,2,14,0.86,124651.0,conventional,Louisville
2016-02-07,2016,2,7,0.85,148704.0,conventional,Louisville
2016-01-31,2016,1,31,0.92,101620.0,conventional,Louisville
2016-01-24,2016,1,24,0.89,120305.0,conventional,Louisville
2016-01-17,2016,1,17,0.9,83687.0,conventional,Louisville
2016-01-10,2016,1,10,0.89,99956.0,conventional,Louisville
2016-01-03,2016,1,3,0.88,116364.0,conventional,Louisville
2015-12-27,2015,12,27,1.05,2065131.0,conventional,Midsouth
2015-12-20,2015,12,20,1.05,2044021.0,conventional,Midsouth
2015-12-13,2015,12,13,1.03,2193143.0,conventional,Midsouth
2015-12-06,2015,12,6,1.0,2233138.0,conventional,Midsouth
2015-11-29,2015,11,29,1.05,1845443.0,conventional,Midsouth
2015-11-22,2015,11,22,1.06,1903245.0,conventional,Midsouth
2015-11-15,2015,11,15,1.02,2355839.0,conventional,Midsouth
2015-11-08,2015,11,8,1.04,2503008.0,conventional,Midsouth
2015-11-01,2015,11,1,1.08,2511760.0,conventional,Midsouth
2015-10-25,2015,10,25,1.13,2188485.0,conventional,Midsouth
2015-10-18,2015,10,18,1.05,2783170.0,conventional,Midsouth
2015-10-11,2015,10,11,1.13,2329758.0,conventional,Midsouth
2015-10-04,2015,10,4,1.18,2233936.0,conventional,Midsouth
2015-09-27,2015,9,27,1.11,2390611.0,conventional,Midsouth
2015-09-20,2015,9,20,1.13,2447265.0,conventional,Midsouth
2015-09-13,2015,9,13,1.09,2814803.0,conventional,Midsouth
2015-09-06,2015,9,6,1.08,3013826.0,conventional,Midsouth
2015-08-30,2015,8,30,1.18,2535193.0,conventional,Midsouth
2015-08-23,2015,8,23,1.12,2765838.0,conventional,Midsouth
2015-08-16,2015,8,16,1.14,2823405.0,conventional,Midsouth
2015-08-09,2015,8,9,1.15,2710710.0,conventional,Midsouth
2015-08-02,2015,8,2,1.14,2752082.0,conventional,Midsouth
2015-07-26,2015,7,26,1.15,2664424.0,conventional,Midsouth
2015-07-19,2015,7,19,1.14,2751193.0,conventional,Midsouth
2015-07-12,2015,7,12,1.13,2783555.0,conventional,Midsouth
2015-07-05,2015,7,5,1.13,3183420.0,conventional,Midsouth
2015-06-28,2015,6,28,1.14,2835630.0,conventional,Midsouth
2015-06-21,2015,6,21,1.13,2979418.0,conventional,Midsouth
2015-06-14,2015,6,14,1.09,3173051.0,conventional,Midsouth
2015-06-07,2015,6,7,1.14,2918299.0,conventional,Midsouth
2015-05-31,2015,5,31,1.14,3039403.0,conventional,Midsouth
2015-05-24,2015,5,24,1.14,3119051.0,conventional,Midsouth
2015-05-17,2015,5,17,1.18,2817008.0,conventional,Midsouth
2015-05-10,2015,5,10,1.17,2956859.0,conventional,Midsouth
2015-05-03,2015,5,3,1.07,3410468.0,conventional,Midsouth
2015-04-26,2015,4,26,1.2,2699614.0,conventional,Midsouth
2015-04-19,2015,4,19,1.18,2711008.0,conventional,Midsouth
2015-04-12,2015,4,12,1.13,2829417.0,conventional,Midsouth
2015-04-05,2015,4,5,1.19,2519677.0,conventional,Midsouth
2015-03-29,2015,3,29,1.18,2523110.0,conventional,Midsouth
2015-03-22,2015,3,22,1.11,2779013.0,conventional,Midsouth
2015-03-15,2015,3,15,1.19,2462108.0,conventional,Midsouth
2015-03-08,2015,3,8,1.21,2297509.0,conventional,Midsouth
2015-03-01,2015,3,1,1.14,2538982.0,conventional,Midsouth
2015-02-22,2015,2,22,1.1,2720347.0,conventional,Midsouth
2015-02-15,2015,2,15,1.17,2420829.0,conventional,Midsouth
2015-02-08,2015,2,8,1.06,2734007.0,conventional,Midsouth
2015-02-01,2015,2,1,0.99,3668038.0,conventional,Midsouth
2015-01-25,2015,1,25,1.15,2480821.0,conventional,Midsouth
2015-01-18,2015,1,18,1.19,2330829.0,conventional,Midsouth
2015-01-11,2015,1,11,1.17,2335986.0,conventional,Midsouth
2015-01-04,2015,1,4,1.1,2578275.0,conventional,Midsouth
2016-12-25,2016,12,25,1.23,2180512.0,conventional,Midsouth
2016-12-18,2016,12,18,1.16,2242221.0,conventional,Midsouth
2016-12-11,2016,12,11,1.15,2339977.0,conventional,Midsouth
2016-12-04,2016,12,4,1.2,2359837.0,conventional,Midsouth
2016-11-27,2016,11,27,1.4,1858065.0,conventional,Midsouth
2016-11-20,2016,11,20,1.48,1999044.0,conventional,Midsouth
2016-11-13,2016,11,13,1.52,2075283.0,conventional,Midsouth
2016-11-06,2016,11,6,1.54,2077507.0,conventional,Midsouth
2016-10-30,2016,10,30,1.48,2083055.0,conventional,Midsouth
2016-10-23,2016,10,23,1.47,2287508.0,conventional,Midsouth
2016-10-16,2016,10,16,1.4,2442982.0,conventional,Midsouth
2016-10-09,2016,10,9,1.39,2469382.0,conventional,Midsouth
2016-10-02,2016,10,2,1.38,2540672.0,conventional,Midsouth
2016-09-25,2016,9,25,1.37,2568161.0,conventional,Midsouth
2016-09-18,2016,9,18,1.28,2785256.0,conventional,Midsouth
2016-09-11,2016,9,11,1.18,3068639.0,conventional,Midsouth
2016-09-04,2016,9,4,1.2,3127950.0,conventional,Midsouth
2016-08-28,2016,8,28,1.3,2799098.0,conventional,Midsouth
2016-08-21,2016,8,21,1.27,2840526.0,conventional,Midsouth
2016-08-14,2016,8,14,1.29,2901787.0,conventional,Midsouth
2016-08-07,2016,8,7,1.3,2900751.0,conventional,Midsouth
2016-07-31,2016,7,31,1.35,2787002.0,conventional,Midsouth
2016-07-24,2016,7,24,1.32,2914818.0,conventional,Midsouth
2016-07-17,2016,7,17,1.26,2940449.0,conventional,Midsouth
2016-07-10,2016,7,10,1.19,3221651.0,conventional,Midsouth
2016-07-03,2016,7,3,1.15,3393696.0,conventional,Midsouth
2016-06-26,2016,6,26,1.17,3095674.0,conventional,Midsouth
2016-06-19,2016,6,19,1.16,3304968.0,conventional,Midsouth
2016-06-12,2016,6,12,1.15,3122351.0,conventional,Midsouth
2016-06-05,2016,6,5,1.14,3223814.0,conventional,Midsouth
2016-05-29,2016,5,29,1.09,3349139.0,conventional,Midsouth
2016-05-22,2016,5,22,1.08,3154318.0,conventional,Midsouth
2016-05-15,2016,5,15,1.04,3205038.0,conventional,Midsouth
2016-05-08,2016,5,8,0.95,3850646.0,conventional,Midsouth
2016-05-01,2016,5,1,0.99,3536334.0,conventional,Midsouth
2016-04-24,2016,4,24,1.04,3332610.0,conventional,Midsouth
2016-04-17,2016,4,17,1.06,3029003.0,conventional,Midsouth
2016-04-10,2016,4,10,1.05,2836885.0,conventional,Midsouth
2016-04-03,2016,4,3,1.07,2690268.0,conventional,Midsouth
2016-03-27,2016,3,27,1.08,2911903.0,conventional,Midsouth
2016-03-20,2016,3,20,1.05,3198477.0,conventional,Midsouth
2016-03-13,2016,3,13,1.07,3093898.0,conventional,Midsouth
2016-03-06,2016,3,6,1.1,2942516.0,conventional,Midsouth
2016-02-28,2016,2,28,1.05,3032920.0,conventional,Midsouth
2016-02-21,2016,2,21,1.06,2747176.0,conventional,Midsouth
2016-02-14,2016,2,14,0.99,3173460.0,conventional,Midsouth
2016-02-07,2016,2,7,0.91,4131615.0,conventional,Midsouth
2016-01-31,2016,1,31,1.0,2881461.0,conventional,Midsouth
2016-01-24,2016,1,24,1.01,3147903.0,conventional,Midsouth
2016-01-17,2016,1,17,1.05,3001684.0,conventional,Midsouth
2016-01-10,2016,1,10,1.04,2871899.0,conventional,Midsouth
2016-01-03,2016,1,3,1.01,2967930.0,conventional,Midsouth
