book/content/03/data/avocado.csv
Date,Year,Month,Day,Average Price,Total Volume,Type,Region
2015-12-27,2015,12,27,1.17,1129876.0,conventional,NewYork
2015-12-20,2015,12,20,1.23,1139348.0,conventional,NewYork
2015-12-13,2015,12,13,1.12,1254805.0,conventional,NewYork
2015-12-06,2015,12,6,1.2,1068972.0,conventional,NewYork
2015-11-29,2015,11,29,1.16,999170.0,conventional,NewYork
2015-11-22,2015,11,22,1.14,1111803.0,conventional,NewYork
2015-11-15,2015,11,15,1.04,1357393.0,conventional,NewYork
2015-11-08,2015,11,8,1.13,1406262.0,conventional,NewYork
2015-11-01,2015,11,1,1.06,2180520.0,conventional,NewYork
2015-10-25,2015,10,25,1.23,1048046.0,conventional,NewYork
2015-10-18,2015,10,18,0.97,1856338.0,conventional,NewYork
2015-10-11,2015,10,11,1.28,1099283.0,conventional,NewYork
2015-10-04,2015,10,4,1.26,1342963.0,conventional,NewYork
2015-09-27,2015,9,27,1.16,1201066.0,conventional,NewYork
2015-09-20,2015,9,20,1.18,1192211.0,conventional,NewYork
2015-09-13,2015,9,13,1.16,1479335.0,conventional,NewYork
2015-09-06,2015,9,6,1.22,1340926.0,conventional,NewYork
2015-08-30,2015,8,30,1.22,1251081.0,conventional,NewYork
2015-08-23,2015,8,23,1.1,1477964.0,conventional,NewYork
2015-08-16,2015,8,16,1.14,1535981.0,conventional,NewYork
2015-08-09,2015,8,9,1.1,1563915.0,conventional,NewYork
2015-08-02,2015,8,2,1.14,1458723.0,conventional,NewYork
2015-07-26,2015,7,26,1.28,1211731.0,conventional,NewYork
2015-07-19,2015,7,19,1.37,1251919.0,conventional,NewYork
2015-07-12,2015,7,12,1.27,1338282.0,conventional,NewYork
2015-07-05,2015,7,5,1.18,1666826.0,conventional,NewYork
2015-06-28,2015,6,28,1.36,1284789.0,conventional,NewYork
2015-06-21,2015,6,21,1.28,1667026.0,conventional,NewYork
2015-06-14,2015,6,14,1.32,1363134.0,conventional,NewYork
2015-06-07,2015,6,7,1.32,1731061.0,conventional,NewYork
2015-05-31,2015,5,31,1.43,1493219.0,conventional,NewYork
2015-05-24,2015,5,24,1.37,1515023.0,conventional,NewYork
2015-05-17,2015,5,17,1.43,1255553.0,conventional,NewYork
2015-05-10,2015,5,10,1.22,2118594.0,conventional,NewYork
2015-05-03,2015,5,3,1.32,1679103.0,conventional,NewYork
2015-04-26,2015,4,26,1.44,1295590.0,conventional,NewYork
2015-04-19,2015,4,19,1.42,1332515.0,conventional,NewYork
2015-04-12,2015,4,12,1.43,1084408.0,conventional,NewYork
2015-04-05,2015,4,5,1.41,1244324.0,conventional,NewYork
2015-03-29,2015,3,29,1.36,1183815.0,conventional,NewYork
2015-03-22,2015,3,22,1.33,1192732.0,conventional,NewYork
2015-03-15,2015,3,15,1.45,1097738.0,conventional,NewYork
2015-03-08,2015,3,8,1.36,1129334.0,conventional,NewYork
2015-03-01,2015,3,1,1.18,1338130.0,conventional,NewYork
2015-02-22,2015,2,22,1.33,1088977.0,conventional,NewYork
2015-02-15,2015,2,15,1.36,997562.0,conventional,NewYork
2015-02-08,2015,2,8,1.11,1658709.0,conventional,NewYork
2015-02-01,2015,2,1,1.36,1433763.0,conventional,NewYork
2015-01-25,2015,1,25,1.36,1102868.0,conventional,NewYork
2015-01-18,2015,1,18,1.37,1044281.0,conventional,NewYork
2015-01-11,2015,1,11,1.34,1018226.0,conventional,NewYork
2015-01-04,2015,1,4,1.09,1402890.0,conventional,NewYork
2016-12-25,2016,12,25,1.36,1087985.0,conventional,NewYork
2016-12-18,2016,12,18,1.26,1241382.0,conventional,NewYork
2016-12-11,2016,12,11,1.32,1163696.0,conventional,NewYork
2016-12-04,2016,12,4,1.52,960476.0,conventional,NewYork
2016-11-27,2016,11,27,1.56,970753.0,conventional,NewYork
2016-11-20,2016,11,20,1.59,1093097.0,conventional,NewYork
2016-11-13,2016,11,13,1.9,830018.0,conventional,NewYork
2016-11-06,2016,11,6,1.93,767191.0,conventional,NewYork
2016-10-30,2016,10,30,1.99,618280.0,conventional,NewYork
2016-10-23,2016,10,23,1.95,807565.0,conventional,NewYork
2016-10-16,2016,10,16,1.89,969847.0,conventional,NewYork
2016-10-09,2016,10,9,1.76,1031060.0,conventional,NewYork
2016-10-02,2016,10,2,1.72,1057931.0,conventional,NewYork
2016-09-25,2016,9,25,1.62,1061133.0,conventional,NewYork
2016-09-18,2016,9,18,1.5,1108446.0,conventional,NewYork
2016-09-11,2016,9,11,1.26,1558414.0,conventional,NewYork
2016-09-04,2016,9,4,1.47,1278749.0,conventional,NewYork
2016-08-28,2016,8,28,1.58,1212400.0,conventional,NewYork
2016-08-21,2016,8,21,1.47,1334938.0,conventional,NewYork
2016-08-14,2016,8,14,1.49,1275953.0,conventional,NewYork
2016-08-07,2016,8,7,1.54,1256918.0,conventional,NewYork
2016-07-31,2016,7,31,1.7,1122163.0,conventional,NewYork
2016-07-24,2016,7,24,1.68,1180374.0,conventional,NewYork
2016-07-17,2016,7,17,1.64,1076259.0,conventional,NewYork
2016-07-10,2016,7,10,1.51,1266200.0,conventional,NewYork
2016-07-03,2016,7,3,1.53,1280725.0,conventional,NewYork
2016-06-26,2016,6,26,1.2,1622152.0,conventional,NewYork
2016-06-19,2016,6,19,1.5,1372612.0,conventional,NewYork
2016-06-12,2016,6,12,1.44,1485642.0,conventional,NewYork
2016-06-05,2016,6,5,1.47,1447580.0,conventional,NewYork
2016-05-29,2016,5,29,1.08,1827100.0,conventional,NewYork
2016-05-22,2016,5,22,1.14,1586648.0,conventional,NewYork
2016-05-15,2016,5,15,1.14,1706730.0,conventional,NewYork
2016-05-08,2016,5,8,0.77,2740588.0,conventional,NewYork
2016-05-01,2016,5,1,1.22,1536110.0,conventional,NewYork
2016-04-24,2016,4,24,1.12,1718056.0,conventional,NewYork
2016-04-17,2016,4,17,1.08,1030787.0,conventional,NewYork
2016-04-10,2016,4,10,1.09,987898.0,conventional,NewYork
2016-04-03,2016,4,3,1.31,1240608.0,conventional,NewYork
2016-03-27,2016,3,27,1.32,1395562.0,conventional,NewYork
2016-03-20,2016,3,20,1.09,1743195.0,conventional,NewYork
2016-03-13,2016,3,13,1.17,1600417.0,conventional,NewYork
2016-03-06,2016,3,6,1.24,1455656.0,conventional,NewYork
2016-02-28,2016,2,28,1.15,1594428.0,conventional,NewYork
2016-02-21,2016,2,21,1.21,1315178.0,conventional,NewYork
2016-02-14,2016,2,14,1.09,1806981.0,conventional,NewYork
2016-02-07,2016,2,7,0.95,2202128.0,conventional,NewYork
2016-01-31,2016,1,31,1.02,1615465.0,conventional,NewYork
2016-01-24,2016,1,24,1.3,1429243.0,conventional,NewYork
2016-01-17,2016,1,17,1.01,1840344.0,conventional,NewYork
2016-01-10,2016,1,10,1.15,1364273.0,conventional,NewYork
2016-01-03,2016,1,3,1.07,1454164.0,conventional,NewYork
2015-12-27,2015,12,27,1.2,3156360.0,conventional,Northeast
2015-12-20,2015,12,20,1.2,3190120.0,conventional,Northeast
2015-12-13,2015,12,13,1.09,3696552.0,conventional,Northeast
2015-12-06,2015,12,6,1.14,3218495.0,conventional,Northeast
2015-11-29,2015,11,29,1.22,2593781.0,conventional,Northeast
2015-11-22,2015,11,22,1.16,3026217.0,conventional,Northeast
2015-11-15,2015,11,15,1.09,3538946.0,conventional,Northeast
2015-11-08,2015,11,8,1.1,4205775.0,conventional,Northeast
2015-11-01,2015,11,1,1.09,4801621.0,conventional,Northeast
2015-10-25,2015,10,25,1.15,3306614.0,conventional,Northeast
2015-10-18,2015,10,18,0.99,4866607.0,conventional,Northeast
2015-10-11,2015,10,11,1.23,3307829.0,conventional,Northeast
2015-10-04,2015,10,4,1.21,3585183.0,conventional,Northeast
2015-09-27,2015,9,27,1.13,3739073.0,conventional,Northeast
2015-09-20,2015,9,20,1.21,3334592.0,conventional,Northeast
2015-09-13,2015,9,13,1.14,4205295.0,conventional,Northeast
2015-09-06,2015,9,6,1.18,4088062.0,conventional,Northeast
2015-08-30,2015,8,30,1.2,3825967.0,conventional,Northeast
2015-08-23,2015,8,23,1.13,4146221.0,conventional,Northeast
2015-08-16,2015,8,16,1.17,4221435.0,conventional,Northeast
2015-08-09,2015,8,9,1.1,4786334.0,conventional,Northeast
2015-08-02,2015,8,2,1.19,4154659.0,conventional,Northeast
2015-07-26,2015,7,26,1.28,3757525.0,conventional,Northeast
2015-07-19,2015,7,19,1.27,4169213.0,conventional,Northeast
2015-07-12,2015,7,12,1.2,4454139.0,conventional,Northeast
2015-07-05,2015,7,5,1.24,4855274.0,conventional,Northeast
2015-06-28,2015,6,28,1.3,4100932.0,conventional,Northeast
2015-06-21,2015,6,21,1.27,4508474.0,conventional,Northeast
2015-06-14,2015,6,14,1.2,4561750.0,conventional,Northeast
2015-06-07,2015,6,7,1.27,4721927.0,conventional,Northeast
2015-05-31,2015,5,31,1.34,4329240.0,conventional,Northeast
2015-05-24,2015,5,24,1.26,4661457.0,conventional,Northeast
2015-05-17,2015,5,17,1.33,4094678.0,conventional,Northeast
2015-05-10,2015,5,10,1.21,5498650.0,conventional,Northeast
2015-05-03,2015,5,3,1.24,4597313.0,conventional,Northeast
2015-04-26,2015,4,26,1.36,3646364.0,conventional,Northeast
2015-04-19,2015,4,19,1.31,3786141.0,conventional,Northeast
2015-04-12,2015,4,12,1.33,3203213.0,conventional,Northeast
2015-04-05,2015,4,5,1.34,3467771.0,conventional,Northeast
2015-03-29,2015,3,29,1.26,3497027.0,conventional,Northeast
2015-03-22,2015,3,22,1.22,3520409.0,conventional,Northeast
2015-03-15,2015,3,15,1.34,3135992.0,conventional,Northeast
2015-03-08,2015,3,8,1.27,3250833.0,conventional,Northeast
2015-03-01,2015,3,1,1.15,3780455.0,conventional,Northeast
2015-02-22,2015,2,22,1.29,3042447.0,conventional,Northeast
2015-02-15,2015,2,15,1.29,2983696.0,conventional,Northeast
2015-02-08,2015,2,8,1.09,4457049.0,conventional,Northeast
2015-02-01,2015,2,1,1.23,4298883.0,conventional,Northeast
2015-01-25,2015,1,25,1.27,3238502.0,conventional,Northeast
2015-01-18,2015,1,18,1.32,3066790.0,conventional,Northeast
2015-01-11,2015,1,11,1.28,3056025.0,conventional,Northeast
2015-01-04,2015,1,4,1.09,3759283.0,conventional,Northeast
2016-12-25,2016,12,25,1.36,3216471.0,conventional,Northeast
2016-12-18,2016,12,18,1.22,3686006.0,conventional,Northeast
2016-12-11,2016,12,11,1.32,3381321.0,conventional,Northeast
2016-12-04,2016,12,4,1.4,3222664.0,conventional,Northeast
2016-11-27,2016,11,27,1.51,2701518.0,conventional,Northeast
2016-11-20,2016,11,20,1.51,3206947.0,conventional,Northeast
2016-11-13,2016,11,13,1.67,2706838.0,conventional,Northeast
2016-11-06,2016,11,6,1.71,2507401.0,conventional,Northeast
2016-10-30,2016,10,30,1.72,2364424.0,conventional,Northeast
2016-10-23,2016,10,23,1.67,2916579.0,conventional,Northeast
2016-10-16,2016,10,16,1.65,3107049.0,conventional,Northeast
2016-10-09,2016,10,9,1.54,3350950.0,conventional,Northeast
2016-10-02,2016,10,2,1.59,3257753.0,conventional,Northeast
2016-09-25,2016,9,25,1.53,3458791.0,conventional,Northeast
2016-09-18,2016,9,18,1.45,3442454.0,conventional,Northeast
2016-09-11,2016,9,11,1.28,4456958.0,conventional,Northeast
2016-09-04,2016,9,4,1.4,4019649.0,conventional,Northeast
2016-08-28,2016,8,28,1.4,4309302.0,conventional,Northeast
2016-08-21,2016,8,21,1.4,4127080.0,conventional,Northeast
2016-08-14,2016,8,14,1.37,4195423.0,conventional,Northeast
2016-08-07,2016,8,7,1.47,4024822.0,conventional,Northeast
2016-07-31,2016,7,31,1.6,3813808.0,conventional,Northeast
2016-07-24,2016,7,24,1.54,3834291.0,conventional,Northeast
2016-07-17,2016,7,17,1.49,3736814.0,conventional,Northeast
2016-07-10,2016,7,10,1.33,4487626.0,conventional,Northeast
2016-07-03,2016,7,3,1.41,4486745.0,conventional,Northeast
2016-06-26,2016,6,26,1.28,4840950.0,conventional,Northeast
2016-06-19,2016,6,19,1.4,4506893.0,conventional,Northeast
2016-06-12,2016,6,12,1.34,4599029.0,conventional,Northeast
2016-06-05,2016,6,5,1.35,4570516.0,conventional,Northeast
2016-05-29,2016,5,29,1.14,5141315.0,conventional,Northeast
2016-05-22,2016,5,22,1.14,4609250.0,conventional,Northeast
2016-05-15,2016,5,15,1.13,4999101.0,conventional,Northeast
2016-05-08,2016,5,8,0.87,6899727.0,conventional,Northeast
2016-05-01,2016,5,1,1.12,5247267.0,conventional,Northeast
2016-04-24,2016,4,24,1.13,4815249.0,conventional,Northeast
2016-04-17,2016,4,17,1.12,3849051.0,conventional,Northeast
2016-04-10,2016,4,10,1.09,3756625.0,conventional,Northeast
2016-04-03,2016,4,3,1.18,3872681.0,conventional,Northeast
2016-03-27,2016,3,27,1.23,4239017.0,conventional,Northeast
2016-03-20,2016,3,20,1.11,4834759.0,conventional,Northeast
2016-03-13,2016,3,13,1.13,4713935.0,conventional,Northeast
2016-03-06,2016,3,6,1.21,4226926.0,conventional,Northeast
2016-02-28,2016,2,28,1.15,4481119.0,conventional,Northeast
2016-02-21,2016,2,21,1.21,3948235.0,conventional,Northeast
2016-02-14,2016,2,14,1.08,4959258.0,conventional,Northeast
2016-02-07,2016,2,7,1.03,5919226.0,conventional,Northeast
2016-01-31,2016,1,31,1.06,4650798.0,conventional,Northeast
2016-01-24,2016,1,24,1.21,4412281.0,conventional,Northeast
2016-01-17,2016,1,17,1.09,4891516.0,conventional,Northeast
2016-01-10,2016,1,10,1.2,3890225.0,conventional,Northeast
2016-01-03,2016,1,3,1.07,4524220.0,conventional,Northeast
2015-12-27,2015,12,27,0.99,305774.0,conventional,Orlando
2015-12-20,2015,12,20,1.21,200075.0,conventional,Orlando
2015-12-13,2015,12,13,0.96,310102.0,conventional,Orlando
2015-12-06,2015,12,6,1.2,199064.0,conventional,Orlando
2015-11-29,2015,11,29,0.96,262684.0,conventional,Orlando
2015-11-22,2015,11,22,0.98,266951.0,conventional,Orlando
2015-11-15,2015,11,15,1.24,200715.0,conventional,Orlando
2015-11-08,2015,11,8,1.24,202955.0,conventional,Orlando
2015-11-01,2015,11,1,0.97,330071.0,conventional,Orlando
2015-10-25,2015,10,25,1.25,210266.0,conventional,Orlando
2015-10-18,2015,10,18,1.24,204526.0,conventional,Orlando
2015-10-11,2015,10,11,1.0,308033.0,conventional,Orlando
2015-10-04,2015,10,4,1.0,332997.0,conventional,Orlando
2015-09-27,2015,9,27,1.28,202457.0,conventional,Orlando
2015-09-20,2015,9,20,0.99,329685.0,conventional,Orlando
2015-09-13,2015,9,13,1.23,221548.0,conventional,Orlando
2015-09-06,2015,9,6,0.99,375737.0,conventional,Orlando
2015-08-30,2015,8,30,1.25,238270.0,conventional,Orlando
2015-08-23,2015,8,23,1.21,228926.0,conventional,Orlando
2015-08-16,2015,8,16,1.23,240186.0,conventional,Orlando
2015-08-09,2015,8,9,0.99,388550.0,conventional,Orlando
2015-08-02,2015,8,2,1.24,240822.0,conventional,Orlando
2015-07-26,2015,7,26,1.22,239842.0,conventional,Orlando
2015-07-19,2015,7,19,0.98,363733.0,conventional,Orlando
2015-07-12,2015,7,12,1.22,245529.0,conventional,Orlando
2015-07-05,2015,7,5,0.97,420329.0,conventional,Orlando
2015-06-28,2015,6,28,1.15,277854.0,conventional,Orlando
2015-06-21,2015,6,21,0.96,394035.0,conventional,Orlando
2015-06-14,2015,6,14,1.22,256150.0,conventional,Orlando
2015-06-07,2015,6,7,0.98,391557.0,conventional,Orlando
2015-05-31,2015,5,31,1.26,250040.0,conventional,Orlando
2015-05-24,2015,5,24,1.0,401991.0,conventional,Orlando
2015-05-17,2015,5,17,1.23,243266.0,conventional,Orlando
2015-05-10,2015,5,10,1.23,257033.0,conventional,Orlando
2015-05-03,2015,5,3,0.98,501574.0,conventional,Orlando
2015-04-26,2015,4,26,1.23,257308.0,conventional,Orlando
2015-04-19,2015,4,19,1.23,231777.0,conventional,Orlando
2015-04-12,2015,4,12,0.99,375364.0,conventional,Orlando
2015-04-05,2015,4,5,1.1,300680.0,conventional,Orlando
2015-03-29,2015,3,29,1.25,216925.0,conventional,Orlando
2015-03-22,2015,3,22,0.98,363504.0,conventional,Orlando
2015-03-15,2015,3,15,1.27,226248.0,conventional,Orlando
2015-03-08,2015,3,8,1.27,219072.0,conventional,Orlando
2015-03-01,2015,3,1,1.0,316199.0,conventional,Orlando
2015-02-22,2015,2,22,1.18,226965.0,conventional,Orlando
2015-02-15,2015,2,15,1.26,204812.0,conventional,Orlando
2015-02-08,2015,2,8,1.23,204397.0,conventional,Orlando
2015-02-01,2015,2,1,0.95,489225.0,conventional,Orlando
2015-01-25,2015,1,25,1.28,211991.0,conventional,Orlando
2015-01-18,2015,1,18,1.33,191078.0,conventional,Orlando
2015-01-11,2015,1,11,1.29,202035.0,conventional,Orlando
2015-01-04,2015,1,4,1.0,281803.0,conventional,Orlando
2016-12-25,2016,12,25,0.94,359006.0,conventional,Orlando
2016-12-18,2016,12,18,0.92,333093.0,conventional,Orlando
2016-12-11,2016,12,11,1.22,247660.0,conventional,Orlando
2016-12-04,2016,12,4,0.97,398860.0,conventional,Orlando
2016-11-27,2016,11,27,1.46,221374.0,conventional,Orlando
2016-11-20,2016,11,20,1.46,239374.0,conventional,Orlando
2016-11-13,2016,11,13,1.4,250639.0,conventional,Orlando
2016-11-06,2016,11,6,1.47,236697.0,conventional,Orlando
2016-10-30,2016,10,30,1.54,223225.0,conventional,Orlando
2016-10-23,2016,10,23,1.52,236500.0,conventional,Orlando
2016-10-16,2016,10,16,1.23,311364.0,conventional,Orlando
2016-10-09,2016,10,9,1.44,267399.0,conventional,Orlando
2016-10-02,2016,10,2,1.45,301939.0,conventional,Orlando
2016-09-25,2016,9,25,1.4,302809.0,conventional,Orlando
2016-09-18,2016,9,18,1.16,319544.0,conventional,Orlando
2016-09-11,2016,9,11,1.18,312267.0,conventional,Orlando
2016-09-04,2016,9,4,0.97,477301.0,conventional,Orlando
2016-08-28,2016,8,28,1.18,326913.0,conventional,Orlando
2016-08-21,2016,8,21,1.19,347563.0,conventional,Orlando
2016-08-14,2016,8,14,1.14,416694.0,conventional,Orlando
2016-08-07,2016,8,7,1.23,327168.0,conventional,Orlando
2016-07-31,2016,7,31,1.24,320003.0,conventional,Orlando
2016-07-24,2016,7,24,1.22,336367.0,conventional,Orlando
2016-07-17,2016,7,17,1.17,348318.0,conventional,Orlando
2016-07-10,2016,7,10,1.17,341532.0,conventional,Orlando
2016-07-03,2016,7,3,0.93,553640.0,conventional,Orlando
2016-06-26,2016,6,26,1.18,333569.0,conventional,Orlando
2016-06-19,2016,6,19,0.97,454278.0,conventional,Orlando
2016-06-12,2016,6,12,1.24,293812.0,conventional,Orlando
2016-06-05,2016,6,5,0.97,448118.0,conventional,Orlando
2016-05-29,2016,5,29,0.95,481069.0,conventional,Orlando
2016-05-22,2016,5,22,1.17,312533.0,conventional,Orlando
2016-05-15,2016,5,15,0.83,512840.0,conventional,Orlando
2016-05-08,2016,5,8,0.95,432737.0,conventional,Orlando
2016-05-01,2016,5,1,0.76,667818.0,conventional,Orlando
2016-04-24,2016,4,24,0.83,533831.0,conventional,Orlando
2016-04-17,2016,4,17,1.06,347881.0,conventional,Orlando
2016-04-10,2016,4,10,0.83,517278.0,conventional,Orlando
2016-04-03,2016,4,3,1.05,349122.0,conventional,Orlando
2016-03-27,2016,3,27,1.06,311572.0,conventional,Orlando
2016-03-20,2016,3,20,1.09,291755.0,conventional,Orlando
2016-03-13,2016,3,13,0.84,479956.0,conventional,Orlando
2016-03-06,2016,3,6,1.08,291732.0,conventional,Orlando
2016-02-28,2016,2,28,0.82,496973.0,conventional,Orlando
2016-02-21,2016,2,21,1.05,296932.0,conventional,Orlando
2016-02-14,2016,2,14,0.96,312271.0,conventional,Orlando
2016-02-07,2016,2,7,0.58,696369.0,conventional,Orlando
2016-01-31,2016,1,31,1.03,329627.0,conventional,Orlando
2016-01-24,2016,1,24,0.93,399752.0,conventional,Orlando
2016-01-17,2016,1,17,1.19,248039.0,conventional,Orlando
2016-01-10,2016,1,10,0.96,413414.0,conventional,Orlando
2016-01-03,2016,1,3,1.11,308712.0,conventional,Orlando
