book/content/03/data/avocado.csv
Date,Year,Month,Day,Average Price,Total Volume,Type,Region
2015-12-27,2015,12,27,1.25,308547.0,conventional,Philadelphia
2015-12-20,2015,12,20,1.33,306843.0,conventional,Philadelphia
2015-12-13,2015,12,13,1.18,352369.0,conventional,Philadelphia
2015-12-06,2015,12,6,1.18,346896.0,conventional,Philadelphia
2015-11-29,2015,11,29,1.23,275092.0,conventional,Philadelphia
2015-11-22,2015,11,22,1.23,320058.0,conventional,Philadelphia
2015-11-15,2015,11,15,1.17,363548.0,conventional,Philadelphia
2015-11-08,2015,11,8,1.27,374934.0,conventional,Philadelphia
2015-11-01,2015,11,1,1.13,559566.0,conventional,Philadelphia
2015-10-25,2015,10,25,1.19,398338.0,conventional,Philadelphia
2015-10-18,2015,10,18,1.06,496237.0,conventional,Philadelphia
2015-10-11,2015,10,11,1.26,373651.0,conventional,Philadelphia
2015-10-04,2015,10,4,1.28,388206.0,conventional,Philadelphia
2015-09-27,2015,9,27,1.25,368780.0,conventional,Philadelphia
2015-09-20,2015,9,20,1.25,361362.0,conventional,Philadelphia
2015-09-13,2015,9,13,1.19,454796.0,conventional,Philadelphia
2015-09-06,2015,9,6,1.25,399062.0,conventional,Philadelphia
2015-08-30,2015,8,30,1.26,381319.0,conventional,Philadelphia
2015-08-23,2015,8,23,1.09,449716.0,conventional,Philadelphia
2015-08-16,2015,8,16,1.2,425708.0,conventional,Philadelphia
2015-08-09,2015,8,9,1.19,405556.0,conventional,Philadelphia
2015-08-02,2015,8,2,1.21,399212.0,conventional,Philadelphia
2015-07-26,2015,7,26,1.36,373032.0,conventional,Philadelphia
2015-07-19,2015,7,19,1.39,369974.0,conventional,Philadelphia
2015-07-12,2015,7,12,1.38,372062.0,conventional,Philadelphia
2015-07-05,2015,7,5,1.25,460459.0,conventional,Philadelphia
2015-06-28,2015,6,28,1.38,378931.0,conventional,Philadelphia
2015-06-21,2015,6,21,1.33,456983.0,conventional,Philadelphia
2015-06-14,2015,6,14,1.32,421514.0,conventional,Philadelphia
2015-06-07,2015,6,7,1.35,476827.0,conventional,Philadelphia
2015-05-31,2015,5,31,1.43,436028.0,conventional,Philadelphia
2015-05-24,2015,5,24,1.4,440574.0,conventional,Philadelphia
2015-05-17,2015,5,17,1.44,388800.0,conventional,Philadelphia
2015-05-10,2015,5,10,1.32,535923.0,conventional,Philadelphia
2015-05-03,2015,5,3,1.22,548557.0,conventional,Philadelphia
2015-04-26,2015,4,26,1.46,385542.0,conventional,Philadelphia
2015-04-19,2015,4,19,1.43,389414.0,conventional,Philadelphia
2015-04-12,2015,4,12,1.44,335390.0,conventional,Philadelphia
2015-04-05,2015,4,5,1.43,365947.0,conventional,Philadelphia
2015-03-29,2015,3,29,1.39,339877.0,conventional,Philadelphia
2015-03-22,2015,3,22,1.18,449262.0,conventional,Philadelphia
2015-03-15,2015,3,15,1.44,331457.0,conventional,Philadelphia
2015-03-08,2015,3,8,1.4,349610.0,conventional,Philadelphia
2015-03-01,2015,3,1,1.24,392412.0,conventional,Philadelphia
2015-02-22,2015,2,22,1.36,348215.0,conventional,Philadelphia
2015-02-15,2015,2,15,1.34,335173.0,conventional,Philadelphia
2015-02-08,2015,2,8,1.09,477876.0,conventional,Philadelphia
2015-02-01,2015,2,1,1.14,569305.0,conventional,Philadelphia
2015-01-25,2015,1,25,1.36,355646.0,conventional,Philadelphia
2015-01-18,2015,1,18,1.4,331495.0,conventional,Philadelphia
2015-01-11,2015,1,11,1.38,315984.0,conventional,Philadelphia
2015-01-04,2015,1,4,1.1,407676.0,conventional,Philadelphia
2016-12-25,2016,12,25,1.43,329494.0,conventional,Philadelphia
2016-12-18,2016,12,18,1.38,336267.0,conventional,Philadelphia
2016-12-11,2016,12,11,1.37,356716.0,conventional,Philadelphia
2016-12-04,2016,12,4,1.54,301330.0,conventional,Philadelphia
2016-11-27,2016,11,27,1.57,279131.0,conventional,Philadelphia
2016-11-20,2016,11,20,1.57,328557.0,conventional,Philadelphia
2016-11-13,2016,11,13,1.72,293853.0,conventional,Philadelphia
2016-11-06,2016,11,6,1.86,269770.0,conventional,Philadelphia
2016-10-30,2016,10,30,1.83,254423.0,conventional,Philadelphia
2016-10-23,2016,10,23,1.89,293380.0,conventional,Philadelphia
2016-10-16,2016,10,16,1.74,335408.0,conventional,Philadelphia
2016-10-09,2016,10,9,1.71,355668.0,conventional,Philadelphia
2016-10-02,2016,10,2,1.61,366233.0,conventional,Philadelphia
2016-09-25,2016,9,25,1.54,366205.0,conventional,Philadelphia
2016-09-18,2016,9,18,1.41,403065.0,conventional,Philadelphia
2016-09-11,2016,9,11,1.24,499660.0,conventional,Philadelphia
2016-09-04,2016,9,4,1.3,488464.0,conventional,Philadelphia
2016-08-28,2016,8,28,1.49,418743.0,conventional,Philadelphia
2016-08-21,2016,8,21,1.45,408491.0,conventional,Philadelphia
2016-08-14,2016,8,14,1.43,415100.0,conventional,Philadelphia
2016-08-07,2016,8,7,1.45,411252.0,conventional,Philadelphia
2016-07-31,2016,7,31,1.57,376353.0,conventional,Philadelphia
2016-07-24,2016,7,24,1.56,389535.0,conventional,Philadelphia
2016-07-17,2016,7,17,1.52,392042.0,conventional,Philadelphia
2016-07-10,2016,7,10,1.47,420055.0,conventional,Philadelphia
2016-07-03,2016,7,3,1.47,427325.0,conventional,Philadelphia
2016-06-26,2016,6,26,1.24,478875.0,conventional,Philadelphia
2016-06-19,2016,6,19,1.46,421529.0,conventional,Philadelphia
2016-06-12,2016,6,12,1.44,426672.0,conventional,Philadelphia
2016-06-05,2016,6,5,1.44,450347.0,conventional,Philadelphia
2016-05-29,2016,5,29,1.18,484287.0,conventional,Philadelphia
2016-05-22,2016,5,22,1.2,459980.0,conventional,Philadelphia
2016-05-15,2016,5,15,1.22,474934.0,conventional,Philadelphia
2016-05-08,2016,5,8,0.91,698602.0,conventional,Philadelphia
2016-05-01,2016,5,1,1.21,478385.0,conventional,Philadelphia
2016-04-24,2016,4,24,1.17,504961.0,conventional,Philadelphia
2016-04-17,2016,4,17,1.17,366449.0,conventional,Philadelphia
2016-04-10,2016,4,10,1.17,346081.0,conventional,Philadelphia
2016-04-03,2016,4,3,1.28,370754.0,conventional,Philadelphia
2016-03-27,2016,3,27,1.29,417871.0,conventional,Philadelphia
2016-03-20,2016,3,20,1.05,543578.0,conventional,Philadelphia
2016-03-13,2016,3,13,1.1,533502.0,conventional,Philadelphia
2016-03-06,2016,3,6,1.33,417689.0,conventional,Philadelphia
2016-02-28,2016,2,28,1.27,419882.0,conventional,Philadelphia
2016-02-21,2016,2,21,1.26,409152.0,conventional,Philadelphia
2016-02-14,2016,2,14,1.19,445229.0,conventional,Philadelphia
2016-02-07,2016,2,7,0.96,675833.0,conventional,Philadelphia
2016-01-31,2016,1,31,1.04,469689.0,conventional,Philadelphia
2016-01-24,2016,1,24,1.34,448784.0,conventional,Philadelphia
2016-01-17,2016,1,17,1.14,492566.0,conventional,Philadelphia
2016-01-10,2016,1,10,1.23,413224.0,conventional,Philadelphia
2016-01-03,2016,1,3,1.19,421093.0,conventional,Philadelphia
2015-12-27,2015,12,27,0.49,1137707.0,conventional,PhoenixTucson
2015-12-20,2015,12,20,0.53,1097224.0,conventional,PhoenixTucson
2015-12-13,2015,12,13,0.66,907470.0,conventional,PhoenixTucson
2015-12-06,2015,12,6,0.56,1105500.0,conventional,PhoenixTucson
2015-11-29,2015,11,29,0.75,724916.0,conventional,PhoenixTucson
2015-11-22,2015,11,22,0.77,737834.0,conventional,PhoenixTucson
2015-11-15,2015,11,15,0.62,1010132.0,conventional,PhoenixTucson
2015-11-08,2015,11,8,0.6,1102272.0,conventional,PhoenixTucson
2015-11-01,2015,11,1,0.71,907452.0,conventional,PhoenixTucson
2015-10-25,2015,10,25,0.83,761262.0,conventional,PhoenixTucson
2015-10-18,2015,10,18,0.65,1094731.0,conventional,PhoenixTucson
2015-10-11,2015,10,11,0.89,795733.0,conventional,PhoenixTucson
2015-10-04,2015,10,4,0.89,726096.0,conventional,PhoenixTucson
2015-09-27,2015,9,27,0.91,664202.0,conventional,PhoenixTucson
2015-09-20,2015,9,20,0.71,892151.0,conventional,PhoenixTucson
2015-09-13,2015,9,13,0.71,1100902.0,conventional,PhoenixTucson
2015-09-06,2015,9,6,0.58,1390418.0,conventional,PhoenixTucson
2015-08-30,2015,8,30,0.74,939786.0,conventional,PhoenixTucson
2015-08-23,2015,8,23,0.78,873857.0,conventional,PhoenixTucson
2015-08-16,2015,8,16,0.66,1203150.0,conventional,PhoenixTucson
2015-08-09,2015,8,9,0.79,981975.0,conventional,PhoenixTucson
2015-08-02,2015,8,2,0.78,946868.0,conventional,PhoenixTucson
2015-07-26,2015,7,26,0.77,903242.0,conventional,PhoenixTucson
2015-07-19,2015,7,19,0.76,928600.0,conventional,PhoenixTucson
2015-07-12,2015,7,12,0.7,1015567.0,conventional,PhoenixTucson
2015-07-05,2015,7,5,0.56,1456836.0,conventional,PhoenixTucson
2015-06-28,2015,6,28,0.7,955511.0,conventional,PhoenixTucson
2015-06-21,2015,6,21,0.54,1343181.0,conventional,PhoenixTucson
2015-06-14,2015,6,14,0.53,1353850.0,conventional,PhoenixTucson
2015-06-07,2015,6,7,0.52,1457360.0,conventional,PhoenixTucson
2015-05-31,2015,5,31,0.56,1282096.0,conventional,PhoenixTucson
2015-05-24,2015,5,24,0.58,1261540.0,conventional,PhoenixTucson
2015-05-17,2015,5,17,0.67,1013050.0,conventional,PhoenixTucson
2015-05-10,2015,5,10,0.67,1072300.0,conventional,PhoenixTucson
2015-05-03,2015,5,3,0.6,1268607.0,conventional,PhoenixTucson
2015-04-26,2015,4,26,0.53,1272429.0,conventional,PhoenixTucson
2015-04-19,2015,4,19,0.51,1366845.0,conventional,PhoenixTucson
2015-04-12,2015,4,12,0.66,1019281.0,conventional,PhoenixTucson
2015-04-05,2015,4,5,0.57,1320321.0,conventional,PhoenixTucson
2015-03-29,2015,3,29,0.57,1231267.0,conventional,PhoenixTucson
2015-03-22,2015,3,22,0.71,1089117.0,conventional,PhoenixTucson
2015-03-15,2015,3,15,0.6,1326721.0,conventional,PhoenixTucson
2015-03-08,2015,3,8,0.72,1042159.0,conventional,PhoenixTucson
2015-03-01,2015,3,1,0.7,1031351.0,conventional,PhoenixTucson
2015-02-22,2015,2,22,0.63,1163115.0,conventional,PhoenixTucson
2015-02-15,2015,2,15,0.6,1159510.0,conventional,PhoenixTucson
2015-02-08,2015,2,8,0.64,1151157.0,conventional,PhoenixTucson
2015-02-01,2015,2,1,0.56,1544751.0,conventional,PhoenixTucson
2015-01-25,2015,1,25,0.61,1233503.0,conventional,PhoenixTucson
2015-01-18,2015,1,18,0.67,1088609.0,conventional,PhoenixTucson
2015-01-11,2015,1,11,0.61,1110753.0,conventional,PhoenixTucson
2015-01-04,2015,1,4,0.65,1048062.0,conventional,PhoenixTucson
2016-12-25,2016,12,25,0.64,1108953.0,conventional,PhoenixTucson
2016-12-18,2016,12,18,0.56,1236204.0,conventional,PhoenixTucson
2016-12-11,2016,12,11,0.67,1056806.0,conventional,PhoenixTucson
2016-12-04,2016,12,4,0.63,1164027.0,conventional,PhoenixTucson
2016-11-27,2016,11,27,0.72,907516.0,conventional,PhoenixTucson
2016-11-20,2016,11,20,0.7,1226126.0,conventional,PhoenixTucson
2016-11-13,2016,11,13,0.94,911367.0,conventional,PhoenixTucson
2016-11-06,2016,11,6,1.0,734433.0,conventional,PhoenixTucson
2016-10-30,2016,10,30,1.11,644652.0,conventional,PhoenixTucson
2016-10-23,2016,10,23,1.02,699711.0,conventional,PhoenixTucson
2016-10-16,2016,10,16,1.03,831121.0,conventional,PhoenixTucson
2016-10-09,2016,10,9,0.99,885661.0,conventional,PhoenixTucson
2016-10-02,2016,10,2,1.03,815712.0,conventional,PhoenixTucson
2016-09-25,2016,9,25,1.04,811940.0,conventional,PhoenixTucson
2016-09-18,2016,9,18,1.0,826739.0,conventional,PhoenixTucson
2016-09-11,2016,9,11,0.88,961998.0,conventional,PhoenixTucson
2016-09-04,2016,9,4,0.64,1455771.0,conventional,PhoenixTucson
2016-08-28,2016,8,28,0.79,1024800.0,conventional,PhoenixTucson
2016-08-21,2016,8,21,0.58,1459911.0,conventional,PhoenixTucson
2016-08-14,2016,8,14,0.69,1325975.0,conventional,PhoenixTucson
2016-08-07,2016,8,7,0.64,1522369.0,conventional,PhoenixTucson
2016-07-31,2016,7,31,1.0,851296.0,conventional,PhoenixTucson
2016-07-24,2016,7,24,0.94,922526.0,conventional,PhoenixTucson
2016-07-17,2016,7,17,0.92,864517.0,conventional,PhoenixTucson
2016-07-10,2016,7,10,0.89,995348.0,conventional,PhoenixTucson
2016-07-03,2016,7,3,0.77,1069906.0,conventional,PhoenixTucson
2016-06-26,2016,6,26,0.6,1360169.0,conventional,PhoenixTucson
2016-06-19,2016,6,19,0.62,1348892.0,conventional,PhoenixTucson
2016-06-12,2016,6,12,0.81,991221.0,conventional,PhoenixTucson
2016-06-05,2016,6,5,0.67,1197278.0,conventional,PhoenixTucson
2016-05-29,2016,5,29,0.58,1342825.0,conventional,PhoenixTucson
2016-05-22,2016,5,22,0.68,1063411.0,conventional,PhoenixTucson
2016-05-15,2016,5,15,0.55,1318932.0,conventional,PhoenixTucson
2016-05-08,2016,5,8,0.57,1489269.0,conventional,PhoenixTucson
2016-05-01,2016,5,1,0.62,1178000.0,conventional,PhoenixTucson
2016-04-24,2016,4,24,0.54,1352495.0,conventional,PhoenixTucson
2016-04-17,2016,4,17,0.61,1166007.0,conventional,PhoenixTucson
2016-04-10,2016,4,10,0.56,1387970.0,conventional,PhoenixTucson
2016-04-03,2016,4,3,0.61,1091234.0,conventional,PhoenixTucson
2016-03-27,2016,3,27,0.54,1423940.0,conventional,PhoenixTucson
2016-03-20,2016,3,20,0.56,1339528.0,conventional,PhoenixTucson
2016-03-13,2016,3,13,0.64,1103110.0,conventional,PhoenixTucson
2016-03-06,2016,3,6,0.51,1442973.0,conventional,PhoenixTucson
2016-02-28,2016,2,28,0.57,1290021.0,conventional,PhoenixTucson
2016-02-21,2016,2,21,0.67,1098968.0,conventional,PhoenixTucson
2016-02-14,2016,2,14,0.61,1209858.0,conventional,PhoenixTucson
2016-02-07,2016,2,7,0.55,1609195.0,conventional,PhoenixTucson
2016-01-31,2016,1,31,0.64,1113755.0,conventional,PhoenixTucson
2016-01-24,2016,1,24,0.61,1016721.0,conventional,PhoenixTucson
2016-01-17,2016,1,17,0.71,1069974.0,conventional,PhoenixTucson
2016-01-10,2016,1,10,0.59,1276129.0,conventional,PhoenixTucson
2016-01-03,2016,1,3,0.62,1092067.0,conventional,PhoenixTucson
