book/content/03/data/avocado.csv
Date,Year,Month,Day,Average Price,Total Volume,Type,Region
2015-12-27,2015,12,27,1.25,73110.0,conventional,Pittsburgh
2015-12-20,2015,12,20,1.22,68973.0,conventional,Pittsburgh
2015-12-13,2015,12,13,1.19,65333.0,conventional,Pittsburgh
2015-12-06,2015,12,6,1.21,61870.0,conventional,Pittsburgh
2015-11-29,2015,11,29,1.26,54780.0,conventional,Pittsburgh
2015-11-22,2015,11,22,1.3,63346.0,conventional,Pittsburgh
2015-11-15,2015,11,15,1.24,64519.0,conventional,Pittsburgh
2015-11-08,2015,11,8,0.93,123489.0,conventional,Pittsburgh
2015-11-01,2015,11,1,1.16,81574.0,conventional,Pittsburgh
2015-10-25,2015,10,25,1.22,69192.0,conventional,Pittsburgh
2015-10-18,2015,10,18,1.23,70133.0,conventional,Pittsburgh
2015-10-11,2015,10,11,0.96,84054.0,conventional,Pittsburgh
2015-10-04,2015,10,4,0.99,89538.0,conventional,Pittsburgh
2015-09-27,2015,9,27,1.11,91559.0,conventional,Pittsburgh
2015-09-20,2015,9,20,1.19,74826.0,conventional,Pittsburgh
2015-09-13,2015,9,13,1.16,74962.0,conventional,Pittsburgh
2015-09-06,2015,9,6,1.12,114217.0,conventional,Pittsburgh
2015-08-30,2015,8,30,1.37,74510.0,conventional,Pittsburgh
2015-08-23,2015,8,23,1.2,83196.0,conventional,Pittsburgh
2015-08-16,2015,8,16,1.23,87688.0,conventional,Pittsburgh
2015-08-09,2015,8,9,0.96,145930.0,conventional,Pittsburgh
2015-08-02,2015,8,2,1.43,74681.0,conventional,Pittsburgh
2015-07-26,2015,7,26,1.43,68936.0,conventional,Pittsburgh
2015-07-19,2015,7,19,1.44,73321.0,conventional,Pittsburgh
2015-07-12,2015,7,12,1.48,68847.0,conventional,Pittsburgh
2015-07-05,2015,7,5,1.23,115580.0,conventional,Pittsburgh
2015-06-28,2015,6,28,1.2,111690.0,conventional,Pittsburgh
2015-06-21,2015,6,21,1.34,88214.0,conventional,Pittsburgh
2015-06-14,2015,6,14,1.3,92713.0,conventional,Pittsburgh
2015-06-07,2015,6,7,1.33,84557.0,conventional,Pittsburgh
2015-05-31,2015,5,31,1.32,83008.0,conventional,Pittsburgh
2015-05-24,2015,5,24,1.01,181170.0,conventional,Pittsburgh
2015-05-17,2015,5,17,1.41,85406.0,conventional,Pittsburgh
2015-05-10,2015,5,10,1.46,82110.0,conventional,Pittsburgh
2015-05-03,2015,5,3,0.98,208821.0,conventional,Pittsburgh
2015-04-26,2015,4,26,1.44,79977.0,conventional,Pittsburgh
2015-04-19,2015,4,19,1.49,75775.0,conventional,Pittsburgh
2015-04-12,2015,4,12,1.5,69340.0,conventional,Pittsburgh
2015-04-05,2015,4,5,1.29,76147.0,conventional,Pittsburgh
2015-03-29,2015,3,29,1.25,69747.0,conventional,Pittsburgh
2015-03-22,2015,3,22,1.23,68500.0,conventional,Pittsburgh
2015-03-15,2015,3,15,1.23,71907.0,conventional,Pittsburgh
2015-03-08,2015,3,8,0.95,159736.0,conventional,Pittsburgh
2015-03-01,2015,3,1,1.25,65484.0,conventional,Pittsburgh
2015-02-22,2015,2,22,1.26,70345.0,conventional,Pittsburgh
2015-02-15,2015,2,15,1.43,60214.0,conventional,Pittsburgh
2015-02-08,2015,2,8,1.38,66361.0,conventional,Pittsburgh
2015-02-01,2015,2,1,1.25,112066.0,conventional,Pittsburgh
2015-01-25,2015,1,25,1.32,98723.0,conventional,Pittsburgh
2015-01-18,2015,1,18,1.47,59312.0,conventional,Pittsburgh
2015-01-11,2015,1,11,1.54,54644.0,conventional,Pittsburgh
2015-01-04,2015,1,4,1.52,54957.0,conventional,Pittsburgh
2016-12-25,2016,12,25,1.26,80689.0,conventional,Pittsburgh
2016-12-18,2016,12,18,1.02,123556.0,conventional,Pittsburgh
2016-12-11,2016,12,11,1.21,84145.0,conventional,Pittsburgh
2016-12-04,2016,12,4,1.27,80731.0,conventional,Pittsburgh
2016-11-27,2016,11,27,1.27,67449.0,conventional,Pittsburgh
2016-11-20,2016,11,20,1.27,85228.0,conventional,Pittsburgh
2016-11-13,2016,11,13,1.26,86306.0,conventional,Pittsburgh
2016-11-06,2016,11,6,1.25,92657.0,conventional,Pittsburgh
2016-10-30,2016,10,30,1.25,86821.0,conventional,Pittsburgh
2016-10-23,2016,10,23,1.3,90369.0,conventional,Pittsburgh
2016-10-16,2016,10,16,1.27,87503.0,conventional,Pittsburgh
2016-10-09,2016,10,9,1.29,89506.0,conventional,Pittsburgh
2016-10-02,2016,10,2,1.3,92484.0,conventional,Pittsburgh
2016-09-25,2016,9,25,1.01,165178.0,conventional,Pittsburgh
2016-09-18,2016,9,18,1.27,91299.0,conventional,Pittsburgh
2016-09-11,2016,9,11,1.33,80207.0,conventional,Pittsburgh
2016-09-04,2016,9,4,1.23,93888.0,conventional,Pittsburgh
2016-08-28,2016,8,28,1.4,89248.0,conventional,Pittsburgh
2016-08-21,2016,8,21,1.42,89949.0,conventional,Pittsburgh
2016-08-14,2016,8,14,1.42,93416.0,conventional,Pittsburgh
2016-08-07,2016,8,7,1.37,97960.0,conventional,Pittsburgh
2016-07-31,2016,7,31,1.42,94553.0,conventional,Pittsburgh
2016-07-24,2016,7,24,1.35,104421.0,conventional,Pittsburgh
2016-07-17,2016,7,17,1.25,113656.0,conventional,Pittsburgh
2016-07-10,2016,7,10,1.29,111915.0,conventional,Pittsburgh
2016-07-03,2016,7,3,1.36,128115.0,conventional,Pittsburgh
2016-06-26,2016,6,26,1.39,110772.0,conventional,Pittsburgh
2016-06-19,2016,6,19,1.42,104128.0,conventional,Pittsburgh
2016-06-12,2016,6,12,1.41,102413.0,conventional,Pittsburgh
2016-06-05,2016,6,5,1.38,111138.0,conventional,Pittsburgh
2016-05-29,2016,5,29,1.4,117487.0,conventional,Pittsburgh
2016-05-22,2016,5,22,1.17,113858.0,conventional,Pittsburgh
2016-05-15,2016,5,15,0.87,165734.0,conventional,Pittsburgh
2016-05-08,2016,5,8,0.89,144813.0,conventional,Pittsburgh
2016-05-01,2016,5,1,0.92,169483.0,conventional,Pittsburgh
2016-04-24,2016,4,24,1.02,109421.0,conventional,Pittsburgh
2016-04-17,2016,4,17,1.17,107272.0,conventional,Pittsburgh
2016-04-10,2016,4,10,1.18,102685.0,conventional,Pittsburgh
2016-04-03,2016,4,3,1.26,87992.0,conventional,Pittsburgh
2016-03-27,2016,3,27,1.15,93608.0,conventional,Pittsburgh
2016-03-20,2016,3,20,1.17,87881.0,conventional,Pittsburgh
2016-03-13,2016,3,13,1.17,91113.0,conventional,Pittsburgh
2016-03-06,2016,3,6,1.18,99549.0,conventional,Pittsburgh
2016-02-28,2016,2,28,1.21,96484.0,conventional,Pittsburgh
2016-02-21,2016,2,21,1.23,84755.0,conventional,Pittsburgh
2016-02-14,2016,2,14,1.14,87228.0,conventional,Pittsburgh
2016-02-07,2016,2,7,1.18,105805.0,conventional,Pittsburgh
2016-01-31,2016,1,31,1.22,88552.0,conventional,Pittsburgh
2016-01-24,2016,1,24,1.2,96488.0,conventional,Pittsburgh
2016-01-17,2016,1,17,1.22,94971.0,conventional,Pittsburgh
2016-01-10,2016,1,10,1.23,110156.0,conventional,Pittsburgh
2016-01-03,2016,1,3,1.27,90522.0,conventional,Pittsburgh
2015-12-27,2015,12,27,1.1,1306923.0,conventional,Plains
2015-12-20,2015,12,20,1.13,1139862.0,conventional,Plains
2015-12-13,2015,12,13,1.02,1472501.0,conventional,Plains
2015-12-06,2015,12,6,1.08,1245290.0,conventional,Plains
2015-11-29,2015,11,29,1.11,1099646.0,conventional,Plains
2015-11-22,2015,11,22,1.1,1281613.0,conventional,Plains
2015-11-15,2015,11,15,1.09,1294867.0,conventional,Plains
2015-11-08,2015,11,8,1.12,1285587.0,conventional,Plains
2015-11-01,2015,11,1,1.12,1350092.0,conventional,Plains
2015-10-25,2015,10,25,1.11,1411355.0,conventional,Plains
2015-10-18,2015,10,18,1.12,1368888.0,conventional,Plains
2015-10-11,2015,10,11,1.05,1560846.0,conventional,Plains
2015-10-04,2015,10,4,1.14,1309246.0,conventional,Plains
2015-09-27,2015,9,27,0.99,1542658.0,conventional,Plains
2015-09-20,2015,9,20,1.16,1386952.0,conventional,Plains
2015-09-13,2015,9,13,1.13,1526985.0,conventional,Plains
2015-09-06,2015,9,6,1.12,1714650.0,conventional,Plains
2015-08-30,2015,8,30,1.13,1481150.0,conventional,Plains
2015-08-23,2015,8,23,1.06,1731575.0,conventional,Plains
2015-08-16,2015,8,16,1.08,1727852.0,conventional,Plains
2015-08-09,2015,8,9,1.14,1605914.0,conventional,Plains
2015-08-02,2015,8,2,1.13,1593031.0,conventional,Plains
2015-07-26,2015,7,26,1.04,1844887.0,conventional,Plains
2015-07-19,2015,7,19,1.09,1701987.0,conventional,Plains
2015-07-12,2015,7,12,1.07,1808842.0,conventional,Plains
2015-07-05,2015,7,5,1.06,1988312.0,conventional,Plains
2015-06-28,2015,6,28,1.08,1826182.0,conventional,Plains
2015-06-21,2015,6,21,1.08,1921720.0,conventional,Plains
2015-06-14,2015,6,14,1.06,1974806.0,conventional,Plains
2015-06-07,2015,6,7,1.04,2026464.0,conventional,Plains
2015-05-31,2015,5,31,1.09,1853451.0,conventional,Plains
2015-05-24,2015,5,24,1.03,2026640.0,conventional,Plains
2015-05-17,2015,5,17,1.06,1966712.0,conventional,Plains
2015-05-10,2015,5,10,1.03,2105831.0,conventional,Plains
2015-05-03,2015,5,3,1.01,2333239.0,conventional,Plains
2015-04-26,2015,4,26,1.13,1787072.0,conventional,Plains
2015-04-19,2015,4,19,1.12,1801957.0,conventional,Plains
2015-04-12,2015,4,12,0.97,2160086.0,conventional,Plains
2015-04-05,2015,4,5,1.13,1668243.0,conventional,Plains
2015-03-29,2015,3,29,1.08,1657405.0,conventional,Plains
2015-03-22,2015,3,22,1.09,1651115.0,conventional,Plains
2015-03-15,2015,3,15,1.1,1590080.0,conventional,Plains
2015-03-08,2015,3,8,1.11,1531086.0,conventional,Plains
2015-03-01,2015,3,1,1.09,1619341.0,conventional,Plains
2015-02-22,2015,2,22,1.08,1547969.0,conventional,Plains
2015-02-15,2015,2,15,1.05,1507822.0,conventional,Plains
2015-02-08,2015,2,8,0.98,1794544.0,conventional,Plains
2015-02-01,2015,2,1,0.92,2561325.0,conventional,Plains
2015-01-25,2015,1,25,1.08,1510837.0,conventional,Plains
2015-01-18,2015,1,18,1.02,1674946.0,conventional,Plains
2015-01-11,2015,1,11,1.09,1402842.0,conventional,Plains
2015-01-04,2015,1,4,1.01,1683795.0,conventional,Plains
2016-12-25,2016,12,25,1.09,1449395.0,conventional,Plains
2016-12-18,2016,12,18,1.06,1426471.0,conventional,Plains
2016-12-11,2016,12,11,1.08,1468902.0,conventional,Plains
2016-12-04,2016,12,4,1.09,1676509.0,conventional,Plains
2016-11-27,2016,11,27,1.35,1131932.0,conventional,Plains
2016-11-20,2016,11,20,1.49,1126964.0,conventional,Plains
2016-11-13,2016,11,13,1.57,1187397.0,conventional,Plains
2016-11-06,2016,11,6,1.55,1281024.0,conventional,Plains
2016-10-30,2016,10,30,1.54,1058938.0,conventional,Plains
2016-10-23,2016,10,23,1.53,1179301.0,conventional,Plains
2016-10-16,2016,10,16,1.49,1252400.0,conventional,Plains
2016-10-09,2016,10,9,1.41,1360541.0,conventional,Plains
2016-10-02,2016,10,2,1.37,1352082.0,conventional,Plains
2016-09-25,2016,9,25,1.35,1419113.0,conventional,Plains
2016-09-18,2016,9,18,1.24,1641724.0,conventional,Plains
2016-09-11,2016,9,11,1.18,1697761.0,conventional,Plains
2016-09-04,2016,9,4,1.1,1933628.0,conventional,Plains
2016-08-28,2016,8,28,1.22,1693969.0,conventional,Plains
2016-08-21,2016,8,21,1.21,1693419.0,conventional,Plains
2016-08-14,2016,8,14,1.12,1873447.0,conventional,Plains
2016-08-07,2016,8,7,1.17,1979363.0,conventional,Plains
2016-07-31,2016,7,31,1.25,1716385.0,conventional,Plains
2016-07-24,2016,7,24,1.22,1807152.0,conventional,Plains
2016-07-17,2016,7,17,1.15,1865427.0,conventional,Plains
2016-07-10,2016,7,10,1.09,2028847.0,conventional,Plains
2016-07-03,2016,7,3,1.05,2259572.0,conventional,Plains
2016-06-26,2016,6,26,1.03,2101836.0,conventional,Plains
2016-06-19,2016,6,19,0.87,2559003.0,conventional,Plains
2016-06-12,2016,6,12,1.04,2104834.0,conventional,Plains
2016-06-05,2016,6,5,0.93,2330438.0,conventional,Plains
2016-05-29,2016,5,29,0.9,2265038.0,conventional,Plains
2016-05-22,2016,5,22,0.94,2248727.0,conventional,Plains
2016-05-15,2016,5,15,0.95,2100440.0,conventional,Plains
2016-05-08,2016,5,8,0.86,2664927.0,conventional,Plains
2016-05-01,2016,5,1,0.97,2093999.0,conventional,Plains
2016-04-24,2016,4,24,0.95,2088524.0,conventional,Plains
2016-04-17,2016,4,17,0.95,2114991.0,conventional,Plains
2016-04-10,2016,4,10,1.0,1872379.0,conventional,Plains
2016-04-03,2016,4,3,1.04,1769050.0,conventional,Plains
2016-03-27,2016,3,27,1.07,1740837.0,conventional,Plains
2016-03-20,2016,3,20,0.95,1938247.0,conventional,Plains
2016-03-13,2016,3,13,0.91,2095165.0,conventional,Plains
2016-03-06,2016,3,6,1.06,1734415.0,conventional,Plains
2016-02-28,2016,2,28,1.07,1647189.0,conventional,Plains
2016-02-21,2016,2,21,1.03,1672884.0,conventional,Plains
2016-02-14,2016,2,14,0.97,1790823.0,conventional,Plains
2016-02-07,2016,2,7,0.83,2838853.0,conventional,Plains
2016-01-31,2016,1,31,1.05,1851372.0,conventional,Plains
2016-01-24,2016,1,24,1.16,1261353.0,conventional,Plains
2016-01-17,2016,1,17,1.12,1495177.0,conventional,Plains
2016-01-10,2016,1,10,1.08,1670525.0,conventional,Plains
2016-01-03,2016,1,3,0.94,2171819.0,conventional,Plains
2015-12-27,2015,12,27,0.96,98585.0,conventional,Roanoke
2015-12-20,2015,12,20,1.0,88183.0,conventional,Roanoke
2015-12-13,2015,12,13,1.01,99886.0,conventional,Roanoke
2015-12-06,2015,12,6,1.01,99520.0,conventional,Roanoke
2015-11-29,2015,11,29,1.03,73734.0,conventional,Roanoke
2015-11-22,2015,11,22,1.0,83964.0,conventional,Roanoke
2015-11-15,2015,11,15,1.0,109929.0,conventional,Roanoke
2015-11-08,2015,11,8,1.01,114125.0,conventional,Roanoke
2015-11-01,2015,11,1,1.0,116799.0,conventional,Roanoke
2015-10-25,2015,10,25,0.99,110896.0,conventional,Roanoke
2015-10-18,2015,10,18,0.98,117517.0,conventional,Roanoke
2015-10-11,2015,10,11,1.01,118010.0,conventional,Roanoke
2015-10-04,2015,10,4,1.04,114487.0,conventional,Roanoke
2015-09-27,2015,9,27,1.01,109275.0,conventional,Roanoke
2015-09-20,2015,9,20,1.0,125683.0,conventional,Roanoke
2015-09-13,2015,9,13,0.99,147618.0,conventional,Roanoke
2015-09-06,2015,9,6,1.09,131198.0,conventional,Roanoke
2015-08-30,2015,8,30,1.14,114054.0,conventional,Roanoke
2015-08-23,2015,8,23,1.12,115608.0,conventional,Roanoke
2015-08-16,2015,8,16,1.13,113816.0,conventional,Roanoke
2015-08-09,2015,8,9,1.09,116318.0,conventional,Roanoke
2015-08-02,2015,8,2,1.04,122569.0,conventional,Roanoke
2015-07-26,2015,7,26,1.04,118455.0,conventional,Roanoke
2015-07-19,2015,7,19,1.04,124247.0,conventional,Roanoke
2015-07-12,2015,7,12,1.06,128054.0,conventional,Roanoke
2015-07-05,2015,7,5,1.05,147749.0,conventional,Roanoke
2015-06-28,2015,6,28,1.04,131276.0,conventional,Roanoke
2015-06-21,2015,6,21,1.05,135895.0,conventional,Roanoke
2015-06-14,2015,6,14,1.02,147634.0,conventional,Roanoke
2015-06-07,2015,6,7,1.05,139465.0,conventional,Roanoke
2015-05-31,2015,5,31,1.06,133856.0,conventional,Roanoke
2015-05-24,2015,5,24,1.07,142274.0,conventional,Roanoke
2015-05-17,2015,5,17,1.08,135281.0,conventional,Roanoke
2015-05-10,2015,5,10,1.09,141860.0,conventional,Roanoke
2015-05-03,2015,5,3,1.03,147690.0,conventional,Roanoke
2015-04-26,2015,4,26,1.09,137886.0,conventional,Roanoke
2015-04-19,2015,4,19,1.08,144665.0,conventional,Roanoke
2015-04-12,2015,4,12,1.13,129699.0,conventional,Roanoke
2015-04-05,2015,4,5,1.19,121570.0,conventional,Roanoke
2015-03-29,2015,3,29,1.13,117662.0,conventional,Roanoke
2015-03-22,2015,3,22,1.09,126536.0,conventional,Roanoke
2015-03-15,2015,3,15,1.12,119124.0,conventional,Roanoke
2015-03-08,2015,3,8,1.16,111703.0,conventional,Roanoke
2015-03-01,2015,3,1,1.11,110991.0,conventional,Roanoke
2015-02-22,2015,2,22,1.09,127856.0,conventional,Roanoke
2015-02-15,2015,2,15,1.07,136951.0,conventional,Roanoke
2015-02-08,2015,2,8,1.02,145648.0,conventional,Roanoke
2015-02-01,2015,2,1,1.0,168218.0,conventional,Roanoke
2015-01-25,2015,1,25,1.15,123070.0,conventional,Roanoke
2015-01-18,2015,1,18,1.18,112106.0,conventional,Roanoke
2015-01-11,2015,1,11,1.16,113236.0,conventional,Roanoke
2015-01-04,2015,1,4,1.13,109215.0,conventional,Roanoke
2016-12-25,2016,12,25,1.16,103804.0,conventional,Roanoke
2016-12-18,2016,12,18,1.15,93107.0,conventional,Roanoke
2016-12-11,2016,12,11,1.04,113395.0,conventional,Roanoke
2016-12-04,2016,12,4,1.17,105733.0,conventional,Roanoke
2016-11-27,2016,11,27,1.31,82819.0,conventional,Roanoke
2016-11-20,2016,11,20,1.33,99234.0,conventional,Roanoke
2016-11-13,2016,11,13,1.41,98075.0,conventional,Roanoke
2016-11-06,2016,11,6,1.39,104170.0,conventional,Roanoke
2016-10-30,2016,10,30,1.26,105608.0,conventional,Roanoke
2016-10-23,2016,10,23,1.26,107231.0,conventional,Roanoke
2016-10-16,2016,10,16,1.22,121792.0,conventional,Roanoke
2016-10-09,2016,10,9,1.23,118935.0,conventional,Roanoke
2016-10-02,2016,10,2,1.13,133182.0,conventional,Roanoke
2016-09-25,2016,9,25,1.07,142131.0,conventional,Roanoke
2016-09-18,2016,9,18,1.06,144273.0,conventional,Roanoke
2016-09-11,2016,9,11,1.02,156833.0,conventional,Roanoke
2016-09-04,2016,9,4,1.01,162358.0,conventional,Roanoke
2016-08-28,2016,8,28,1.03,155029.0,conventional,Roanoke
2016-08-21,2016,8,21,1.04,147961.0,conventional,Roanoke
2016-08-14,2016,8,14,1.04,145314.0,conventional,Roanoke
2016-08-07,2016,8,7,1.04,142168.0,conventional,Roanoke
2016-07-31,2016,7,31,1.07,143067.0,conventional,Roanoke
2016-07-24,2016,7,24,1.04,150127.0,conventional,Roanoke
2016-07-17,2016,7,17,1.04,144948.0,conventional,Roanoke
2016-07-10,2016,7,10,1.01,158962.0,conventional,Roanoke
2016-07-03,2016,7,3,0.99,164584.0,conventional,Roanoke
2016-06-26,2016,6,26,1.02,141407.0,conventional,Roanoke
2016-06-19,2016,6,19,1.0,158225.0,conventional,Roanoke
2016-06-12,2016,6,12,0.99,152149.0,conventional,Roanoke
2016-06-05,2016,6,5,0.96,151373.0,conventional,Roanoke
2016-05-29,2016,5,29,0.93,162618.0,conventional,Roanoke
2016-05-22,2016,5,22,0.9,171189.0,conventional,Roanoke
2016-05-15,2016,5,15,0.94,141716.0,conventional,Roanoke
2016-05-08,2016,5,8,0.87,184596.0,conventional,Roanoke
2016-05-01,2016,5,1,0.87,178488.0,conventional,Roanoke
2016-04-24,2016,4,24,0.91,164411.0,conventional,Roanoke
2016-04-17,2016,4,17,0.93,150910.0,conventional,Roanoke
2016-04-10,2016,4,10,0.93,133382.0,conventional,Roanoke
2016-04-03,2016,4,3,0.97,113028.0,conventional,Roanoke
2016-03-27,2016,3,27,0.96,139669.0,conventional,Roanoke
2016-03-20,2016,3,20,0.96,156284.0,conventional,Roanoke
2016-03-13,2016,3,13,0.99,139662.0,conventional,Roanoke
2016-03-06,2016,3,6,0.98,142027.0,conventional,Roanoke
2016-02-28,2016,2,28,0.99,135623.0,conventional,Roanoke
2016-02-21,2016,2,21,0.98,115876.0,conventional,Roanoke
2016-02-14,2016,2,14,0.9,159758.0,conventional,Roanoke
2016-02-07,2016,2,7,0.91,198011.0,conventional,Roanoke
2016-01-31,2016,1,31,0.99,121478.0,conventional,Roanoke
2016-01-24,2016,1,24,0.99,143015.0,conventional,Roanoke
2016-01-17,2016,1,17,0.98,157618.0,conventional,Roanoke
2016-01-10,2016,1,10,0.97,143704.0,conventional,Roanoke
2016-01-03,2016,1,3,0.91,156699.0,conventional,Roanoke
