book/content/03/data/avocado.csv
Date,Year,Month,Day,Average Price,Total Volume,Type,Region
2015-12-27,2015,12,27,0.98,403742.0,conventional,Sacramento
2015-12-20,2015,12,20,1.0,385518.0,conventional,Sacramento
2015-12-13,2015,12,13,1.0,376690.0,conventional,Sacramento
2015-12-06,2015,12,6,1.07,318280.0,conventional,Sacramento
2015-11-29,2015,11,29,0.99,347407.0,conventional,Sacramento
2015-11-22,2015,11,22,1.06,354986.0,conventional,Sacramento
2015-11-15,2015,11,15,0.94,414161.0,conventional,Sacramento
2015-11-08,2015,11,8,1.14,357133.0,conventional,Sacramento
2015-11-01,2015,11,1,1.02,532467.0,conventional,Sacramento
2015-10-25,2015,10,25,1.26,343757.0,conventional,Sacramento
2015-10-18,2015,10,18,1.28,326458.0,conventional,Sacramento
2015-10-11,2015,10,11,1.29,355472.0,conventional,Sacramento
2015-10-04,2015,10,4,1.1,377192.0,conventional,Sacramento
2015-09-27,2015,9,27,1.28,350982.0,conventional,Sacramento
2015-09-20,2015,9,20,1.25,353232.0,conventional,Sacramento
2015-09-13,2015,9,13,1.24,384193.0,conventional,Sacramento
2015-09-06,2015,9,6,1.21,466706.0,conventional,Sacramento
2015-08-30,2015,8,30,1.3,377229.0,conventional,Sacramento
2015-08-23,2015,8,23,1.26,405275.0,conventional,Sacramento
2015-08-16,2015,8,16,1.3,401708.0,conventional,Sacramento
2015-08-09,2015,8,9,1.28,414824.0,conventional,Sacramento
2015-08-02,2015,8,2,1.33,404664.0,conventional,Sacramento
2015-07-26,2015,7,26,1.32,395472.0,conventional,Sacramento
2015-07-19,2015,7,19,1.29,404605.0,conventional,Sacramento
2015-07-12,2015,7,12,1.23,411928.0,conventional,Sacramento
2015-07-05,2015,7,5,1.26,550811.0,conventional,Sacramento
2015-06-28,2015,6,28,1.26,423984.0,conventional,Sacramento
2015-06-21,2015,6,21,1.27,422724.0,conventional,Sacramento
2015-06-14,2015,6,14,1.22,431791.0,conventional,Sacramento
2015-06-07,2015,6,7,1.18,435087.0,conventional,Sacramento
2015-05-31,2015,5,31,1.17,435724.0,conventional,Sacramento
2015-05-24,2015,5,24,1.26,403794.0,conventional,Sacramento
2015-05-17,2015,5,17,1.18,397215.0,conventional,Sacramento
2015-05-10,2015,5,10,1.14,437823.0,conventional,Sacramento
2015-05-03,2015,5,3,1.05,662034.0,conventional,Sacramento
2015-04-26,2015,4,26,1.27,366720.0,conventional,Sacramento
2015-04-19,2015,4,19,1.19,415841.0,conventional,Sacramento
2015-04-12,2015,4,12,1.24,382584.0,conventional,Sacramento
2015-04-05,2015,4,5,1.23,404334.0,conventional,Sacramento
2015-03-29,2015,3,29,1.2,391179.0,conventional,Sacramento
2015-03-22,2015,3,22,1.13,424708.0,conventional,Sacramento
2015-03-15,2015,3,15,1.22,380761.0,conventional,Sacramento
2015-03-08,2015,3,8,1.12,415148.0,conventional,Sacramento
2015-03-01,2015,3,1,1.02,452845.0,conventional,Sacramento
2015-02-22,2015,2,22,1.14,405013.0,conventional,Sacramento
2015-02-15,2015,2,15,1.13,381042.0,conventional,Sacramento
2015-02-08,2015,2,8,0.98,432572.0,conventional,Sacramento
2015-02-01,2015,2,1,1.04,771975.0,conventional,Sacramento
2015-01-25,2015,1,25,1.19,360028.0,conventional,Sacramento
2015-01-18,2015,1,18,1.22,367047.0,conventional,Sacramento
2015-01-11,2015,1,11,1.09,429492.0,conventional,Sacramento
2015-01-04,2015,1,4,1.05,430139.0,conventional,Sacramento
2016-12-25,2016,12,25,1.07,428248.0,conventional,Sacramento
2016-12-18,2016,12,18,1.04,384448.0,conventional,Sacramento
2016-12-11,2016,12,11,1.03,434567.0,conventional,Sacramento
2016-12-04,2016,12,4,1.29,315956.0,conventional,Sacramento
2016-11-27,2016,11,27,1.43,279334.0,conventional,Sacramento
2016-11-20,2016,11,20,1.53,289774.0,conventional,Sacramento
2016-11-13,2016,11,13,1.62,277735.0,conventional,Sacramento
2016-11-06,2016,11,6,1.78,266345.0,conventional,Sacramento
2016-10-30,2016,10,30,1.79,238699.0,conventional,Sacramento
2016-10-23,2016,10,23,1.59,253164.0,conventional,Sacramento
2016-10-16,2016,10,16,1.61,330213.0,conventional,Sacramento
2016-10-09,2016,10,9,1.49,370423.0,conventional,Sacramento
2016-10-02,2016,10,2,1.35,381993.0,conventional,Sacramento
2016-09-25,2016,9,25,1.34,420077.0,conventional,Sacramento
2016-09-18,2016,9,18,1.39,407814.0,conventional,Sacramento
2016-09-11,2016,9,11,1.34,432472.0,conventional,Sacramento
2016-09-04,2016,9,4,1.32,472090.0,conventional,Sacramento
2016-08-28,2016,8,28,1.33,421584.0,conventional,Sacramento
2016-08-21,2016,8,21,1.27,456755.0,conventional,Sacramento
2016-08-14,2016,8,14,1.19,512843.0,conventional,Sacramento
2016-08-07,2016,8,7,1.37,453623.0,conventional,Sacramento
2016-07-31,2016,7,31,1.4,466095.0,conventional,Sacramento
2016-07-24,2016,7,24,1.42,450896.0,conventional,Sacramento
2016-07-17,2016,7,17,1.31,471698.0,conventional,Sacramento
2016-07-10,2016,7,10,1.26,489099.0,conventional,Sacramento
2016-07-03,2016,7,3,1.24,565018.0,conventional,Sacramento
2016-06-26,2016,6,26,1.25,464446.0,conventional,Sacramento
2016-06-19,2016,6,19,1.2,508036.0,conventional,Sacramento
2016-06-12,2016,6,12,1.15,501159.0,conventional,Sacramento
2016-06-05,2016,6,5,1.17,521409.0,conventional,Sacramento
2016-05-29,2016,5,29,1.18,489338.0,conventional,Sacramento
2016-05-22,2016,5,22,1.1,488201.0,conventional,Sacramento
2016-05-15,2016,5,15,1.17,438310.0,conventional,Sacramento
2016-05-08,2016,5,8,1.0,569710.0,conventional,Sacramento
2016-05-01,2016,5,1,1.06,481861.0,conventional,Sacramento
2016-04-24,2016,4,24,1.01,529818.0,conventional,Sacramento
2016-04-17,2016,4,17,1.15,448082.0,conventional,Sacramento
2016-04-10,2016,4,10,1.15,459343.0,conventional,Sacramento
2016-04-03,2016,4,3,1.05,488548.0,conventional,Sacramento
2016-03-27,2016,3,27,1.18,458899.0,conventional,Sacramento
2016-03-20,2016,3,20,1.18,404736.0,conventional,Sacramento
2016-03-13,2016,3,13,1.14,441334.0,conventional,Sacramento
2016-03-06,2016,3,6,1.13,443387.0,conventional,Sacramento
2016-02-28,2016,2,28,1.13,439280.0,conventional,Sacramento
2016-02-21,2016,2,21,1.09,419480.0,conventional,Sacramento
2016-02-14,2016,2,14,1.04,447946.0,conventional,Sacramento
2016-02-07,2016,2,7,0.91,796524.0,conventional,Sacramento
2016-01-31,2016,1,31,1.13,434121.0,conventional,Sacramento
2016-01-24,2016,1,24,1.11,409325.0,conventional,Sacramento
2016-01-17,2016,1,17,1.11,437357.0,conventional,Sacramento
2016-01-10,2016,1,10,1.08,434239.0,conventional,Sacramento
2016-01-03,2016,1,3,0.96,512118.0,conventional,Sacramento
2015-12-27,2015,12,27,0.92,439968.0,conventional,SanDiego
2015-12-20,2015,12,20,0.94,420476.0,conventional,SanDiego
2015-12-13,2015,12,13,0.84,462548.0,conventional,SanDiego
2015-12-06,2015,12,6,0.67,565517.0,conventional,SanDiego
2015-11-29,2015,11,29,0.91,385290.0,conventional,SanDiego
2015-11-22,2015,11,22,0.98,385301.0,conventional,SanDiego
2015-11-15,2015,11,15,0.85,501838.0,conventional,SanDiego
2015-11-08,2015,11,8,0.92,492385.0,conventional,SanDiego
2015-11-01,2015,11,1,1.01,468473.0,conventional,SanDiego
2015-10-25,2015,10,25,1.08,408336.0,conventional,SanDiego
2015-10-18,2015,10,18,1.03,447663.0,conventional,SanDiego
2015-10-11,2015,10,11,0.93,492277.0,conventional,SanDiego
2015-10-04,2015,10,4,1.11,404302.0,conventional,SanDiego
2015-09-27,2015,9,27,0.93,491991.0,conventional,SanDiego
2015-09-20,2015,9,20,1.07,448488.0,conventional,SanDiego
2015-09-13,2015,9,13,1.08,464305.0,conventional,SanDiego
2015-09-06,2015,9,6,1.02,502677.0,conventional,SanDiego
2015-08-30,2015,8,30,1.04,490269.0,conventional,SanDiego
2015-08-23,2015,8,23,1.15,459471.0,conventional,SanDiego
2015-08-16,2015,8,16,1.05,514203.0,conventional,SanDiego
2015-08-09,2015,8,9,1.03,630942.0,conventional,SanDiego
2015-08-02,2015,8,2,1.07,500999.0,conventional,SanDiego
2015-07-26,2015,7,26,1.1,495344.0,conventional,SanDiego
2015-07-19,2015,7,19,1.15,462526.0,conventional,SanDiego
2015-07-12,2015,7,12,1.1,490313.0,conventional,SanDiego
2015-07-05,2015,7,5,1.05,587741.0,conventional,SanDiego
2015-06-28,2015,6,28,1.02,495309.0,conventional,SanDiego
2015-06-21,2015,6,21,0.94,594488.0,conventional,SanDiego
2015-06-14,2015,6,14,0.87,630747.0,conventional,SanDiego
2015-06-07,2015,6,7,0.89,607468.0,conventional,SanDiego
2015-05-31,2015,5,31,0.9,569415.0,conventional,SanDiego
2015-05-24,2015,5,24,1.08,477416.0,conventional,SanDiego
2015-05-17,2015,5,17,1.02,458192.0,conventional,SanDiego
2015-05-10,2015,5,10,0.85,594740.0,conventional,SanDiego
2015-05-03,2015,5,3,0.8,740760.0,conventional,SanDiego
2015-04-26,2015,4,26,1.11,435990.0,conventional,SanDiego
2015-04-19,2015,4,19,1.04,488095.0,conventional,SanDiego
2015-04-12,2015,4,12,1.01,515247.0,conventional,SanDiego
2015-04-05,2015,4,5,1.11,469884.0,conventional,SanDiego
2015-03-29,2015,3,29,1.08,450371.0,conventional,SanDiego
2015-03-22,2015,3,22,0.96,515765.0,conventional,SanDiego
2015-03-15,2015,3,15,1.06,463106.0,conventional,SanDiego
2015-03-08,2015,3,8,0.95,504284.0,conventional,SanDiego
2015-03-01,2015,3,1,0.83,572552.0,conventional,SanDiego
2015-02-22,2015,2,22,0.92,516149.0,conventional,SanDiego
2015-02-15,2015,2,15,0.94,486114.0,conventional,SanDiego
2015-02-08,2015,2,8,0.98,448395.0,conventional,SanDiego
2015-02-01,2015,2,1,0.85,692276.0,conventional,SanDiego
2015-01-25,2015,1,25,1.02,406591.0,conventional,SanDiego
2015-01-18,2015,1,18,1.01,461064.0,conventional,SanDiego
2015-01-11,2015,1,11,0.82,544667.0,conventional,SanDiego
2015-01-04,2015,1,4,0.94,461607.0,conventional,SanDiego
2016-12-25,2016,12,25,0.89,473730.0,conventional,SanDiego
2016-12-18,2016,12,18,0.9,437171.0,conventional,SanDiego
2016-12-11,2016,12,11,0.81,505123.0,conventional,SanDiego
2016-12-04,2016,12,4,0.85,499144.0,conventional,SanDiego
2016-11-27,2016,11,27,1.08,392291.0,conventional,SanDiego
2016-11-20,2016,11,20,1.25,369682.0,conventional,SanDiego
2016-11-13,2016,11,13,1.37,353829.0,conventional,SanDiego
2016-11-06,2016,11,6,1.68,292300.0,conventional,SanDiego
2016-10-30,2016,10,30,1.65,270942.0,conventional,SanDiego
2016-10-23,2016,10,23,1.32,366027.0,conventional,SanDiego
2016-10-16,2016,10,16,1.27,443368.0,conventional,SanDiego
2016-10-09,2016,10,9,1.25,473047.0,conventional,SanDiego
2016-10-02,2016,10,2,1.09,534802.0,conventional,SanDiego
2016-09-25,2016,9,25,1.05,566090.0,conventional,SanDiego
2016-09-18,2016,9,18,1.18,457197.0,conventional,SanDiego
2016-09-11,2016,9,11,1.08,498556.0,conventional,SanDiego
2016-09-04,2016,9,4,1.06,550757.0,conventional,SanDiego
2016-08-28,2016,8,28,0.9,620041.0,conventional,SanDiego
2016-08-21,2016,8,21,0.94,578630.0,conventional,SanDiego
2016-08-14,2016,8,14,1.19,499056.0,conventional,SanDiego
2016-08-07,2016,8,7,1.14,534956.0,conventional,SanDiego
2016-07-31,2016,7,31,1.16,522679.0,conventional,SanDiego
2016-07-24,2016,7,24,1.18,526657.0,conventional,SanDiego
2016-07-17,2016,7,17,1.12,519568.0,conventional,SanDiego
2016-07-10,2016,7,10,0.98,604082.0,conventional,SanDiego
2016-07-03,2016,7,3,1.04,613006.0,conventional,SanDiego
2016-06-26,2016,6,26,0.89,595918.0,conventional,SanDiego
2016-06-19,2016,6,19,0.98,573831.0,conventional,SanDiego
2016-06-12,2016,6,12,0.88,596635.0,conventional,SanDiego
2016-06-05,2016,6,5,0.83,661160.0,conventional,SanDiego
2016-05-29,2016,5,29,0.92,576543.0,conventional,SanDiego
2016-05-22,2016,5,22,0.78,569349.0,conventional,SanDiego
2016-05-15,2016,5,15,0.86,553707.0,conventional,SanDiego
2016-05-08,2016,5,8,0.78,649503.0,conventional,SanDiego
2016-05-01,2016,5,1,0.68,679213.0,conventional,SanDiego
2016-04-24,2016,4,24,0.73,623487.0,conventional,SanDiego
2016-04-17,2016,4,17,0.8,621350.0,conventional,SanDiego
2016-04-10,2016,4,10,0.84,589695.0,conventional,SanDiego
2016-04-03,2016,4,3,0.9,527115.0,conventional,SanDiego
2016-03-27,2016,3,27,0.8,615581.0,conventional,SanDiego
2016-03-20,2016,3,20,0.76,649914.0,conventional,SanDiego
2016-03-13,2016,3,13,0.84,567953.0,conventional,SanDiego
2016-03-06,2016,3,6,0.81,627398.0,conventional,SanDiego
2016-02-28,2016,2,28,0.8,585694.0,conventional,SanDiego
2016-02-21,2016,2,21,0.86,592198.0,conventional,SanDiego
2016-02-14,2016,2,14,0.79,595415.0,conventional,SanDiego
2016-02-07,2016,2,7,0.61,917661.0,conventional,SanDiego
2016-01-31,2016,1,31,0.72,643327.0,conventional,SanDiego
2016-01-24,2016,1,24,0.85,564638.0,conventional,SanDiego
2016-01-17,2016,1,17,0.79,561713.0,conventional,SanDiego
2016-01-10,2016,1,10,0.81,578611.0,conventional,SanDiego
2016-01-03,2016,1,3,0.65,719750.0,conventional,SanDiego
