book/content/03/data/avocado.csv
Date,Year,Month,Day,Average Price,Total Volume,Type,Region
2015-12-27,2015,12,27,1.05,692206.0,conventional,SanFrancisco
2015-12-20,2015,12,20,1.15,637091.0,conventional,SanFrancisco
2015-12-13,2015,12,13,1.22,616016.0,conventional,SanFrancisco
2015-12-06,2015,12,6,1.06,694982.0,conventional,SanFrancisco
2015-11-29,2015,11,29,1.05,651639.0,conventional,SanFrancisco
2015-11-22,2015,11,22,1.04,709444.0,conventional,SanFrancisco
2015-11-15,2015,11,15,0.99,775849.0,conventional,SanFrancisco
2015-11-08,2015,11,8,1.4,599884.0,conventional,SanFrancisco
2015-11-01,2015,11,1,0.97,869927.0,conventional,SanFrancisco
2015-10-25,2015,10,25,1.55,561342.0,conventional,SanFrancisco
2015-10-18,2015,10,18,1.52,586074.0,conventional,SanFrancisco
2015-10-11,2015,10,11,1.58,564457.0,conventional,SanFrancisco
2015-10-04,2015,10,4,1.04,762867.0,conventional,SanFrancisco
2015-09-27,2015,9,27,1.38,651697.0,conventional,SanFrancisco
2015-09-20,2015,9,20,1.56,578501.0,conventional,SanFrancisco
2015-09-13,2015,9,13,1.53,603841.0,conventional,SanFrancisco
2015-09-06,2015,9,6,1.54,646810.0,conventional,SanFrancisco
2015-08-30,2015,8,30,1.53,649892.0,conventional,SanFrancisco
2015-08-23,2015,8,23,1.59,610213.0,conventional,SanFrancisco
2015-08-16,2015,8,16,1.59,618238.0,conventional,SanFrancisco
2015-08-09,2015,8,9,1.56,603877.0,conventional,SanFrancisco
2015-08-02,2015,8,2,1.57,645158.0,conventional,SanFrancisco
2015-07-26,2015,7,26,1.58,628331.0,conventional,SanFrancisco
2015-07-19,2015,7,19,1.56,633327.0,conventional,SanFrancisco
2015-07-12,2015,7,12,1.39,680352.0,conventional,SanFrancisco
2015-07-05,2015,7,5,1.53,752192.0,conventional,SanFrancisco
2015-06-28,2015,6,28,1.54,646325.0,conventional,SanFrancisco
2015-06-21,2015,6,21,1.52,673721.0,conventional,SanFrancisco
2015-06-14,2015,6,14,1.51,696873.0,conventional,SanFrancisco
2015-06-07,2015,6,7,1.31,758817.0,conventional,SanFrancisco
2015-05-31,2015,5,31,1.29,764114.0,conventional,SanFrancisco
2015-05-24,2015,5,24,1.37,700411.0,conventional,SanFrancisco
2015-05-17,2015,5,17,1.32,701099.0,conventional,SanFrancisco
2015-05-10,2015,5,10,1.3,742672.0,conventional,SanFrancisco
2015-05-03,2015,5,3,1.0,1310365.0,conventional,SanFrancisco
2015-04-26,2015,4,26,1.39,680839.0,conventional,SanFrancisco
2015-04-19,2015,4,19,1.23,818817.0,conventional,SanFrancisco
2015-04-12,2015,4,12,1.33,729890.0,conventional,SanFrancisco
2015-04-05,2015,4,5,1.33,742540.0,conventional,SanFrancisco
2015-03-29,2015,3,29,1.3,742583.0,conventional,SanFrancisco
2015-03-22,2015,3,22,1.19,841724.0,conventional,SanFrancisco
2015-03-15,2015,3,15,1.26,779754.0,conventional,SanFrancisco
2015-03-08,2015,3,8,1.16,830775.0,conventional,SanFrancisco
2015-03-01,2015,3,1,0.95,1039265.0,conventional,SanFrancisco
2015-02-22,2015,2,22,1.23,776336.0,conventional,SanFrancisco
2015-02-15,2015,2,15,1.23,696515.0,conventional,SanFrancisco
2015-02-08,2015,2,8,0.92,928837.0,conventional,SanFrancisco
2015-02-01,2015,2,1,0.91,1352028.0,conventional,SanFrancisco
2015-01-25,2015,1,25,1.21,713523.0,conventional,SanFrancisco
2015-01-18,2015,1,18,1.22,753747.0,conventional,SanFrancisco
2015-01-11,2015,1,11,1.03,916451.0,conventional,SanFrancisco
2015-01-04,2015,1,4,0.99,907796.0,conventional,SanFrancisco
2016-12-25,2016,12,25,1.18,690027.0,conventional,SanFrancisco
2016-12-18,2016,12,18,1.22,643518.0,conventional,SanFrancisco
2016-12-11,2016,12,11,1.29,655428.0,conventional,SanFrancisco
2016-12-04,2016,12,4,1.52,542857.0,conventional,SanFrancisco
2016-11-27,2016,11,27,1.75,488378.0,conventional,SanFrancisco
2016-11-20,2016,11,20,1.89,510752.0,conventional,SanFrancisco
2016-11-13,2016,11,13,1.94,506544.0,conventional,SanFrancisco
2016-11-06,2016,11,6,2.07,492505.0,conventional,SanFrancisco
2016-10-30,2016,10,30,2.2,477938.0,conventional,SanFrancisco
2016-10-23,2016,10,23,1.87,411874.0,conventional,SanFrancisco
2016-10-16,2016,10,16,1.99,590535.0,conventional,SanFrancisco
2016-10-09,2016,10,9,1.82,673082.0,conventional,SanFrancisco
2016-10-02,2016,10,2,1.52,731994.0,conventional,SanFrancisco
2016-09-25,2016,9,25,1.43,860547.0,conventional,SanFrancisco
2016-09-18,2016,9,18,1.5,813576.0,conventional,SanFrancisco
2016-09-11,2016,9,11,1.43,862732.0,conventional,SanFrancisco
2016-09-04,2016,9,4,1.47,850104.0,conventional,SanFrancisco
2016-08-28,2016,8,28,1.38,812411.0,conventional,SanFrancisco
2016-08-21,2016,8,21,1.28,825338.0,conventional,SanFrancisco
2016-08-14,2016,8,14,1.03,1114834.0,conventional,SanFrancisco
2016-08-07,2016,8,7,1.49,753570.0,conventional,SanFrancisco
2016-07-31,2016,7,31,1.52,814505.0,conventional,SanFrancisco
2016-07-24,2016,7,24,1.54,817357.0,conventional,SanFrancisco
2016-07-17,2016,7,17,1.46,804072.0,conventional,SanFrancisco
2016-07-10,2016,7,10,1.4,842732.0,conventional,SanFrancisco
2016-07-03,2016,7,3,1.41,891917.0,conventional,SanFrancisco
2016-06-26,2016,6,26,1.5,749555.0,conventional,SanFrancisco
2016-06-19,2016,6,19,1.44,800921.0,conventional,SanFrancisco
2016-06-12,2016,6,12,1.45,770382.0,conventional,SanFrancisco
2016-06-05,2016,6,5,1.35,899154.0,conventional,SanFrancisco
2016-05-29,2016,5,29,1.34,891069.0,conventional,SanFrancisco
2016-05-22,2016,5,22,1.31,817923.0,conventional,SanFrancisco
2016-05-15,2016,5,15,1.37,772065.0,conventional,SanFrancisco
2016-05-08,2016,5,8,1.06,961335.0,conventional,SanFrancisco
2016-05-01,2016,5,1,0.99,1001227.0,conventional,SanFrancisco
2016-04-24,2016,4,24,1.0,1017426.0,conventional,SanFrancisco
2016-04-17,2016,4,17,1.39,786423.0,conventional,SanFrancisco
2016-04-10,2016,4,10,1.38,765652.0,conventional,SanFrancisco
2016-04-03,2016,4,3,1.12,849740.0,conventional,SanFrancisco
2016-03-27,2016,3,27,1.47,716020.0,conventional,SanFrancisco
2016-03-20,2016,3,20,1.4,739578.0,conventional,SanFrancisco
2016-03-13,2016,3,13,1.41,714002.0,conventional,SanFrancisco
2016-03-06,2016,3,6,1.29,817240.0,conventional,SanFrancisco
2016-02-28,2016,2,28,1.29,824093.0,conventional,SanFrancisco
2016-02-21,2016,2,21,1.15,799826.0,conventional,SanFrancisco
2016-02-14,2016,2,14,1.34,696959.0,conventional,SanFrancisco
2016-02-07,2016,2,7,0.89,1355047.0,conventional,SanFrancisco
2016-01-31,2016,1,31,1.27,805039.0,conventional,SanFrancisco
2016-01-24,2016,1,24,1.05,844417.0,conventional,SanFrancisco
2016-01-17,2016,1,17,1.24,732861.0,conventional,SanFrancisco
2016-01-10,2016,1,10,1.21,765840.0,conventional,SanFrancisco
2016-01-03,2016,1,3,0.93,918799.0,conventional,SanFrancisco
2015-12-27,2015,12,27,0.81,4831665.0,conventional,SouthCentral
2015-12-20,2015,12,20,0.81,4565208.0,conventional,SouthCentral
2015-12-13,2015,12,13,0.78,4869309.0,conventional,SouthCentral
2015-12-06,2015,12,6,0.76,4938526.0,conventional,SouthCentral
2015-11-29,2015,11,29,0.82,3969579.0,conventional,SouthCentral
2015-11-22,2015,11,22,0.8,4347511.0,conventional,SouthCentral
2015-11-15,2015,11,15,0.76,4943687.0,conventional,SouthCentral
2015-11-08,2015,11,8,0.8,4864814.0,conventional,SouthCentral
2015-11-01,2015,11,1,0.81,5072551.0,conventional,SouthCentral
2015-10-25,2015,10,25,0.86,4912068.0,conventional,SouthCentral
2015-10-18,2015,10,18,0.87,4687706.0,conventional,SouthCentral
2015-10-11,2015,10,11,0.83,5236048.0,conventional,SouthCentral
2015-10-04,2015,10,4,0.84,5201535.0,conventional,SouthCentral
2015-09-27,2015,9,27,0.87,4987381.0,conventional,SouthCentral
2015-09-20,2015,9,20,0.83,5211738.0,conventional,SouthCentral
2015-09-13,2015,9,13,0.88,5761849.0,conventional,SouthCentral
2015-09-06,2015,9,6,0.86,5979528.0,conventional,SouthCentral
2015-08-30,2015,8,30,0.87,5200253.0,conventional,SouthCentral
2015-08-23,2015,8,23,0.89,5235579.0,conventional,SouthCentral
2015-08-16,2015,8,16,0.89,5409823.0,conventional,SouthCentral
2015-08-09,2015,8,9,0.89,5353394.0,conventional,SouthCentral
2015-08-02,2015,8,2,0.9,5142336.0,conventional,SouthCentral
2015-07-26,2015,7,26,0.81,5822522.0,conventional,SouthCentral
2015-07-19,2015,7,19,0.83,5703941.0,conventional,SouthCentral
2015-07-12,2015,7,12,0.82,5544367.0,conventional,SouthCentral
2015-07-05,2015,7,5,0.83,6380288.0,conventional,SouthCentral
2015-06-28,2015,6,28,0.77,6024104.0,conventional,SouthCentral
2015-06-21,2015,6,21,0.79,6153609.0,conventional,SouthCentral
2015-06-14,2015,6,14,0.69,7281804.0,conventional,SouthCentral
2015-06-07,2015,6,7,0.75,6234006.0,conventional,SouthCentral
2015-05-31,2015,5,31,0.74,6349958.0,conventional,SouthCentral
2015-05-24,2015,5,24,0.83,5903596.0,conventional,SouthCentral
2015-05-17,2015,5,17,0.79,5831782.0,conventional,SouthCentral
2015-05-10,2015,5,10,0.79,6400341.0,conventional,SouthCentral
2015-05-03,2015,5,3,0.78,6558729.0,conventional,SouthCentral
2015-04-26,2015,4,26,0.83,5578981.0,conventional,SouthCentral
2015-04-19,2015,4,19,0.82,5593885.0,conventional,SouthCentral
2015-04-12,2015,4,12,0.8,5930073.0,conventional,SouthCentral
2015-04-05,2015,4,5,0.83,6368729.0,conventional,SouthCentral
2015-03-29,2015,3,29,0.82,5713017.0,conventional,SouthCentral
2015-03-22,2015,3,22,0.76,6008818.0,conventional,SouthCentral
2015-03-15,2015,3,15,0.79,5703759.0,conventional,SouthCentral
2015-03-08,2015,3,8,0.8,5865000.0,conventional,SouthCentral
2015-03-01,2015,3,1,0.87,5314432.0,conventional,SouthCentral
2015-02-22,2015,2,22,0.85,5208273.0,conventional,SouthCentral
2015-02-15,2015,2,15,0.8,5204972.0,conventional,SouthCentral
2015-02-08,2015,2,8,0.73,5900232.0,conventional,SouthCentral
2015-02-01,2015,2,1,0.71,6934356.0,conventional,SouthCentral
2015-01-25,2015,1,25,0.81,5142260.0,conventional,SouthCentral
2015-01-18,2015,1,18,0.79,5322626.0,conventional,SouthCentral
2015-01-11,2015,1,11,0.8,5409726.0,conventional,SouthCentral
2015-01-04,2015,1,4,0.77,5144267.0,conventional,SouthCentral
2016-12-25,2016,12,25,0.79,5630042.0,conventional,SouthCentral
2016-12-18,2016,12,18,0.72,5483208.0,conventional,SouthCentral
2016-12-11,2016,12,11,0.76,5031207.0,conventional,SouthCentral
2016-12-04,2016,12,4,0.76,5584115.0,conventional,SouthCentral
2016-11-27,2016,11,27,0.93,4064847.0,conventional,SouthCentral
2016-11-20,2016,11,20,1.06,4150511.0,conventional,SouthCentral
2016-11-13,2016,11,13,1.11,4224677.0,conventional,SouthCentral
2016-11-06,2016,11,6,1.16,4214624.0,conventional,SouthCentral
2016-10-30,2016,10,30,1.19,3733135.0,conventional,SouthCentral
2016-10-23,2016,10,23,1.09,4477595.0,conventional,SouthCentral
2016-10-16,2016,10,16,1.03,4967651.0,conventional,SouthCentral
2016-10-09,2016,10,9,1.0,5416592.0,conventional,SouthCentral
2016-10-02,2016,10,2,1.01,5006660.0,conventional,SouthCentral
2016-09-25,2016,9,25,0.98,5344837.0,conventional,SouthCentral
2016-09-18,2016,9,18,0.86,6130654.0,conventional,SouthCentral
2016-09-11,2016,9,11,0.82,6236079.0,conventional,SouthCentral
2016-09-04,2016,9,4,0.78,6802635.0,conventional,SouthCentral
2016-08-28,2016,8,28,0.84,5775722.0,conventional,SouthCentral
2016-08-21,2016,8,21,0.87,5682047.0,conventional,SouthCentral
2016-08-14,2016,8,14,0.94,5385035.0,conventional,SouthCentral
2016-08-07,2016,8,7,0.93,5647940.0,conventional,SouthCentral
2016-07-31,2016,7,31,0.98,5130900.0,conventional,SouthCentral
2016-07-24,2016,7,24,0.97,5528475.0,conventional,SouthCentral
2016-07-17,2016,7,17,0.94,5449442.0,conventional,SouthCentral
2016-07-10,2016,7,10,0.91,5646460.0,conventional,SouthCentral
2016-07-03,2016,7,3,0.91,6494533.0,conventional,SouthCentral
2016-06-26,2016,6,26,0.89,6046264.0,conventional,SouthCentral
2016-06-19,2016,6,19,0.89,6005535.0,conventional,SouthCentral
2016-06-12,2016,6,12,0.85,6195285.0,conventional,SouthCentral
2016-06-05,2016,6,5,0.83,6351401.0,conventional,SouthCentral
2016-05-29,2016,5,29,0.8,6239677.0,conventional,SouthCentral
2016-05-22,2016,5,22,0.72,6680323.0,conventional,SouthCentral
2016-05-15,2016,5,15,0.73,6728121.0,conventional,SouthCentral
2016-05-08,2016,5,8,0.72,7281887.0,conventional,SouthCentral
2016-05-01,2016,5,1,0.71,6953489.0,conventional,SouthCentral
2016-04-24,2016,4,24,0.7,6893901.0,conventional,SouthCentral
2016-04-17,2016,4,17,0.71,6657074.0,conventional,SouthCentral
2016-04-10,2016,4,10,0.73,6414263.0,conventional,SouthCentral
2016-04-03,2016,4,3,0.74,6154503.0,conventional,SouthCentral
2016-03-27,2016,3,27,0.77,6553309.0,conventional,SouthCentral
2016-03-20,2016,3,20,0.77,6276765.0,conventional,SouthCentral
2016-03-13,2016,3,13,0.79,5894070.0,conventional,SouthCentral
2016-03-06,2016,3,6,0.78,5848141.0,conventional,SouthCentral
2016-02-28,2016,2,28,0.77,5698454.0,conventional,SouthCentral
2016-02-21,2016,2,21,0.82,5108381.0,conventional,SouthCentral
2016-02-14,2016,2,14,0.7,6349602.0,conventional,SouthCentral
2016-02-07,2016,2,7,0.7,7606352.0,conventional,SouthCentral
2016-01-31,2016,1,31,0.79,5850128.0,conventional,SouthCentral
2016-01-24,2016,1,24,0.94,3898235.0,conventional,SouthCentral
2016-01-17,2016,1,17,0.81,5735627.0,conventional,SouthCentral
2016-01-10,2016,1,10,0.84,5647635.0,conventional,SouthCentral
2016-01-03,2016,1,3,0.79,5693942.0,conventional,SouthCentral
