book/content/03/data/avocado.csv
Date,Year,Month,Day,Average Price,Total Volume,Type,Region
2015-12-27,2015,12,27,0.98,3024956.0,conventional,Southeast
2015-12-20,2015,12,20,1.12,2206305.0,conventional,Southeast
2015-12-13,2015,12,13,0.96,3042588.0,conventional,Southeast
2015-12-06,2015,12,6,1.13,2205551.0,conventional,Southeast
2015-11-29,2015,11,29,0.97,2615828.0,conventional,Southeast
2015-11-22,2015,11,22,0.98,2667552.0,conventional,Southeast
2015-11-15,2015,11,15,1.16,2242688.0,conventional,Southeast
2015-11-08,2015,11,8,1.16,2197764.0,conventional,Southeast
2015-11-01,2015,11,1,0.98,3227049.0,conventional,Southeast
2015-10-25,2015,10,25,1.16,2211717.0,conventional,Southeast
2015-10-18,2015,10,18,1.15,2274639.0,conventional,Southeast
2015-10-11,2015,10,11,0.97,3179825.0,conventional,Southeast
2015-10-04,2015,10,4,0.98,3259659.0,conventional,Southeast
2015-09-27,2015,9,27,1.17,2314057.0,conventional,Southeast
2015-09-20,2015,9,20,0.96,3496412.0,conventional,Southeast
2015-09-13,2015,9,13,1.15,2486655.0,conventional,Southeast
2015-09-06,2015,9,6,0.97,3750714.0,conventional,Southeast
2015-08-30,2015,8,30,1.19,2544630.0,conventional,Southeast
2015-08-23,2015,8,23,1.16,2580705.0,conventional,Southeast
2015-08-16,2015,8,16,1.16,2766391.0,conventional,Southeast
2015-08-09,2015,8,9,1.0,3804851.0,conventional,Southeast
2015-08-02,2015,8,2,1.18,2674633.0,conventional,Southeast
2015-07-26,2015,7,26,1.15,2742950.0,conventional,Southeast
2015-07-19,2015,7,19,0.99,3810950.0,conventional,Southeast
2015-07-12,2015,7,12,1.17,2748746.0,conventional,Southeast
2015-07-05,2015,7,5,0.99,4295280.0,conventional,Southeast
2015-06-28,2015,6,28,1.14,3026048.0,conventional,Southeast
2015-06-21,2015,6,21,0.97,4019385.0,conventional,Southeast
2015-06-14,2015,6,14,1.15,3021826.0,conventional,Southeast
2015-06-07,2015,6,7,0.99,4003122.0,conventional,Southeast
2015-05-31,2015,5,31,1.17,2884508.0,conventional,Southeast
2015-05-24,2015,5,24,1.0,4298515.0,conventional,Southeast
2015-05-17,2015,5,17,1.15,2936174.0,conventional,Southeast
2015-05-10,2015,5,10,1.17,2963778.0,conventional,Southeast
2015-05-03,2015,5,3,0.97,4986271.0,conventional,Southeast
2015-04-26,2015,4,26,1.16,3011225.0,conventional,Southeast
2015-04-19,2015,4,19,1.14,2857157.0,conventional,Southeast
2015-04-12,2015,4,12,1.0,3781505.0,conventional,Southeast
2015-04-05,2015,4,5,1.08,3140456.0,conventional,Southeast
2015-03-29,2015,3,29,1.16,2558925.0,conventional,Southeast
2015-03-22,2015,3,22,0.98,3867454.0,conventional,Southeast
2015-03-15,2015,3,15,1.21,2602342.0,conventional,Southeast
2015-03-08,2015,3,8,1.18,2642582.0,conventional,Southeast
2015-03-01,2015,3,1,1.01,3633174.0,conventional,Southeast
2015-02-22,2015,2,22,1.11,2796196.0,conventional,Southeast
2015-02-15,2015,2,15,1.16,2558564.0,conventional,Southeast
2015-02-08,2015,2,8,1.11,2573974.0,conventional,Southeast
2015-02-01,2015,2,1,0.93,4924050.0,conventional,Southeast
2015-01-25,2015,1,25,1.15,2778001.0,conventional,Southeast
2015-01-18,2015,1,18,1.19,2595784.0,conventional,Southeast
2015-01-11,2015,1,11,1.18,2433296.0,conventional,Southeast
2015-01-04,2015,1,4,0.98,3204112.0,conventional,Southeast
2016-12-25,2016,12,25,0.94,3722102.0,conventional,Southeast
2016-12-18,2016,12,18,0.96,3413411.0,conventional,Southeast
2016-12-11,2016,12,11,1.21,2648135.0,conventional,Southeast
2016-12-04,2016,12,4,0.99,3941512.0,conventional,Southeast
2016-11-27,2016,11,27,1.39,2408199.0,conventional,Southeast
2016-11-20,2016,11,20,1.38,2670426.0,conventional,Southeast
2016-11-13,2016,11,13,1.37,2819889.0,conventional,Southeast
2016-11-06,2016,11,6,1.44,2590998.0,conventional,Southeast
2016-10-30,2016,10,30,1.44,2502553.0,conventional,Southeast
2016-10-23,2016,10,23,1.43,2704876.0,conventional,Southeast
2016-10-16,2016,10,16,1.24,3233029.0,conventional,Southeast
2016-10-09,2016,10,9,1.37,2885138.0,conventional,Southeast
2016-10-02,2016,10,2,1.38,3106953.0,conventional,Southeast
2016-09-25,2016,9,25,1.32,3266161.0,conventional,Southeast
2016-09-18,2016,9,18,1.11,3403999.0,conventional,Southeast
2016-09-11,2016,9,11,1.08,3431698.0,conventional,Southeast
2016-09-04,2016,9,4,0.96,4804279.0,conventional,Southeast
2016-08-28,2016,8,28,1.11,3580022.0,conventional,Southeast
2016-08-21,2016,8,21,1.11,3716887.0,conventional,Southeast
2016-08-14,2016,8,14,1.09,4230675.0,conventional,Southeast
2016-08-07,2016,8,7,1.18,3419326.0,conventional,Southeast
2016-07-31,2016,7,31,1.18,3329109.0,conventional,Southeast
2016-07-24,2016,7,24,1.17,3381733.0,conventional,Southeast
2016-07-17,2016,7,17,1.15,3408143.0,conventional,Southeast
2016-07-10,2016,7,10,1.1,3646869.0,conventional,Southeast
2016-07-03,2016,7,3,0.91,5432817.0,conventional,Southeast
2016-06-26,2016,6,26,1.09,3619364.0,conventional,Southeast
2016-06-19,2016,6,19,0.94,4665537.0,conventional,Southeast
2016-06-12,2016,6,12,1.07,3393712.0,conventional,Southeast
2016-06-05,2016,6,5,0.91,4563745.0,conventional,Southeast
2016-05-29,2016,5,29,0.92,4829487.0,conventional,Southeast
2016-05-22,2016,5,22,1.05,3416062.0,conventional,Southeast
2016-05-15,2016,5,15,0.82,5002102.0,conventional,Southeast
2016-05-08,2016,5,8,0.86,4651540.0,conventional,Southeast
2016-05-01,2016,5,1,0.75,6415228.0,conventional,Southeast
2016-04-24,2016,4,24,0.84,5062465.0,conventional,Southeast
2016-04-17,2016,4,17,1.01,3673261.0,conventional,Southeast
2016-04-10,2016,4,10,0.86,4792907.0,conventional,Southeast
2016-04-03,2016,4,3,1.04,3507226.0,conventional,Southeast
2016-03-27,2016,3,27,1.05,3242246.0,conventional,Southeast
2016-03-20,2016,3,20,1.05,3304401.0,conventional,Southeast
2016-03-13,2016,3,13,0.88,4688502.0,conventional,Southeast
2016-03-06,2016,3,6,1.07,3161231.0,conventional,Southeast
2016-02-28,2016,2,28,0.84,4740050.0,conventional,Southeast
2016-02-21,2016,2,21,1.04,3068786.0,conventional,Southeast
2016-02-14,2016,2,14,0.98,3234338.0,conventional,Southeast
2016-02-07,2016,2,7,0.62,6847219.0,conventional,Southeast
2016-01-31,2016,1,31,1.02,3318110.0,conventional,Southeast
2016-01-24,2016,1,24,0.9,3895845.0,conventional,Southeast
2016-01-17,2016,1,17,1.09,2913810.0,conventional,Southeast
2016-01-10,2016,1,10,0.93,4132192.0,conventional,Southeast
2016-01-03,2016,1,3,1.06,3280451.0,conventional,Southeast
2015-12-27,2015,12,27,1.05,67099.0,conventional,Spokane
2015-12-20,2015,12,20,1.12,61556.0,conventional,Spokane
2015-12-13,2015,12,13,0.99,67431.0,conventional,Spokane
2015-12-06,2015,12,6,0.85,100234.0,conventional,Spokane
2015-11-29,2015,11,29,1.17,51432.0,conventional,Spokane
2015-11-22,2015,11,22,1.12,56013.0,conventional,Spokane
2015-11-15,2015,11,15,1.0,84399.0,conventional,Spokane
2015-11-08,2015,11,8,1.08,63821.0,conventional,Spokane
2015-11-01,2015,11,1,1.13,60152.0,conventional,Spokane
2015-10-25,2015,10,25,1.08,66853.0,conventional,Spokane
2015-10-18,2015,10,18,1.13,60733.0,conventional,Spokane
2015-10-11,2015,10,11,0.94,88580.0,conventional,Spokane
2015-10-04,2015,10,4,0.99,77515.0,conventional,Spokane
2015-09-27,2015,9,27,1.09,63903.0,conventional,Spokane
2015-09-20,2015,9,20,1.05,79503.0,conventional,Spokane
2015-09-13,2015,9,13,1.03,78771.0,conventional,Spokane
2015-09-06,2015,9,6,1.08,67102.0,conventional,Spokane
2015-08-30,2015,8,30,1.11,61177.0,conventional,Spokane
2015-08-23,2015,8,23,1.08,84334.0,conventional,Spokane
2015-08-16,2015,8,16,1.15,72392.0,conventional,Spokane
2015-08-09,2015,8,9,1.21,70351.0,conventional,Spokane
2015-08-02,2015,8,2,1.19,74840.0,conventional,Spokane
2015-07-26,2015,7,26,1.18,71150.0,conventional,Spokane
2015-07-19,2015,7,19,1.16,77305.0,conventional,Spokane
2015-07-12,2015,7,12,1.05,86319.0,conventional,Spokane
2015-07-05,2015,7,5,1.22,91196.0,conventional,Spokane
2015-06-28,2015,6,28,1.2,81276.0,conventional,Spokane
2015-06-21,2015,6,21,1.12,84739.0,conventional,Spokane
2015-06-14,2015,6,14,1.13,88579.0,conventional,Spokane
2015-06-07,2015,6,7,1.19,79734.0,conventional,Spokane
2015-05-31,2015,5,31,1.08,82470.0,conventional,Spokane
2015-05-24,2015,5,24,1.07,92664.0,conventional,Spokane
2015-05-17,2015,5,17,1.09,77997.0,conventional,Spokane
2015-05-10,2015,5,10,1.03,95615.0,conventional,Spokane
2015-05-03,2015,5,3,0.98,108052.0,conventional,Spokane
2015-04-26,2015,4,26,1.08,80444.0,conventional,Spokane
2015-04-19,2015,4,19,1.03,91379.0,conventional,Spokane
2015-04-12,2015,4,12,1.21,64530.0,conventional,Spokane
2015-04-05,2015,4,5,1.15,73681.0,conventional,Spokane
2015-03-29,2015,3,29,1.12,74999.0,conventional,Spokane
2015-03-22,2015,3,22,1.1,74725.0,conventional,Spokane
2015-03-15,2015,3,15,1.19,71766.0,conventional,Spokane
2015-03-08,2015,3,8,1.18,69849.0,conventional,Spokane
2015-03-01,2015,3,1,1.03,88304.0,conventional,Spokane
2015-02-22,2015,2,22,1.03,85295.0,conventional,Spokane
2015-02-15,2015,2,15,1.24,57870.0,conventional,Spokane
2015-02-08,2015,2,8,1.03,74139.0,conventional,Spokane
2015-02-01,2015,2,1,0.97,135656.0,conventional,Spokane
2015-01-25,2015,1,25,1.21,64117.0,conventional,Spokane
2015-01-18,2015,1,18,1.18,69600.0,conventional,Spokane
2015-01-11,2015,1,11,1.07,70697.0,conventional,Spokane
2015-01-04,2015,1,4,1.0,84612.0,conventional,Spokane
2016-12-25,2016,12,25,1.15,69055.0,conventional,Spokane
2016-12-18,2016,12,18,0.97,78378.0,conventional,Spokane
2016-12-11,2016,12,11,0.96,91423.0,conventional,Spokane
2016-12-04,2016,12,4,1.4,59511.0,conventional,Spokane
2016-11-27,2016,11,27,1.49,49762.0,conventional,Spokane
2016-11-20,2016,11,20,1.14,81018.0,conventional,Spokane
2016-11-13,2016,11,13,1.07,99461.0,conventional,Spokane
2016-11-06,2016,11,6,1.48,61366.0,conventional,Spokane
2016-10-30,2016,10,30,1.39,51300.0,conventional,Spokane
2016-10-23,2016,10,23,1.23,79478.0,conventional,Spokane
2016-10-16,2016,10,16,1.33,68850.0,conventional,Spokane
2016-10-09,2016,10,9,1.19,76242.0,conventional,Spokane
2016-10-02,2016,10,2,0.87,131585.0,conventional,Spokane
2016-09-25,2016,9,25,1.09,86854.0,conventional,Spokane
2016-09-18,2016,9,18,1.05,74748.0,conventional,Spokane
2016-09-11,2016,9,11,0.98,83096.0,conventional,Spokane
2016-09-04,2016,9,4,1.12,83576.0,conventional,Spokane
2016-08-28,2016,8,28,1.12,83628.0,conventional,Spokane
2016-08-21,2016,8,21,1.09,87249.0,conventional,Spokane
2016-08-14,2016,8,14,1.14,83933.0,conventional,Spokane
2016-08-07,2016,8,7,1.16,89531.0,conventional,Spokane
2016-07-31,2016,7,31,1.14,83903.0,conventional,Spokane
2016-07-24,2016,7,24,1.08,82617.0,conventional,Spokane
2016-07-17,2016,7,17,0.98,92387.0,conventional,Spokane
2016-07-10,2016,7,10,1.06,90751.0,conventional,Spokane
2016-07-03,2016,7,3,1.09,97365.0,conventional,Spokane
2016-06-26,2016,6,26,1.02,90302.0,conventional,Spokane
2016-06-19,2016,6,19,0.96,91555.0,conventional,Spokane
2016-06-12,2016,6,12,0.99,93820.0,conventional,Spokane
2016-06-05,2016,6,5,0.87,125934.0,conventional,Spokane
2016-05-29,2016,5,29,0.87,109604.0,conventional,Spokane
2016-05-22,2016,5,22,0.89,100553.0,conventional,Spokane
2016-05-15,2016,5,15,0.85,111994.0,conventional,Spokane
2016-05-08,2016,5,8,0.84,127403.0,conventional,Spokane
2016-05-01,2016,5,1,0.86,116348.0,conventional,Spokane
2016-04-24,2016,4,24,0.95,95661.0,conventional,Spokane
2016-04-17,2016,4,17,0.82,131734.0,conventional,Spokane
2016-04-10,2016,4,10,0.96,103999.0,conventional,Spokane
2016-04-03,2016,4,3,0.92,98398.0,conventional,Spokane
2016-03-27,2016,3,27,0.81,110616.0,conventional,Spokane
2016-03-20,2016,3,20,1.02,83458.0,conventional,Spokane
2016-03-13,2016,3,13,0.93,94531.0,conventional,Spokane
2016-03-06,2016,3,6,0.91,101869.0,conventional,Spokane
2016-02-28,2016,2,28,0.95,92596.0,conventional,Spokane
2016-02-21,2016,2,21,0.82,112075.0,conventional,Spokane
2016-02-14,2016,2,14,0.95,81626.0,conventional,Spokane
2016-02-07,2016,2,7,0.74,154733.0,conventional,Spokane
2016-01-31,2016,1,31,1.0,88041.0,conventional,Spokane
2016-01-24,2016,1,24,0.97,89537.0,conventional,Spokane
2016-01-17,2016,1,17,0.98,100754.0,conventional,Spokane
2016-01-10,2016,1,10,0.88,111605.0,conventional,Spokane
2016-01-03,2016,1,3,0.9,113049.0,conventional,Spokane
2015-12-27,2015,12,27,1.1,152121.0,conventional,StLouis
2015-12-20,2015,12,20,1.13,135428.0,conventional,StLouis
2015-12-13,2015,12,13,0.99,166084.0,conventional,StLouis
2015-12-06,2015,12,6,1.09,147544.0,conventional,StLouis
2015-11-29,2015,11,29,1.16,129475.0,conventional,StLouis
2015-11-22,2015,11,22,1.15,134989.0,conventional,StLouis
2015-11-15,2015,11,15,1.07,160186.0,conventional,StLouis
2015-11-08,2015,11,8,1.18,148031.0,conventional,StLouis
2015-11-01,2015,11,1,1.21,152077.0,conventional,StLouis
2015-10-25,2015,10,25,1.21,151268.0,conventional,StLouis
2015-10-18,2015,10,18,1.26,143944.0,conventional,StLouis
2015-10-11,2015,10,11,1.15,159011.0,conventional,StLouis
2015-10-04,2015,10,4,1.23,151219.0,conventional,StLouis
2015-09-27,2015,9,27,1.12,175958.0,conventional,StLouis
2015-09-20,2015,9,20,1.24,165255.0,conventional,StLouis
2015-09-13,2015,9,13,1.15,200118.0,conventional,StLouis
2015-09-06,2015,9,6,1.3,180706.0,conventional,StLouis
2015-08-30,2015,8,30,1.32,164717.0,conventional,StLouis
2015-08-23,2015,8,23,1.11,202862.0,conventional,StLouis
2015-08-16,2015,8,16,0.88,290906.0,conventional,StLouis
2015-08-09,2015,8,9,1.15,200795.0,conventional,StLouis
2015-08-02,2015,8,2,1.26,184501.0,conventional,StLouis
2015-07-26,2015,7,26,1.06,216993.0,conventional,StLouis
2015-07-19,2015,7,19,1.2,204465.0,conventional,StLouis
2015-07-12,2015,7,12,1.13,233580.0,conventional,StLouis
2015-07-05,2015,7,5,1.32,224902.0,conventional,StLouis
2015-06-28,2015,6,28,1.17,217234.0,conventional,StLouis
2015-06-21,2015,6,21,1.26,198137.0,conventional,StLouis
2015-06-14,2015,6,14,1.28,203247.0,conventional,StLouis
2015-06-07,2015,6,7,1.3,194668.0,conventional,StLouis
2015-05-31,2015,5,31,1.16,247196.0,conventional,StLouis
2015-05-24,2015,5,24,1.18,236189.0,conventional,StLouis
2015-05-17,2015,5,17,1.32,186936.0,conventional,StLouis
2015-05-10,2015,5,10,1.25,218563.0,conventional,StLouis
2015-05-03,2015,5,3,1.09,275081.0,conventional,StLouis
2015-04-26,2015,4,26,1.37,178200.0,conventional,StLouis
2015-04-19,2015,4,19,1.34,184980.0,conventional,StLouis
2015-04-12,2015,4,12,1.21,214125.0,conventional,StLouis
2015-04-05,2015,4,5,1.36,159462.0,conventional,StLouis
2015-03-29,2015,3,29,1.21,198396.0,conventional,StLouis
2015-03-22,2015,3,22,1.34,163325.0,conventional,StLouis
2015-03-15,2015,3,15,1.33,157799.0,conventional,StLouis
2015-03-08,2015,3,8,1.36,147526.0,conventional,StLouis
2015-03-01,2015,3,1,1.24,179277.0,conventional,StLouis
2015-02-22,2015,2,22,1.32,156113.0,conventional,StLouis
2015-02-15,2015,2,15,1.23,169119.0,conventional,StLouis
2015-02-08,2015,2,8,1.09,214719.0,conventional,StLouis
2015-02-01,2015,2,1,1.1,308372.0,conventional,StLouis
2015-01-25,2015,1,25,1.17,176820.0,conventional,StLouis
2015-01-18,2015,1,18,1.28,170591.0,conventional,StLouis
2015-01-11,2015,1,11,1.29,164918.0,conventional,StLouis
2015-01-04,2015,1,4,1.15,198735.0,conventional,StLouis
2016-12-25,2016,12,25,1.02,132034.0,conventional,StLouis
2016-12-18,2016,12,18,0.97,137885.0,conventional,StLouis
2016-12-11,2016,12,11,1.11,117573.0,conventional,StLouis
2016-12-04,2016,12,4,1.1,118176.0,conventional,StLouis
2016-11-27,2016,11,27,1.16,100424.0,conventional,StLouis
2016-11-20,2016,11,20,1.29,99931.0,conventional,StLouis
2016-11-13,2016,11,13,1.34,128094.0,conventional,StLouis
2016-11-06,2016,11,6,1.25,139698.0,conventional,StLouis
2016-10-30,2016,10,30,1.01,128966.0,conventional,StLouis
2016-10-23,2016,10,23,0.95,184407.0,conventional,StLouis
2016-10-16,2016,10,16,1.29,124201.0,conventional,StLouis
2016-10-09,2016,10,9,1.3,125600.0,conventional,StLouis
2016-10-02,2016,10,2,1.16,140030.0,conventional,StLouis
2016-09-25,2016,9,25,1.06,165888.0,conventional,StLouis
2016-09-18,2016,9,18,1.17,147518.0,conventional,StLouis
2016-09-11,2016,9,11,1.05,182676.0,conventional,StLouis
2016-09-04,2016,9,4,1.16,151456.0,conventional,StLouis
2016-08-28,2016,8,28,1.15,133189.0,conventional,StLouis
2016-08-21,2016,8,21,1.03,184061.0,conventional,StLouis
2016-08-14,2016,8,14,0.91,230730.0,conventional,StLouis
2016-08-07,2016,8,7,0.85,268010.0,conventional,StLouis
2016-07-31,2016,7,31,1.03,214273.0,conventional,StLouis
2016-07-24,2016,7,24,0.94,255733.0,conventional,StLouis
2016-07-17,2016,7,17,0.88,261737.0,conventional,StLouis
2016-07-10,2016,7,10,0.74,314848.0,conventional,StLouis
2016-07-03,2016,7,3,0.76,348135.0,conventional,StLouis
2016-06-26,2016,6,26,0.97,236900.0,conventional,StLouis
2016-06-19,2016,6,19,0.95,254403.0,conventional,StLouis
2016-06-12,2016,6,12,0.92,251350.0,conventional,StLouis
2016-06-05,2016,6,5,0.83,284149.0,conventional,StLouis
2016-05-29,2016,5,29,0.8,245482.0,conventional,StLouis
2016-05-22,2016,5,22,0.81,279392.0,conventional,StLouis
2016-05-15,2016,5,15,0.75,290604.0,conventional,StLouis
2016-05-08,2016,5,8,0.85,263364.0,conventional,StLouis
2016-05-01,2016,5,1,0.79,256180.0,conventional,StLouis
2016-04-24,2016,4,24,0.8,233321.0,conventional,StLouis
2016-04-17,2016,4,17,0.91,197201.0,conventional,StLouis
2016-04-10,2016,4,10,0.87,218755.0,conventional,StLouis
2016-04-03,2016,4,3,0.94,179485.0,conventional,StLouis
2016-03-27,2016,3,27,0.97,156455.0,conventional,StLouis
2016-03-20,2016,3,20,0.88,195882.0,conventional,StLouis
2016-03-13,2016,3,13,0.89,172599.0,conventional,StLouis
2016-03-06,2016,3,6,0.96,185570.0,conventional,StLouis
2016-02-28,2016,2,28,0.98,173283.0,conventional,StLouis
2016-02-21,2016,2,21,1.0,207339.0,conventional,StLouis
2016-02-14,2016,2,14,0.98,165071.0,conventional,StLouis
2016-02-07,2016,2,7,0.87,271355.0,conventional,StLouis
2016-01-31,2016,1,31,1.01,219444.0,conventional,StLouis
2016-01-24,2016,1,24,1.1,167620.0,conventional,StLouis
2016-01-17,2016,1,17,1.15,167689.0,conventional,StLouis
2016-01-10,2016,1,10,1.01,218461.0,conventional,StLouis
2016-01-03,2016,1,3,1.0,213437.0,conventional,StLouis
