book/content/03/data/avocado.csv
Date,Year,Month,Day,Average Price,Total Volume,Type,Region
2015-12-27,2015,12,27,1.36,42344.0,conventional,Syracuse
2015-12-20,2015,12,20,1.36,39365.0,conventional,Syracuse
2015-12-13,2015,12,13,1.32,50385.0,conventional,Syracuse
2015-12-06,2015,12,6,1.17,50633.0,conventional,Syracuse
2015-11-29,2015,11,29,1.41,35853.0,conventional,Syracuse
2015-11-22,2015,11,22,1.38,39100.0,conventional,Syracuse
2015-11-15,2015,11,15,1.21,51726.0,conventional,Syracuse
2015-11-08,2015,11,8,1.23,55560.0,conventional,Syracuse
2015-11-01,2015,11,1,1.16,55096.0,conventional,Syracuse
2015-10-25,2015,10,25,1.26,48972.0,conventional,Syracuse
2015-10-18,2015,10,18,1.26,48655.0,conventional,Syracuse
2015-10-11,2015,10,11,1.32,45170.0,conventional,Syracuse
2015-10-04,2015,10,4,1.34,41904.0,conventional,Syracuse
2015-09-27,2015,9,27,1.16,54195.0,conventional,Syracuse
2015-09-20,2015,9,20,1.44,37046.0,conventional,Syracuse
2015-09-13,2015,9,13,1.44,43061.0,conventional,Syracuse
2015-09-06,2015,9,6,1.36,48359.0,conventional,Syracuse
2015-08-30,2015,8,30,1.2,53700.0,conventional,Syracuse
2015-08-23,2015,8,23,1.44,42934.0,conventional,Syracuse
2015-08-16,2015,8,16,1.42,44245.0,conventional,Syracuse
2015-08-09,2015,8,9,1.35,51095.0,conventional,Syracuse
2015-08-02,2015,8,2,1.48,41000.0,conventional,Syracuse
2015-07-26,2015,7,26,1.23,59947.0,conventional,Syracuse
2015-07-19,2015,7,19,1.38,59428.0,conventional,Syracuse
2015-07-12,2015,7,12,1.25,75145.0,conventional,Syracuse
2015-07-05,2015,7,5,1.45,68922.0,conventional,Syracuse
2015-06-28,2015,6,28,1.39,63939.0,conventional,Syracuse
2015-06-21,2015,6,21,1.4,60370.0,conventional,Syracuse
2015-06-14,2015,6,14,1.35,65185.0,conventional,Syracuse
2015-06-07,2015,6,7,1.22,69777.0,conventional,Syracuse
2015-05-31,2015,5,31,1.36,64840.0,conventional,Syracuse
2015-05-24,2015,5,24,1.35,61584.0,conventional,Syracuse
2015-05-17,2015,5,17,1.44,69650.0,conventional,Syracuse
2015-05-10,2015,5,10,1.34,78708.0,conventional,Syracuse
2015-05-03,2015,5,3,1.4,50591.0,conventional,Syracuse
2015-04-26,2015,4,26,1.4,48811.0,conventional,Syracuse
2015-04-19,2015,4,19,1.4,52801.0,conventional,Syracuse
2015-04-12,2015,4,12,1.36,46829.0,conventional,Syracuse
2015-04-05,2015,4,5,1.38,50016.0,conventional,Syracuse
2015-03-29,2015,3,29,1.29,52420.0,conventional,Syracuse
2015-03-22,2015,3,22,1.33,48181.0,conventional,Syracuse
2015-03-15,2015,3,15,1.36,42079.0,conventional,Syracuse
2015-03-08,2015,3,8,1.28,46199.0,conventional,Syracuse
2015-03-01,2015,3,1,1.32,47890.0,conventional,Syracuse
2015-02-22,2015,2,22,1.33,42663.0,conventional,Syracuse
2015-02-15,2015,2,15,1.35,38751.0,conventional,Syracuse
2015-02-08,2015,2,8,1.25,51557.0,conventional,Syracuse
2015-02-01,2015,2,1,1.26,57424.0,conventional,Syracuse
2015-01-25,2015,1,25,1.37,44518.0,conventional,Syracuse
2015-01-18,2015,1,18,1.4,40392.0,conventional,Syracuse
2015-01-11,2015,1,11,1.45,42017.0,conventional,Syracuse
2015-01-04,2015,1,4,1.33,41144.0,conventional,Syracuse
2016-12-25,2016,12,25,1.46,46036.0,conventional,Syracuse
2016-12-18,2016,12,18,1.42,42030.0,conventional,Syracuse
2016-12-11,2016,12,11,1.5,41911.0,conventional,Syracuse
2016-12-04,2016,12,4,1.64,50831.0,conventional,Syracuse
2016-11-27,2016,11,27,1.55,33758.0,conventional,Syracuse
2016-11-20,2016,11,20,1.61,38599.0,conventional,Syracuse
2016-11-13,2016,11,13,1.62,39271.0,conventional,Syracuse
2016-11-06,2016,11,6,1.59,38869.0,conventional,Syracuse
2016-10-30,2016,10,30,1.56,33700.0,conventional,Syracuse
2016-10-23,2016,10,23,1.38,56428.0,conventional,Syracuse
2016-10-16,2016,10,16,1.36,55054.0,conventional,Syracuse
2016-10-09,2016,10,9,1.23,69594.0,conventional,Syracuse
2016-10-02,2016,10,2,1.43,53796.0,conventional,Syracuse
2016-09-25,2016,9,25,1.54,61352.0,conventional,Syracuse
2016-09-18,2016,9,18,1.46,55922.0,conventional,Syracuse
2016-09-11,2016,9,11,1.35,60993.0,conventional,Syracuse
2016-09-04,2016,9,4,1.53,51793.0,conventional,Syracuse
2016-08-28,2016,8,28,1.38,71712.0,conventional,Syracuse
2016-08-21,2016,8,21,1.44,58498.0,conventional,Syracuse
2016-08-14,2016,8,14,1.35,60212.0,conventional,Syracuse
2016-08-07,2016,8,7,1.53,60524.0,conventional,Syracuse
2016-07-31,2016,7,31,1.6,68311.0,conventional,Syracuse
2016-07-24,2016,7,24,1.5,56952.0,conventional,Syracuse
2016-07-17,2016,7,17,1.31,66907.0,conventional,Syracuse
2016-07-10,2016,7,10,1.29,84386.0,conventional,Syracuse
2016-07-03,2016,7,3,1.37,85205.0,conventional,Syracuse
2016-06-26,2016,6,26,1.43,84340.0,conventional,Syracuse
2016-06-19,2016,6,19,1.35,78212.0,conventional,Syracuse
2016-06-12,2016,6,12,1.29,79669.0,conventional,Syracuse
2016-06-05,2016,6,5,1.31,80015.0,conventional,Syracuse
2016-05-29,2016,5,29,1.36,82174.0,conventional,Syracuse
2016-05-22,2016,5,22,1.27,72636.0,conventional,Syracuse
2016-05-15,2016,5,15,1.23,71440.0,conventional,Syracuse
2016-05-08,2016,5,8,1.23,85624.0,conventional,Syracuse
2016-05-01,2016,5,1,1.31,83408.0,conventional,Syracuse
2016-04-24,2016,4,24,1.22,68819.0,conventional,Syracuse
2016-04-17,2016,4,17,1.21,70543.0,conventional,Syracuse
2016-04-10,2016,4,10,1.28,62892.0,conventional,Syracuse
2016-04-03,2016,4,3,1.03,58862.0,conventional,Syracuse
2016-03-27,2016,3,27,1.29,72427.0,conventional,Syracuse
2016-03-20,2016,3,20,1.24,72561.0,conventional,Syracuse
2016-03-13,2016,3,13,1.18,71224.0,conventional,Syracuse
2016-03-06,2016,3,6,1.36,64867.0,conventional,Syracuse
2016-02-28,2016,2,28,1.27,64337.0,conventional,Syracuse
2016-02-21,2016,2,21,1.34,65393.0,conventional,Syracuse
2016-02-14,2016,2,14,1.28,65766.0,conventional,Syracuse
2016-02-07,2016,2,7,1.28,90935.0,conventional,Syracuse
2016-01-31,2016,1,31,1.2,70175.0,conventional,Syracuse
2016-01-24,2016,1,24,1.32,64280.0,conventional,Syracuse
2016-01-17,2016,1,17,1.37,70135.0,conventional,Syracuse
2016-01-10,2016,1,10,1.36,57677.0,conventional,Syracuse
2016-01-03,2016,1,3,1.34,69201.0,conventional,Syracuse
2015-12-27,2015,12,27,0.95,27297984.0,conventional,TotalUS
2015-12-20,2015,12,20,0.98,25083647.0,conventional,TotalUS
2015-12-13,2015,12,13,0.93,28041335.0,conventional,TotalUS
2015-12-06,2015,12,6,0.89,28800397.0,conventional,TotalUS
2015-11-29,2015,11,29,0.99,22617999.0,conventional,TotalUS
2015-11-22,2015,11,22,0.96,25114228.0,conventional,TotalUS
2015-11-15,2015,11,15,0.92,28597756.0,conventional,TotalUS
2015-11-08,2015,11,8,0.97,28485716.0,conventional,TotalUS
2015-11-01,2015,11,1,0.97,31047484.0,conventional,TotalUS
2015-10-25,2015,10,25,1.04,26240072.0,conventional,TotalUS
2015-10-18,2015,10,18,0.99,29375124.0,conventional,TotalUS
2015-10-11,2015,10,11,1.0,29216198.0,conventional,TotalUS
2015-10-04,2015,10,4,1.02,28243506.0,conventional,TotalUS
2015-09-27,2015,9,27,1.03,27753508.0,conventional,TotalUS
2015-09-20,2015,9,20,1.02,29569087.0,conventional,TotalUS
2015-09-13,2015,9,13,1.03,31245836.0,conventional,TotalUS
2015-09-06,2015,9,6,1.02,33526480.0,conventional,TotalUS
2015-08-30,2015,8,30,1.07,29761638.0,conventional,TotalUS
2015-08-23,2015,8,23,1.08,29699846.0,conventional,TotalUS
2015-08-16,2015,8,16,1.05,31936856.0,conventional,TotalUS
2015-08-09,2015,8,9,1.05,33254912.0,conventional,TotalUS
2015-08-02,2015,8,2,1.09,30358468.0,conventional,TotalUS
2015-07-26,2015,7,26,1.07,30652211.0,conventional,TotalUS
2015-07-19,2015,7,19,1.07,32324648.0,conventional,TotalUS
2015-07-12,2015,7,12,1.07,31660032.0,conventional,TotalUS
2015-07-05,2015,7,5,1.04,37943670.0,conventional,TotalUS
2015-06-28,2015,6,28,1.06,32408706.0,conventional,TotalUS
2015-06-21,2015,6,21,1.02,35734614.0,conventional,TotalUS
2015-06-14,2015,6,14,0.98,37026086.0,conventional,TotalUS
2015-06-07,2015,6,7,1.0,36549996.0,conventional,TotalUS
2015-05-31,2015,5,31,1.03,33720159.0,conventional,TotalUS
2015-05-24,2015,5,24,1.04,35344183.0,conventional,TotalUS
2015-05-17,2015,5,17,1.06,32027686.0,conventional,TotalUS
2015-05-10,2015,5,10,1.02,36400887.0,conventional,TotalUS
2015-05-03,2015,5,3,0.96,41291704.0,conventional,TotalUS
2015-04-26,2015,4,26,1.07,30894158.0,conventional,TotalUS
2015-04-19,2015,4,19,1.03,33091256.0,conventional,TotalUS
2015-04-12,2015,4,12,1.02,32046402.0,conventional,TotalUS
2015-04-05,2015,4,5,1.06,31500669.0,conventional,TotalUS
2015-03-29,2015,3,29,1.04,29982648.0,conventional,TotalUS
2015-03-22,2015,3,22,1.01,32513551.0,conventional,TotalUS
2015-03-15,2015,3,15,1.04,29572226.0,conventional,TotalUS
2015-03-08,2015,3,8,1.02,30094699.0,conventional,TotalUS
2015-03-01,2015,3,1,0.97,32994014.0,conventional,TotalUS
2015-02-22,2015,2,22,1.02,29936730.0,conventional,TotalUS
2015-02-15,2015,2,15,1.03,28012521.0,conventional,TotalUS
2015-02-08,2015,2,8,0.95,32137333.0,conventional,TotalUS
2015-02-01,2015,2,1,0.89,44655462.0,conventional,TotalUS
2015-01-25,2015,1,25,1.04,28470311.0,conventional,TotalUS
2015-01-18,2015,1,18,1.03,29043459.0,conventional,TotalUS
2015-01-11,2015,1,11,1.01,29063543.0,conventional,TotalUS
2015-01-04,2015,1,4,0.95,31324278.0,conventional,TotalUS
2016-12-25,2016,12,25,1.0,30287854.0,conventional,TotalUS
2016-12-18,2016,12,18,0.96,29583883.0,conventional,TotalUS
2016-12-11,2016,12,11,0.98,30093541.0,conventional,TotalUS
2016-12-04,2016,12,4,1.0,31621222.0,conventional,TotalUS
2016-11-27,2016,11,27,1.21,22923063.0,conventional,TotalUS
2016-11-20,2016,11,20,1.27,24989703.0,conventional,TotalUS
2016-11-13,2016,11,13,1.36,24075126.0,conventional,TotalUS
2016-11-06,2016,11,6,1.44,22534698.0,conventional,TotalUS
2016-10-30,2016,10,30,1.43,21009730.0,conventional,TotalUS
2016-10-23,2016,10,23,1.34,24753514.0,conventional,TotalUS
2016-10-16,2016,10,16,1.3,27707047.0,conventional,TotalUS
2016-10-09,2016,10,9,1.27,28857582.0,conventional,TotalUS
2016-10-02,2016,10,2,1.23,29615008.0,conventional,TotalUS
2016-09-25,2016,9,25,1.22,30305113.0,conventional,TotalUS
2016-09-18,2016,9,18,1.15,31346091.0,conventional,TotalUS
2016-09-11,2016,9,11,1.08,34126731.0,conventional,TotalUS
2016-09-04,2016,9,4,1.04,37130689.0,conventional,TotalUS
2016-08-28,2016,8,28,1.09,33993931.0,conventional,TotalUS
2016-08-21,2016,8,21,1.1,33592098.0,conventional,TotalUS
2016-08-14,2016,8,14,1.12,34386177.0,conventional,TotalUS
2016-08-07,2016,8,7,1.15,33819909.0,conventional,TotalUS
2016-07-31,2016,7,31,1.23,31201590.0,conventional,TotalUS
2016-07-24,2016,7,24,1.2,32339377.0,conventional,TotalUS
2016-07-17,2016,7,17,1.15,32656124.0,conventional,TotalUS
2016-07-10,2016,7,10,1.1,35567568.0,conventional,TotalUS
2016-07-03,2016,7,3,1.06,39993186.0,conventional,TotalUS
2016-06-26,2016,6,26,1.04,36617024.0,conventional,TotalUS
2016-06-19,2016,6,19,1.02,38489936.0,conventional,TotalUS
2016-06-12,2016,6,12,1.04,35580820.0,conventional,TotalUS
2016-06-05,2016,6,5,0.97,40231260.0,conventional,TotalUS
2016-05-29,2016,5,29,0.94,40019075.0,conventional,TotalUS
2016-05-22,2016,5,22,0.93,36958036.0,conventional,TotalUS
2016-05-15,2016,5,15,0.89,39914997.0,conventional,TotalUS
2016-05-08,2016,5,8,0.82,46324530.0,conventional,TotalUS
2016-05-01,2016,5,1,0.84,42867609.0,conventional,TotalUS
2016-04-24,2016,4,24,0.87,39607695.0,conventional,TotalUS
2016-04-17,2016,4,17,0.9,37467885.0,conventional,TotalUS
2016-04-10,2016,4,10,0.9,36584029.0,conventional,TotalUS
2016-04-03,2016,4,3,0.94,33668451.0,conventional,TotalUS
2016-03-27,2016,3,27,0.94,35930196.0,conventional,TotalUS
2016-03-20,2016,3,20,0.93,36335484.0,conventional,TotalUS
2016-03-13,2016,3,13,0.93,36374516.0,conventional,TotalUS
2016-03-06,2016,3,6,0.95,35064506.0,conventional,TotalUS
2016-02-28,2016,2,28,0.91,36801818.0,conventional,TotalUS
2016-02-21,2016,2,21,0.94,32804733.0,conventional,TotalUS
2016-02-14,2016,2,14,0.88,36476442.0,conventional,TotalUS
2016-02-07,2016,2,7,0.76,52288698.0,conventional,TotalUS
2016-01-31,2016,1,31,0.93,34721250.0,conventional,TotalUS
2016-01-24,2016,1,24,0.95,32787079.0,conventional,TotalUS
2016-01-17,2016,1,17,0.94,34426342.0,conventional,TotalUS
2016-01-10,2016,1,10,0.93,35264336.0,conventional,TotalUS
2016-01-03,2016,1,3,0.86,38142088.0,conventional,TotalUS
2015-12-27,2015,12,27,0.83,5291980.0,conventional,West
2015-12-20,2015,12,20,0.88,4737649.0,conventional,West
2015-12-13,2015,12,13,0.85,4899440.0,conventional,West
2015-12-06,2015,12,6,0.75,6202514.0,conventional,West
2015-11-29,2015,11,29,0.99,3719603.0,conventional,West
2015-11-22,2015,11,22,0.92,4481990.0,conventional,West
2015-11-15,2015,11,15,0.83,5972494.0,conventional,West
2015-11-08,2015,11,8,0.88,5094838.0,conventional,West
2015-11-01,2015,11,1,0.9,5024858.0,conventional,West
2015-10-25,2015,10,25,0.95,4945836.0,conventional,West
2015-10-18,2015,10,18,0.89,5413533.0,conventional,West
2015-10-11,2015,10,11,0.91,5534451.0,conventional,West
2015-10-04,2015,10,4,1.0,4895486.0,conventional,West
2015-09-27,2015,9,27,0.97,4792868.0,conventional,West
2015-09-20,2015,9,20,0.92,5596091.0,conventional,West
2015-09-13,2015,9,13,0.92,5811260.0,conventional,West
2015-09-06,2015,9,6,0.93,5900752.0,conventional,West
2015-08-30,2015,8,30,1.03,5138257.0,conventional,West
2015-08-23,2015,8,23,1.04,5197578.0,conventional,West
2015-08-16,2015,8,16,0.98,5718139.0,conventional,West
2015-08-09,2015,8,9,1.01,5531488.0,conventional,West
2015-08-02,2015,8,2,1.02,5451041.0,conventional,West
2015-07-26,2015,7,26,1.07,5126589.0,conventional,West
2015-07-19,2015,7,19,1.04,5525299.0,conventional,West
2015-07-12,2015,7,12,1.01,5791509.0,conventional,West
2015-07-05,2015,7,5,0.98,6749081.0,conventional,West
2015-06-28,2015,6,28,1.03,5617752.0,conventional,West
2015-06-21,2015,6,21,0.93,6478952.0,conventional,West
2015-06-14,2015,6,14,0.92,6760002.0,conventional,West
2015-06-07,2015,6,7,0.92,6669221.0,conventional,West
2015-05-31,2015,5,31,0.93,5874982.0,conventional,West
2015-05-24,2015,5,24,0.93,6139160.0,conventional,West
2015-05-17,2015,5,17,0.98,5338992.0,conventional,West
2015-05-10,2015,5,10,0.94,6323725.0,conventional,West
2015-05-03,2015,5,3,0.89,6937096.0,conventional,West
2015-04-26,2015,4,26,0.9,6013312.0,conventional,West
2015-04-19,2015,4,19,0.88,6612422.0,conventional,West
2015-04-12,2015,4,12,0.98,5609471.0,conventional,West
2015-04-05,2015,4,5,0.95,5929719.0,conventional,West
2015-03-29,2015,3,29,0.93,5719898.0,conventional,West
2015-03-22,2015,3,22,0.99,5368331.0,conventional,West
2015-03-15,2015,3,15,0.94,5572582.0,conventional,West
2015-03-08,2015,3,8,0.99,5382694.0,conventional,West
2015-03-01,2015,3,1,0.95,5840743.0,conventional,West
2015-02-22,2015,2,22,0.95,5939403.0,conventional,West
2015-02-15,2015,2,15,0.98,5026689.0,conventional,West
2015-02-08,2015,2,8,0.89,5949846.0,conventional,West
2015-02-01,2015,2,1,0.84,8362504.0,conventional,West
2015-01-25,2015,1,25,0.94,5461314.0,conventional,West
2015-01-18,2015,1,18,0.96,5475363.0,conventional,West
2015-01-11,2015,1,11,0.95,5333098.0,conventional,West
2015-01-04,2015,1,4,0.89,5794411.0,conventional,West
2016-12-25,2016,12,25,0.92,5720080.0,conventional,West
2016-12-18,2016,12,18,0.88,5618429.0,conventional,West
2016-12-11,2016,12,11,0.84,6648834.0,conventional,West
2016-12-04,2016,12,4,0.93,5919532.0,conventional,West
2016-11-27,2016,11,27,1.09,4187551.0,conventional,West
2016-11-20,2016,11,20,1.1,4944374.0,conventional,West
2016-11-13,2016,11,13,1.18,4864100.0,conventional,West
2016-11-06,2016,11,6,1.26,4245702.0,conventional,West
2016-10-30,2016,10,30,1.26,3852440.0,conventional,West
2016-10-23,2016,10,23,1.17,4760018.0,conventional,West
2016-10-16,2016,10,16,1.15,5308225.0,conventional,West
2016-10-09,2016,10,9,1.13,5374797.0,conventional,West
2016-10-02,2016,10,2,1.03,6079587.0,conventional,West
2016-09-25,2016,9,25,1.08,5338133.0,conventional,West
2016-09-18,2016,9,18,1.04,5474122.0,conventional,West
2016-09-11,2016,9,11,0.96,6097780.0,conventional,West
2016-09-04,2016,9,4,0.92,6676702.0,conventional,West
2016-08-28,2016,8,28,0.96,6114188.0,conventional,West
2016-08-21,2016,8,21,0.93,6290165.0,conventional,West
2016-08-14,2016,8,14,1.0,6127060.0,conventional,West
2016-08-07,2016,8,7,0.95,6596769.0,conventional,West
2016-07-31,2016,7,31,1.1,5463800.0,conventional,West
2016-07-24,2016,7,24,1.08,5556043.0,conventional,West
2016-07-17,2016,7,17,1.02,5787378.0,conventional,West
2016-07-10,2016,7,10,1.01,6487363.0,conventional,West
2016-07-03,2016,7,3,0.97,6817643.0,conventional,West
2016-06-26,2016,6,26,0.87,6862241.0,conventional,West
2016-06-19,2016,6,19,0.86,6964846.0,conventional,West
2016-06-12,2016,6,12,0.92,6216040.0,conventional,West
2016-06-05,2016,6,5,0.82,7637424.0,conventional,West
2016-05-29,2016,5,29,0.79,7568132.0,conventional,West
2016-05-22,2016,5,22,0.83,6642112.0,conventional,West
2016-05-15,2016,5,15,0.77,7486622.0,conventional,West
2016-05-08,2016,5,8,0.75,8706859.0,conventional,West
2016-05-01,2016,5,1,0.79,7158301.0,conventional,West
2016-04-24,2016,4,24,0.78,6746175.0,conventional,West
2016-04-17,2016,4,17,0.77,7592474.0,conventional,West
2016-04-10,2016,4,10,0.79,7275843.0,conventional,West
2016-04-03,2016,4,3,0.79,6645739.0,conventional,West
2016-03-27,2016,3,27,0.78,7081399.0,conventional,West
2016-03-20,2016,3,20,0.78,6938295.0,conventional,West
2016-03-13,2016,3,13,0.81,6725483.0,conventional,West
2016-03-06,2016,3,6,0.8,6903293.0,conventional,West
2016-02-28,2016,2,28,0.78,7193897.0,conventional,West
2016-02-21,2016,2,21,0.77,7047624.0,conventional,West
2016-02-14,2016,2,14,0.78,6774726.0,conventional,West
2016-02-07,2016,2,7,0.69,9718439.0,conventional,West
2016-01-31,2016,1,31,0.85,6331954.0,conventional,West
2016-01-24,2016,1,24,0.78,6118107.0,conventional,West
2016-01-17,2016,1,17,0.81,7221572.0,conventional,West
2016-01-10,2016,1,10,0.77,7438253.0,conventional,West
2016-01-03,2016,1,3,0.73,7707712.0,conventional,West
