book/content/03/data/avocado.csv
Date,Year,Month,Day,Average Price,Total Volume,Type,Region
2015-12-27,2015,12,27,0.71,776404.0,conventional,WestTexNewMexico
2015-12-20,2015,12,20,0.83,649886.0,conventional,WestTexNewMexico
2015-12-13,2015,12,13,0.78,646042.0,conventional,WestTexNewMexico
2015-12-06,2015,12,6,0.74,623232.0,conventional,WestTexNewMexico
2015-11-29,2015,11,29,0.81,519028.0,conventional,WestTexNewMexico
2015-11-22,2015,11,22,0.78,615077.0,conventional,WestTexNewMexico
2015-11-15,2015,11,15,0.71,732695.0,conventional,WestTexNewMexico
2015-11-08,2015,11,8,0.76,661406.0,conventional,WestTexNewMexico
2015-11-01,2015,11,1,0.8,592116.0,conventional,WestTexNewMexico
2015-10-25,2015,10,25,0.82,635874.0,conventional,WestTexNewMexico
2015-10-18,2015,10,18,0.81,681501.0,conventional,WestTexNewMexico
2015-10-11,2015,10,11,0.89,638486.0,conventional,WestTexNewMexico
2015-10-04,2015,10,4,0.85,649050.0,conventional,WestTexNewMexico
2015-09-27,2015,9,27,0.79,714977.0,conventional,WestTexNewMexico
2015-09-20,2015,9,20,0.78,746250.0,conventional,WestTexNewMexico
2015-09-13,2015,9,13,0.75,829728.0,conventional,WestTexNewMexico
2015-09-06,2015,9,6,0.8,790421.0,conventional,WestTexNewMexico
2015-08-30,2015,8,30,0.82,750669.0,conventional,WestTexNewMexico
2015-08-23,2015,8,23,0.8,740214.0,conventional,WestTexNewMexico
2015-08-16,2015,8,16,0.77,815639.0,conventional,WestTexNewMexico
2015-08-09,2015,8,9,0.74,885884.0,conventional,WestTexNewMexico
2015-08-02,2015,8,2,0.79,795372.0,conventional,WestTexNewMexico
2015-07-26,2015,7,26,0.81,777883.0,conventional,WestTexNewMexico
2015-07-19,2015,7,19,0.76,803340.0,conventional,WestTexNewMexico
2015-07-12,2015,7,12,0.77,754672.0,conventional,WestTexNewMexico
2015-07-05,2015,7,5,0.78,913361.0,conventional,WestTexNewMexico
2015-06-28,2015,6,28,0.71,941136.0,conventional,WestTexNewMexico
2015-06-21,2015,6,21,0.74,948943.0,conventional,WestTexNewMexico
2015-06-14,2015,6,14,0.7,1035973.0,conventional,WestTexNewMexico
2015-06-07,2015,6,7,0.68,1053998.0,conventional,WestTexNewMexico
2015-05-31,2015,5,31,0.74,887045.0,conventional,WestTexNewMexico
2015-05-24,2015,5,24,0.75,914967.0,conventional,WestTexNewMexico
2015-05-17,2015,5,17,0.7,942310.0,conventional,WestTexNewMexico
2015-05-10,2015,5,10,0.71,1019161.0,conventional,WestTexNewMexico
2015-05-03,2015,5,3,0.74,967144.0,conventional,WestTexNewMexico
2015-04-26,2015,4,26,0.74,899633.0,conventional,WestTexNewMexico
2015-04-19,2015,4,19,0.7,961001.0,conventional,WestTexNewMexico
2015-04-12,2015,4,12,0.76,840315.0,conventional,WestTexNewMexico
2015-04-05,2015,4,5,0.76,938881.0,conventional,WestTexNewMexico
2015-03-29,2015,3,29,0.74,908323.0,conventional,WestTexNewMexico
2015-03-22,2015,3,22,0.85,752576.0,conventional,WestTexNewMexico
2015-03-15,2015,3,15,0.75,827795.0,conventional,WestTexNewMexico
2015-03-08,2015,3,8,0.73,805731.0,conventional,WestTexNewMexico
2015-03-01,2015,3,1,0.84,723489.0,conventional,WestTexNewMexico
2015-02-22,2015,2,22,0.85,681410.0,conventional,WestTexNewMexico
2015-02-15,2015,2,15,0.78,743066.0,conventional,WestTexNewMexico
2015-02-08,2015,2,8,0.72,811664.0,conventional,WestTexNewMexico
2015-02-01,2015,2,1,0.71,916367.0,conventional,WestTexNewMexico
2015-01-25,2015,1,25,0.8,720801.0,conventional,WestTexNewMexico
2015-01-18,2015,1,18,0.8,729796.0,conventional,WestTexNewMexico
2015-01-11,2015,1,11,0.92,584897.0,conventional,WestTexNewMexico
2015-01-04,2015,1,4,0.75,758119.0,conventional,WestTexNewMexico
2016-12-25,2016,12,25,0.73,867993.0,conventional,WestTexNewMexico
2016-12-18,2016,12,18,0.76,790790.0,conventional,WestTexNewMexico
2016-12-11,2016,12,11,0.79,776454.0,conventional,WestTexNewMexico
2016-12-04,2016,12,4,0.85,699172.0,conventional,WestTexNewMexico
2016-11-27,2016,11,27,0.8,674185.0,conventional,WestTexNewMexico
2016-11-20,2016,11,20,0.99,670051.0,conventional,WestTexNewMexico
2016-11-13,2016,11,13,0.96,690821.0,conventional,WestTexNewMexico
2016-11-06,2016,11,6,0.99,643631.0,conventional,WestTexNewMexico
2016-10-30,2016,10,30,1.11,474481.0,conventional,WestTexNewMexico
2016-10-23,2016,10,23,1.0,620389.0,conventional,WestTexNewMexico
2016-10-16,2016,10,16,0.87,902725.0,conventional,WestTexNewMexico
2016-10-09,2016,10,9,1.05,732830.0,conventional,WestTexNewMexico
2016-10-02,2016,10,2,1.14,605034.0,conventional,WestTexNewMexico
2016-09-25,2016,9,25,1.07,598623.0,conventional,WestTexNewMexico
2016-09-18,2016,9,18,0.95,749931.0,conventional,WestTexNewMexico
2016-09-11,2016,9,11,0.73,1012039.0,conventional,WestTexNewMexico
2016-09-04,2016,9,4,0.88,863039.0,conventional,WestTexNewMexico
2016-08-28,2016,8,28,0.93,789224.0,conventional,WestTexNewMexico
2016-08-21,2016,8,21,0.92,808013.0,conventional,WestTexNewMexico
2016-08-14,2016,8,14,0.93,798987.0,conventional,WestTexNewMexico
2016-08-07,2016,8,7,0.95,816529.0,conventional,WestTexNewMexico
2016-07-31,2016,7,31,1.06,708243.0,conventional,WestTexNewMexico
2016-07-24,2016,7,24,1.03,797994.0,conventional,WestTexNewMexico
2016-07-17,2016,7,17,0.95,802834.0,conventional,WestTexNewMexico
2016-07-10,2016,7,10,0.87,979054.0,conventional,WestTexNewMexico
2016-07-03,2016,7,3,0.86,1026318.0,conventional,WestTexNewMexico
2016-06-26,2016,6,26,0.8,1028846.0,conventional,WestTexNewMexico
2016-06-19,2016,6,19,0.79,1048148.0,conventional,WestTexNewMexico
2016-06-12,2016,6,12,0.82,916959.0,conventional,WestTexNewMexico
2016-06-05,2016,6,5,0.75,1030393.0,conventional,WestTexNewMexico
2016-05-29,2016,5,29,0.77,985834.0,conventional,WestTexNewMexico
2016-05-22,2016,5,22,0.8,857842.0,conventional,WestTexNewMexico
2016-05-15,2016,5,15,0.7,901217.0,conventional,WestTexNewMexico
2016-05-08,2016,5,8,0.74,1052940.0,conventional,WestTexNewMexico
2016-05-01,2016,5,1,0.73,926206.0,conventional,WestTexNewMexico
2016-04-24,2016,4,24,0.77,859293.0,conventional,WestTexNewMexico
2016-04-17,2016,4,17,0.73,944338.0,conventional,WestTexNewMexico
2016-04-10,2016,4,10,0.77,897756.0,conventional,WestTexNewMexico
2016-04-03,2016,4,3,0.73,776233.0,conventional,WestTexNewMexico
2016-03-27,2016,3,27,0.71,936601.0,conventional,WestTexNewMexico
2016-03-20,2016,3,20,0.7,932377.0,conventional,WestTexNewMexico
2016-03-13,2016,3,13,0.72,886198.0,conventional,WestTexNewMexico
2016-03-06,2016,3,6,0.77,814615.0,conventional,WestTexNewMexico
2016-02-28,2016,2,28,0.73,824073.0,conventional,WestTexNewMexico
2016-02-21,2016,2,21,0.7,840913.0,conventional,WestTexNewMexico
2016-02-14,2016,2,14,0.7,963047.0,conventional,WestTexNewMexico
2016-02-07,2016,2,7,0.68,1198680.0,conventional,WestTexNewMexico
2016-01-31,2016,1,31,0.79,788832.0,conventional,WestTexNewMexico
2016-01-24,2016,1,24,1.12,296403.0,conventional,WestTexNewMexico
2016-01-17,2016,1,17,0.83,712937.0,conventional,WestTexNewMexico
2016-01-10,2016,1,10,0.74,781037.0,conventional,WestTexNewMexico
2016-01-03,2016,1,3,0.76,761761.0,conventional,WestTexNewMexico
